Component: ARM Compiler 5.06 update 6 (build 750) Tool: armlink [4d35ed]

==============================================================================

Section Cross References

    arch_main.o(.text) refers to uart.o(.text) for uart_printf
    arch_main.o(.text) refers to flash.o(.text) for flash_read_data
    arch_main.o(.text) refers to ali_config.o(.text) for user_data_contains_ali_data
    arch_main.o(.text) refers to rwip.o(.text) for rwip_schedule
    arch_main.o(.text) refers to oads.o(.text) for oad_updating_user_section_pro
    arch_main.o(.text) refers to icu.o(.text) for icu_get_sleep_mode
    arch_main.o(.text) refers to mesh_log.o(.text) for mesh_buffer_to_hex
    arch_main.o(.text) refers to gpio.o(.text) for gpio_init
    arch_main.o(.text) refers to emi.o(.text) for emi_init
    arch_main.o(.text) refers to timer.o(.text) for timer_init
    arch_main.o(.text) refers to intc.o(.text) for intc_init
    arch_main.o(.text) refers to led.o(.text) for light_status_init
    arch_main.o(.text) refers to rf_pn9_test.o(.text) for rw_pn9_enter
    arch_main.o(.text) refers to arch_main.o(.constdata) for .constdata
    arch_main.o(.text) refers to prf.o(.text) for prf_get_id_from_task
    arch_main.o(.text) refers to rwble_hl.o(.text) for rwble_hl_reset
    arch_main.o(.text) refers to lld_adv_test.o(.text) for lld_adv_test_rx_isr_cb
    arch_main.o(.text) refers to arch_main.o(.bss) for .bss
    arch_main.o(.text) refers to arch_main.o(.conststring) for .conststring
    arch_main.o(.text) refers to boot_handlers.o(SYS_BOOT) for boot_stack_base_UNUSED
    boot_handlers.o(SYS_BOOT) refers to __main.o(!!!main) for __main
    boot_handlers.o(SYS_BOOT) refers to boot_handlers.o(Myheap) for bottom_of_heap
    boot_vectors.o(SYS_BOOT) refers to boot_handlers.o(SYS_BOOT) for sys_Reset
    boot_vectors.o(SYS_BOOT) refers to intc.o(sys_irq_entry) for SYSirq_IRQ_Handler
    boot_vectors.o(SYS_BOOT) refers to intc.o(sys_fiq_entry) for SYSirq_FIQ_Handler
    mesh_log.o(.text) refers to mesh_log.o(.bss) for .bss
    mesh_log.o(.text) refers to mesh_log.o(.constdata) for .constdata
    rwble.o(.text) refers to lld_adv_test.o(.text) for lld_adv_test_init
    rwble.o(.text) refers to rwip.o(.text) for rwip_wakeup
    rwble.o(.text) refers to wdt.o(.text) for wdt_feed
    rwble.o(.text) refers to arch_main.o(.text) for assert_param
    rwip.o(.text) refers to rf_xvr.o(.text) for rf_init
    rwip.o(.text) refers to arch_main.o(.text) for rwip_eif_get
    rwip.o(.text) refers to rwble_hl.o(.text) for rwble_hl_init
    rwip.o(.text) refers to rwble.o(.text) for rwble_init
    rwip.o(.text) refers to app.o(.text) for appm_init
    rwip.o(.text) refers to uart.o(.text) for check_uart_stop
    rwip.o(.text) refers to wdt.o(.text) for wdt_feed
    rwip.o(.text) refers to rwip.o(.bss) for .bss
    rwip.o(.text) refers to rwip.o(ke_heap) for ke_heap
    rwip.o(.text) refers to uart.o(.data) for cur_read_buf_idx
    icu.o(.text) refers to icu.o(.data) for .data
    icu.o(.text) refers to rf_xvr.o(.bss) for XVR_ANALOG_REG_BAK
    intc.o(.text) refers to icu.o(.text) for cpu_wakeup
    intc.o(.text) refers to uart.o(.text) for uart_isr
    intc.o(.text) refers to gpio.o(.text) for gpio_isr
    intc.o(.text) refers to pwm.o(.text) for pwm_isr
    intc.o(.text) refers to led.o(.text) for pwm6_irq_done
    intc.o(.text) refers to rwble.o(.text) for rwble_isr
    intc.o(sys_fiq_entry) refers to intc.o(.text) for FIQ_Exception
    intc.o(sys_irq_entry) refers to intc.o(.text) for IRQ_Exception
    uart.o(.text) refers to vsnprintf.o(.text) for vsnprintf
    uart.o(.text) refers to arch_main.o(.text) for assert_err
    uart.o(.text) refers to uart.o(.data) for .data
    uart.o(.text) refers to uart.o(.bss) for .bss
    uart.o(.text) refers to rf_pn9_test.o(.text) for pn9_test_process
    flash.o(.text) refers to uart.o(.text) for uart_printf
    flash.o(.text) refers to flash.o(.data) for .data
    flash.o(.text) refers to flash.o(.bss) for .bss
    rf_xvr.o(.text) refers to rf_xvr.o(.bss) for .bss
    wdt.o(.text) refers to wdt.o(.data) for .data
    gpio.o(.text) refers to gpio.o(.data) for .data
    gpio.o(.text) refers to gpio.o(.bss) for .bss
    pwm.o(.text) refers to pwm.o(.bss) for .bss
    bass.o(.text) refers to arch_main.o(.text) for assert_err
    bass.o(.text) refers to prf.o(.text) for prf_env_get
    bass.o(.text) refers to bass.o(.constdata) for .constdata
    bass.o(.text) refers to bass_task.o(.constdata) for bass_default_handler
    bass.o(.constdata) refers to bass.o(.text) for bass_init
    bass_task.o(.text) refers to prf.o(.text) for prf_env_get
    bass_task.o(.text) refers to bass.o(.text) for bass_exe_operation
    bass_task.o(.text) refers to prf_utils.o(.text) for prf_pack_char_pres_fmt
    bass_task.o(.constdata) refers to bass_task.o(.text) for bass_enable_req_handler
    bass_task.o(.constdata) refers to bass_task.o(.constdata) for bass_default_state
[...]
    oad_calcuCrc                             0x00400cd8   Data           4  m_fnd_fw_update.o(.data)
    p_APB_XVER_ADDR                          0x00400cec   Data           4  rf_pn9_test.o(.data)
    tx_rsp_buffer                            0x00400cf0   Data           7  rf_pn9_test.o(.data)
    rx_rsp_buffer                            0x00400cf7   Data           7  rf_pn9_test.o(.data)
    error_cmd_rsp                            0x00400cfe   Data           7  rf_pn9_test.o(.data)
    test_end_rsp_buffer                      0x00400d05   Data           9  rf_pn9_test.o(.data)
    is_evt_end_isr                           0x00400d0e   Data           1  lld_adv_test.o(.data)
    lld_scan_act_id                          0x00400d0f   Data           1  lld_adv_test.o(.data)
    lld_scan_win_size                        0x00400d10   Data           1  lld_adv_test.o(.data)
    p_mal_env                                0x00400d14   Data           4  mal.o(.data)
    p_m_bearer_env                           0x00400d24   Data           4  m_bearer.o(.data)
    p_m_lay_proxy_env                        0x00400d30   Data           4  m_lay_proxy.o(.data)
    link_open_dis                            0x00400d34   Data           1  m_prov.o(.data)
    p_m_prov_env                             0x00400d38   Data           4  m_prov.o(.data)
    trans_count                              0x00400d80   Data           1  m_prov_adv_trans.o(.data)
    Image$$RAM_BSS$$Base                     0x00400d84   Number         0  anon$$obj.o ABSOLUTE
    uart_api                                 0x00400d84   Data          16  arch_main.o(.bss)
    rwip_heap_env                            0x00400e28   Data         924  rwip.o(.bss)
    rwip_heap_db                             0x004011c4   Data       20492  rwip.o(.bss)
    rwip_heap_msg                            0x004061d0   Data        2972  rwip.o(.bss)
    uart_rx_buf                              0x00406d6c   Data         256  uart.o(.bss)
    uart_env                                 0x00406e6c   Data          44  uart.o(.bss)
    uart_buff                                0x00406e98   Data         256  uart.o(.bss)
    temp_buf                                 0x00406f98   Data         256  uart.o(.bss)
    flash_env                                0x00407098   Data          12  flash.o(.bss)
    XVR_ANALOG_REG_BAK                       0x004070a4   Data          64  rf_xvr.o(.bss)
    GPIO_CFG_BACKUP                          0x004070e4   Data          20  gpio.o(.bss)
    GPIO_DATA_BACKUP                         0x004070f8   Data          20  gpio.o(.bss)
    bsec                                     0x00407120   Data         192  oads.o(.bss)
    prf_env                                  0x004071e0   Data         240  prf.o(.bss)
    quick_onoff_timer                        0x004072d0   Data          24  app_light_ali_server.o(.bss)
    light_state_store_timer                  0x004072e8   Data          24  app_light_ali_server.o(.bss)
    light_prov_timer                         0x00407300   Data          24  app_light_ali_server.o(.bss)
    light_unbind_timer                       0x00407318   Data          24  app_light_ali_server.o(.bss)
    light_prov_timeout_timer                 0x00407330   Data          24  app_light_ali_server.o(.bss)
    ali_light_report                         0x00407348   Data          32  app_light_ali_server.o(.bss)
    app_env                                  0x00407372   Data          40  app.o(.bss)
    app_mesh_env                             0x0040739c   Data          28  app_mesh.o(.bss)
    app_mesh_unprov_dev                      0x004073b8   Data          28  app_mesh.o(.bss)
    binding_timer                            0x004073d4   Data          24  app_mesh.o(.bss)
    pwm1                                     0x00407400   Data          16  led.o(.bss)
    pwm2                                     0x00407410   Data          16  led.o(.bss)
    pwm3                                     0x00407420   Data          16  led.o(.bss)
    pwm4                                     0x00407430   Data          16  led.o(.bss)
    pwm5                                     0x00407440   Data          16  led.o(.bss)
    pwm6                                     0x00407450   Data          16  led.o(.bss)
    crc32_table                              0x00407460   Data        1024  oad_common.o(.bss)
    hdr_back                                 0x00407860   Data          16  oad_common.o(.bss)
    m_stack_param                            0x00407870   Data          48  mesh_param_int.o(.bss)
    crc_buf                                  0x004078bb   Data        4096  m_fnd_blob_transfer.o(.bss)
    lld_adv_test_env                         0x004088d8   Data         452  lld_adv_test.o(.bss)
    aes_env                                  0x00408a9c   Data          24  aes.o(.bss)
    __libspace_start                         0x00408ab4   Data          96  libspace.o(.bss)
    __temporary_stack_top$libspace           0x00408b14   Data           0  libspace.o(.bss)
    Image$$RAM_STACK_UNUSED$$Base            0x0040a4fc   Number         0  anon$$obj.o ABSOLUTE
    Image$$RAM_STACK_FIQ$$Base               0x0040a5fc   Number         0  anon$$obj.o ABSOLUTE
    Image$$RAM_STACK_IRQ$$Base               0x0040aafc   Number         0  anon$$obj.o ABSOLUTE
    Image$$RAM_STACK_SVC$$Base               0x0040affc   Number         0  anon$$obj.o ABSOLUTE
    rwip_heap_non_ret                        0x00815500   Data        9740  rwip.o(ke_heap)



==============================================================================

Memory Map of the image

  Image Entry point : 0x00023e84

  Load Region SECTIONS (Base: 0x00023e00, Size: 0x0002f814, Max: 0xffffffff, ABSOLUTE, COMPRESSED[0x0002f6f8])

    Execution Region ROM_SYS (Exec base: 0x00023e00, Load base: 0x00023e00, Size: 0x00000284, Max: 0xffffffff, ABSOLUTE)

    Exec Addr    Load Addr    Size         Type   Attr      Idx    E Section Name        Object

    0x00023e00   0x00023e00   0x0000005c   Code   RO          365  * SYS_BOOT            boot_vectors.o
    0x00023e5c   0x00023e5c   0x00000200   Code   RO          360  * SYS_BOOT            boot_handlers.o
    0x0002405c   0x0002405c   0x00000008   Ven    RO         2875    Veneer$$Code        anon$$obj.o
    0x00024064   0x00024064   0x00000008   Ven    RO         2876    Veneer$$Code        anon$$obj.o
    0x0002406c   0x0002406c   0x00000008   Ven    RO         2877    Veneer$$Code        anon$$obj.o
    0x00024074   0x00024074   0x00000008   Ven    RO         2878    Veneer$$Code        anon$$obj.o
    0x0002407c   0x0002407c   0x00000008   Ven    RO         2879    Veneer$$Code        anon$$obj.o


    Execution Region FAST_CALL_SEG (Exec base: 0x00024100, Load base: 0x00024100, Size: 0x00000030, Max: 0xffffffff, ABSOLUTE, FIXED)

    Exec Addr    Load Addr    Size         Type   Attr      Idx    E Section Name        Object

    0x00024100   0x00024100   0x00000010   Code   RO          611    sys_fiq_entry       intc.o
    0x00024110   0x00024110   0x00000010   PAD
    0x00024120   0x00024120   0x00000010   Code   RO          612    sys_irq_entry       intc.o


    Execution Region ROM (Exec base: 0x00024130, Load base: 0x00024130, Size: 0x0002f360, Max: 0xffffffff, ABSOLUTE)

    Exec Addr    Load Addr    Size         Type   Attr      Idx    E Section Name        Object

    0x00024130   0x00024130   0x00000008   Code   RO         2460  * !!!main             c_5.l(__main.o)
    0x00024138   0x00024138   0x0000003c   Code   RO         2863    !!!scatter          c_5.l(__scatter.o)
    0x00024174   0x00024174   0x0000005c   Code   RO         2861    !!dczerorl2         c_5.l(__dczerorl2.o)
    0x000241d0   0x000241d0   0x0000002c   Code   RO         2865    !!handler_zi        c_5.l(__scatter_zi.o)
    0x000241fc   0x000241fc   0x00000000   Code   RO         2600    .ARM.Collect$$_printf_percent$$00000000  c_5.l(_printf_percent.o)
    0x000241fc   0x000241fc   0x00000008   Code   RO         2589    .ARM.Collect$$_printf_percent$$00000001  c_5.l(_printf_n.o)
    0x00024204   0x00024204   0x00000008   Code   RO         2591    .ARM.Collect$$_printf_percent$$00000002  c_5.l(_printf_p.o)
    0x0002420c   0x0002420c   0x00000008   Code   RO         2596    .ARM.Collect$$_printf_percent$$00000003  c_5.l(_printf_f.o)
    0x00024214   0x00024214   0x00000008   Code   RO         2597    .ARM.Collect$$_printf_percent$$00000004  c_5.l(_printf_e.o)
    0x0002421c   0x0002421c   0x00000008   Code   RO         2598    .ARM.Collect$$_printf_percent$$00000005  c_5.l(_printf_g.o)
    0x00024224   0x00024224   0x00000008   Code   RO         2599    .ARM.Collect$$_printf_percent$$00000006  c_5.l(_printf_a.o)
    0x0002422c   0x0002422c   0x0000000c   Code   RO         2604    .ARM.Collect$$_printf_percent$$00000007  c_5.l(_printf_ll.o)
    0x00024238   0x00024238   0x00000008   Code   RO         2593    .ARM.Collect$$_printf_percent$$00000008  c_5.l(_printf_i.o)
    0x00024240   0x00024240   0x00000008   Code   RO         2594    .ARM.Collect$$_printf_percent$$00000009  c_5.l(_printf_d.o)
    0x00024248   0x00024248   0x00000008   Code   RO         2595    .ARM.Collect$$_printf_percent$$0000000A  c_5.l(_printf_u.o)
    0x00024250   0x00024250   0x00000008   Code   RO         2592    .ARM.Collect$$_printf_percent$$0000000B  c_5.l(_printf_o.o)
    0x00024258   0x00024258   0x00000008   Code   RO         2590    .ARM.Collect$$_printf_percent$$0000000C  c_5.l(_printf_x.o)
    0x00024260   0x00024260   0x00000008   Code   RO         2601    .ARM.Collect$$_printf_percent$$0000000D  c_5.l(_printf_lli.o)
    0x00024268   0x00024268   0x00000008   Code   RO         2602    .ARM.Collect$$_printf_percent$$0000000E  c_5.l(_printf_lld.o)
    0x00024270   0x00024270   0x00000008   Code   RO         2603    .ARM.Collect$$_printf_percent$$0000000F  c_5.l(_printf_llu.o)
    0x00024278   0x00024278   0x00000008   Code   RO         2608    .ARM.Collect$$_printf_percent$$00000010  c_5.l(_printf_llo.o)
    0x00024280   0x00024280   0x00000008   Code   RO         2609    .ARM.Collect$$_printf_percent$$00000011  c_5.l(_printf_llx.o)
    0x00024288   0x00024288   0x0000000c   Code   RO         2605    .ARM.Collect$$_printf_percent$$00000012  c_5.l(_printf_l.o)
    0x00024294   0x00024294   0x00000008   Code   RO         2587    .ARM.Collect$$_printf_percent$$00000013  c_5.l(_printf_c.o)
    0x0002429c   0x0002429c   0x00000008   Code   RO         2588    .ARM.Collect$$_printf_percent$$00000014  c_5.l(_printf_s.o)
    0x000242a4   0x000242a4   0x00000008   Code   RO         2606    .ARM.Collect$$_printf_percent$$00000015  c_5.l(_printf_lc.o)
    0x000242ac   0x000242ac   0x00000008   Code   RO         2607    .ARM.Collect$$_printf_percent$$00000016  c_5.l(_printf_ls.o)
    0x000242b4   0x000242b4   0x00000008   Code   RO         2667    .ARM.Collect$$_printf_percent$$00000017  c_5.l(_printf_percent_end.o)
    0x000242bc   0x000242bc   0x00000002   Code   RO         2722    .ARM.Collect$$libinit$$00000000  c_5.l(libinit.o)
    0x000242be   0x000242be   0x00000000   Code   RO         2738    .ARM.Collect$$libinit$$00000002  c_5.l(libinit2.o)
    0x000242be   0x000242be   0x00000000   Code   RO         2740    .ARM.Collect$$libinit$$00000004  c_5.l(libinit2.o)
    0x000242be   0x000242be   0x00000000   Code   RO         2743    .ARM.Collect$$libinit$$0000000A  c_5.l(libinit2.o)
    0x000242be   0x000242be   0x00000000   Code   RO         2745    .ARM.Collect$$libinit$$0000000C  c_5.l(libinit2.o)
    0x000242be   0x000242be   0x00000000   Code   RO         2747    .ARM.Collect$$libinit$$0000000E  c_5.l(libinit2.o)
    0x000242be   0x000242be   0x00000006   Code   RO         2748    .ARM.Collect$$libinit$$0000000F  c_5.l(libinit2.o)
    0x000242c4   0x000242c4   0x00000000   Code   RO         2750    .ARM.Collect$$libinit$$00000011  c_5.l(libinit2.o)
    0x000242c4   0x000242c4   0x0000000c   Code   RO         2751    .ARM.Collect$$libinit$$00000012  c_5.l(libinit2.o)
    0x000242d0   0x000242d0   0x00000000   Code   RO         2752    .ARM.Collect$$libinit$$00000013  c_5.l(libinit2.o)
    0x000242d0   0x000242d0   0x00000000   Code   RO         2754    .ARM.Collect$$libinit$$00000015  c_5.l(libinit2.o)
    0x000242d0   0x000242d0   0x0000000a   Code   RO         2755    .ARM.Collect$$libinit$$00000016  c_5.l(libinit2.o)
    0x000242da   0x000242da   0x00000000   Code   RO         2756    .ARM.Collect$$libinit$$00000017  c_5.l(libinit2.o)
    0x000242da   0x000242da   0x00000000   Code   RO         2758    .ARM.Collect$$libinit$$00000019  c_5.l(libinit2.o)
    0x000242da   0x000242da   0x00000000   Code   RO         2760    .ARM.Collect$$libinit$$0000001B  c_5.l(libinit2.o)
    0x000242da   0x000242da   0x00000000   Code   RO         2762    .ARM.Collect$$libinit$$0000001D  c_5.l(libinit2.o)
    0x000242da   0x000242da   0x00000000   Code   RO         2764    .ARM.Collect$$libinit$$0000001F  c_5.l(libinit2.o)
    0x000242da   0x000242da   0x00000000   Code   RO         2766    .ARM.Collect$$libinit$$00000021  c_5.l(libinit2.o)
    0x000242da   0x000242da   0x00000000   Code   RO         2768    .ARM.Collect$$libinit$$00000023  c_5.l(libinit2.o)
    0x000242da   0x000242da   0x00000000   Code   RO         2770    .ARM.Collect$$libinit$$00000025  c_5.l(libinit2.o)
    0x000242da   0x000242da   0x00000000   Code   RO         2774    .ARM.Collect$$libinit$$0000002C  c_5.l(libinit2.o)
    0x000242da   0x000242da   0x00000000   Code   RO         2776    .ARM.Collect$$libinit$$0000002E  c_5.l(libinit2.o)
    0x000242da   0x000242da   0x00000000   Code   RO         2778    .ARM.Collect$$libinit$$00000030  c_5.l(libinit2.o)
    0x000242da   0x000242da   0x00000000   Code   RO         2780    .ARM.Collect$$libinit$$00000032  c_5.l(libinit2.o)
    0x000242da   0x000242da   0x00000002   Code   RO         2781    .ARM.Collect$$libinit$$00000033  c_5.l(libinit2.o)
    0x000242dc   0x000242dc   0x00000002   Code   RO         2801    .ARM.Collect$$libshutdown$$00000000  c_5.l(libshutdown.o)
    0x000242de   0x000242de   0x00000000   Code   RO         2814    .ARM.Collect$$libshutdown$$00000002  c_5.l(libshutdown2.o)
    0x000242de   0x000242de   0x00000000   Code   RO         2816    .ARM.Collect$$libshutdown$$00000004  c_5.l(libshutdown2.o)
    0x000242de   0x000242de   0x00000000   Code   RO         2819    .ARM.Collect$$libshutdown$$00000007  c_5.l(libshutdown2.o)
    0x000242de   0x000242de   0x00000000   Code   RO         2822    .ARM.Collect$$libshutdown$$0000000A  c_5.l(libshutdown2.o)
    0x000242de   0x000242de   0x00000000   Code   RO         2824    .ARM.Collect$$libshutdown$$0000000C  c_5.l(libshutdown2.o)
    0x000242de   0x000242de   0x00000000   Code   RO         2827    .ARM.Collect$$libshutdown$$0000000F  c_5.l(libshutdown2.o)
    0x000242de   0x000242de   0x00000002   Code   RO         2828    .ARM.Collect$$libshutdown$$00000010  c_5.l(libshutdown2.o)
    0x000242e0   0x000242e0   0x00000000   Code   RO         2516    .ARM.Collect$$rtentry$$00000000  c_5.l(__rtentry.o)
    0x000242e0   0x000242e0   0x00000000   Code   RO         2638    .ARM.Collect$$rtentry$$00000002  c_5.l(__rtentry2.o)
    0x000242e0   0x000242e0   0x00000008   Code   RO         2650    .ARM.Collect$$rtentry$$00000004  c_5.l(__rtentry4.o)
    0x000242e8   0x000242e8   0x00000000   Code   RO         2640    .ARM.Collect$$rtentry$$00000009  c_5.l(__rtentry2.o)
    0x000242e8   0x000242e8   0x00000004   Code   RO         2641    .ARM.Collect$$rtentry$$0000000A  c_5.l(__rtentry2.o)
    0x000242ec   0x000242ec   0x00000000   Code   RO         2643    .ARM.Collect$$rtentry$$0000000C  c_5.l(__rtentry2.o)
    0x000242ec   0x000242ec   0x00000028   Code   RO         2644    .ARM.Collect$$rtentry$$0000000D  c_5.l(__rtentry2.o)
    0x00024314   0x00024314   0x00000004   Code   RO         2732    .ARM.Collect$$rtexit$$00000000  c_5.l(rtexit.o)
    0x00024318   0x00024318   0x00000000   Code   RO         2783    .ARM.Collect$$rtexit$$00000002  c_5.l(rtexit2.o)
    0x00024318   0x00024318   0x00000004   Code   RO         2784    .ARM.Collect$$rtexit$$00000003  c_5.l(rtexit2.o)
    0x0002431c   0x0002431c   0x00000008   Code   RO         2785    .ARM.Collect$$rtexit$$00000004  c_5.l(rtexit2.o)
    0x00024324   0x00024324   0x00000690   Code   RO            5    .text               arch_main.o
    0x000249b4   0x000249b4   0x0000005c   Code   RO          368    .text               mesh_log.o
    0x00024a10   0x00024a10   0x00000038   Code   RO          393    .text               rwble_hl.o
    0x00024a48   0x00024a48   0x00000330   Code   RO          420    .text               rwble.o
    0x00024d78   0x00024d78   0x00000444   Code   RO          517    .text               rwip.o
    0x000251bc   0x000251bc   0x000001a8   Code   RO          592    .text               icu.o
    0x00025364   0x00025364   0x000000d4   Code   RO          610    .text               intc.o
    0x00025438   0x00025438   0x00000564   Code   RO          648    .text               uart.o
    0x0002599c   0x0002599c   0x00000018   Code   RO          746    .text               emi.o
    0x000259b4   0x000259b4   0x0000067c   Code   RO          758    .text               flash.o
    0x00026030   0x00026030   0x0000002c   Code   RO          778    .text               timer.o
    0x0002605c   0x0002605c   0x000004a8   Code   RO          799    .text               rf_xvr.o
    0x00026504   0x00026504   0x0000008c   Code   RO          821    .text               wdt.o
    0x00026590   0x00026590   0x00000304   Code   RO          839    .text               gpio.o
    0x00026894   0x00026894   0x000001b4   Code   RO          859    .text               pwm.o
    0x00026a48   0x00026a48   0x00000444   Code   RO          877    .text               bass.o
    0x00026e8c   0x00026e8c   0x000002a4   Code   RO          915    .text               bass_task.o
    0x00027130   0x00027130   0x00000180   Code   RO          953    .text               diss.o
    0x000272b0   0x000272b0   0x000001d0   Code   RO          986    .text               diss_task.o
    0x00027480   0x00027480   0x00000210   Code   RO         1023    .text               fff0s.o
    0x00027690   0x00027690   0x00000228   Code   RO         1045    .text               fff0s_task.o
    0x000278b8   0x000278b8   0x000008c8   Code   RO         1063    .text               oads.o
    0x00028180   0x00028180   0x0000031c   Code   RO         1129    .text               oads_task.o
    0x0002849c   0x0002849c   0x0000031c   Code   RO         1159    .text               prf.o
    0x000287b8   0x000287b8   0x00000060   Code   RO         1181    .text               prf_utils.o
    0x00028818   0x00028818   0x00000198   Code   RO         1193    .text               ali_config.o
    0x000289b0   0x000289b0   0x00000980   Code   RO         1206    .text               app_light_ali_server.o
    0x00029330   0x00029330   0x0000015c   Code   RO         1270    .text               app.o
    0x0002948c   0x0002948c   0x000000dc   Code   RO         1312    .text               app_batt.o
    0x00029568   0x00029568   0x0000012c   Code   RO         1336    .text               app_dis.o
    0x00029694   0x00029694   0x0000018c   Code   RO         1359    .text               app_fff0.o
    0x00029820   0x00029820   0x000001ec   Code   RO         1385    .text               app_oads.o
    0x00029a0c   0x00029a0c   0x00000860   Code   RO         1406    .text               app_task.o
    0x0002a26c   0x0002a26c   0x0000127c   Code   RO         1447    .text               app_mesh.o
    0x0002b4e8   0x0002b4e8   0x00000eb0   Code   RO         1496    .text               led.o
    0x0002c398   0x0002c398   0x000005e4   Code   RO         1528    .text               app_mm_msg.o
    0x0002c97c   0x0002c97c   0x00000474   Code   RO         1542    .text               oad_common.o
    0x0002cdf0   0x0002cdf0   0x000002a8   Code   RO         1562    .text               mesh_general_api.o
    0x0002d098   0x0002d098   0x00000940   Code   RO         1600    .text               m_api_msg.o
    0x0002d9d8   0x0002d9d8   0x000000cc   Code   RO         1627    .text               mesh_api.o
    0x0002daa4   0x0002daa4   0x00000140   Code   RO         1648    .text               mesh_api_msg.o
    0x0002dbe4   0x0002dbe4   0x000005f8   Code   RO         1662    .text               mm_api.o
    0x0002e1dc   0x0002e1dc   0x000004f0   Code   RO         1684    .text               mm_api_msg.o
    0x0002e6cc   0x0002e6cc   0x00000040   Code   RO         1698    .text               mesh_param_int.o
    0x0002e70c   0x0002e70c   0x00000724   Code   RO         1716    .text               m_api.o
    0x0002ee30   0x0002ee30   0x00001528   Code   RO         1752    .text               m_fnd_blob_transfer.o
    0x00030358   0x00030358   0x000009bc   Code   RO         1800    .text               m_fnd_fw_update.o
    0x00030d14   0x00030d14   0x000008d8   Code   RO         1818    .text               m_fnd_scenes.o
    0x000315ec   0x000315ec   0x00000adc   Code   RO         1841    .text               mm_vendors.o
    0x000320c8   0x000320c8   0x000000a4   Code   RO         1865    .text               mm_gens.o
    0x0003216c   0x0003216c   0x00000678   Code   RO         1906    .text               mm_gens_oo.o
    0x000327e4   0x000327e4   0x00000638   Code   RO         1938    .text               mm_lights.o
    0x00032e1c   0x00032e1c   0x00001008   Code   RO         1952    .text               mm_lights_ctl.o
    0x00033e24   0x00033e24   0x00001428   Code   RO         1965    .text               mm_lights_hsl.o
    0x0003524c   0x0003524c   0x00000c40   Code   RO         1983    .text               mm_lights_ln.o
    0x00035e8c   0x00035e8c   0x000004d0   Code   RO         1997    .text               mm_lightc_xyl.o
    0x0003635c   0x0003635c   0x0000033c   Code   RO         2016    .text               mm_genc_prop.o
    0x00036698   0x00036698   0x000004d8   Code   RO         2035    .text               mm_lightc_ln.o
    0x00036b70   0x00036b70   0x0000057a   Code   RO         2048    .text               mm_lightc_hsl.o
    0x000370ea   0x000370ea   0x00000002   PAD
    0x000370ec   0x000370ec   0x000005aa   Code   RO         2061    .text               mm_lightc_ctl.o
    0x00037696   0x00037696   0x00000002   PAD
    0x00037698   0x00037698   0x000000ac   Code   RO         2074    .text               mm_lightc.o
    0x00037744   0x00037744   0x00000250   Code   RO         2087    .text               mm_genc_poo.o
    0x00037994   0x00037994   0x00000458   Code   RO         2100    .text               mm_genc_plvl.o
    0x00037dec   0x00037dec   0x00000288   Code   RO         2114    .text               mm_genc_oo.o
    0x00038074   0x00038074   0x000002dc   Code   RO         2128    .text               mm_genc_lvl.o
    0x00038350   0x00038350   0x0000032c   Code   RO         2145    .text               mm_genc_loc.o
    0x0003867c   0x0003867c   0x00000240   Code   RO         2162    .text               mm_genc_dtt.o
    0x000388bc   0x000388bc   0x000001d8   Code   RO         2175    .text               mm_genc_bat.o
    0x00038a94   0x00038a94   0x000000c8   Code   RO         2192    .text               mm_genc.o
    0x00038b5c   0x00038b5c   0x000002fc   Code   RO         2239    .text               bk3435_pn9_mode.lib(rf_pn9_test.o)
    0x00038e58   0x00038e58   0x00000ec0   Code   RO         2242    .text               bk3435_ble_mesh_provisioner_log_warning.lib(lld_adv_test.o)
    0x00039d18   0x00039d18   0x00000170   Code   RO         2247    .text               bk3435_ble_mesh_provisioner_log_warning.lib(mal.o)
    0x00039e88   0x00039e88   0x00000164   Code   RO         2251    .text               bk3435_ble_mesh_provisioner_log_warning.lib(mal_timer.o)
    0x00039fec   0x00039fec   0x00000070   Code   RO         2253    .text               bk3435_ble_mesh_provisioner_log_warning.lib(mesh_tb.o)
    0x0003a05c   0x0003a05c   0x00000670   Code   RO         2255    .text               bk3435_ble_mesh_provisioner_log_warning.lib(mesh_tb_buf.o)
    0x0003a6cc   0x0003a6cc   0x000001a8   Code   RO         2262    .text               bk3435_ble_mesh_provisioner_log_warning.lib(mesh_tb_timer.o)
    0x0003a874   0x0003a874   0x00000ac8   Code   RO         2265    .text               bk3435_ble_mesh_provisioner_log_warning.lib(m_bcn.o)
    0x0003b33c   0x0003b33c   0x000005ec   Code   RO         2271    .text               bk3435_ble_mesh_provisioner_log_warning.lib(m_bearer.o)
    0x0003b928   0x0003b928   0x00000050   Code   RO         2276    .text               bk3435_ble_mesh_provisioner_log_warning.lib(m_fnd.o)
    0x0003b978   0x0003b978   0x0000039c   Code   RO         2278    .text               bk3435_ble_mesh_provisioner_log_warning.lib(m_fnd_hlths.o)
    0x0003bd14   0x0003bd14   0x00000170   Code   RO         2282    .text               bk3435_ble_mesh_provisioner_log_warning.lib(m_lay.o)
    0x0003be84   0x0003be84   0x00000af0   Code   RO         2284    .text               bk3435_ble_mesh_provisioner_log_warning.lib(m_lay_access.o)
    0x0003c974   0x0003c974   0x00000bd4   Code   RO         2290    .text               bk3435_ble_mesh_provisioner_log_warning.lib(m_lay_proxy.o)
    0x0003d548   0x0003d548   0x00001b3c   Code   RO         2296    .text               bk3435_ble_mesh_provisioner_log_warning.lib(m_prov.o)
    0x0003f084   0x0003f084   0x00000090   Code   RO         2301    .text               bk3435_ble_mesh_provisioner_log_warning.lib(m_tb.o)
    0x0003f114   0x0003f114   0x00001ad4   Code   RO         2303    .text               bk3435_ble_mesh_provisioner_log_warning.lib(m_tb_key.o)
    0x00040be8   0x00040be8   0x00000a64   Code   RO         2308    .text               bk3435_ble_mesh_provisioner_log_warning.lib(m_tb_mio.o)
    0x0004164c   0x0004164c   0x00000d3a   Code   RO         2312    .text               bk3435_ble_mesh_provisioner_log_warning.lib(m_tb_store_nvds.o)
    0x00042386   0x00042386   0x00000002   PAD
    0x00042388   0x00042388   0x00000664   Code   RO         2317    .text               bk3435_ble_mesh_provisioner_log_warning.lib(m_tb_state.o)
    0x000429ec   0x000429ec   0x00000114   Code   RO         2322    .text               bk3435_ble_mesh_provisioner_log_warning.lib(mm_tb.o)
    0x00042b00   0x00042b00   0x00000830   Code   RO         2324    .text               bk3435_ble_mesh_provisioner_log_warning.lib(mm_tb_bind.o)
    0x00043330   0x00043330   0x00000184   Code   RO         2328    .text               bk3435_ble_mesh_provisioner_log_warning.lib(mm_tb_replay.o)
    0x000434b4   0x000434b4   0x00000240   Code   RO         2331    .text               bk3435_ble_mesh_provisioner_log_warning.lib(mm_route.o)
    0x000436f4   0x000436f4   0x000001a8   Code   RO         2336    .text               bk3435_ble_mesh_provisioner_log_warning.lib(mm_tb_state.o)
    0x0004389c   0x0004389c   0x0000079c   Code   RO         2340    .text               bk3435_ble_mesh_provisioner_log_warning.lib(m_fnd_confc.o)
    0x00044038   0x00044038   0x000002a0   Code   RO         2345    .text               bk3435_ble_mesh_provisioner_log_warning.lib(mal_adv.o)
    0x000442d8   0x000442d8   0x00000a24   Code   RO         2349    .text               bk3435_ble_mesh_provisioner_log_warning.lib(mal_con.o)
    0x00044cfc   0x00044cfc   0x00000080   Code   RO         2353    .text               bk3435_ble_mesh_provisioner_log_warning.lib(mal_djob.o)
    0x00044d7c   0x00044d7c   0x000001bc   Code   RO         2355    .text               bk3435_ble_mesh_provisioner_log_warning.lib(mal_sec.o)
    0x00044f38   0x00044f38   0x0000016c   Code   RO         2357    .text               bk3435_ble_mesh_provisioner_log_warning.lib(mal_task.o)
    0x000450a4   0x000450a4   0x0000034c   Code   RO         2362    .text               bk3435_ble_mesh_provisioner_log_warning.lib(mesh_tb_sec.o)
    0x000453f0   0x000453f0   0x000000a0   Code   RO         2366    .text               bk3435_ble_mesh_provisioner_log_warning.lib(mesh.o)
    0x00045490   0x00045490   0x00000408   Code   RO         2368    .text               bk3435_ble_mesh_provisioner_log_warning.lib(m_bearer_adv.o)
    0x00045898   0x00045898   0x000003cc   Code   RO         2371    .text               bk3435_ble_mesh_provisioner_log_warning.lib(m_bearer_gatt.o)
    0x00045c64   0x00045c64   0x00002016   Code   RO         2375    .text               bk3435_ble_mesh_provisioner_log_warning.lib(m_fnd_confs.o)
    0x00047c7a   0x00047c7a   0x00000002   PAD
    0x00047c7c   0x00047c7c   0x000001f8   Code   RO         2380    .text               bk3435_ble_mesh_provisioner_log_warning.lib(m_lay_hb.o)
    0x00047e74   0x00047e74   0x00000d7c   Code   RO         2386    .text               bk3435_ble_mesh_provisioner_log_warning.lib(m_lay_ltrans.o)
    0x00048bf0   0x00048bf0   0x00000e5a   Code   RO         2393    .text               bk3435_ble_mesh_provisioner_log_warning.lib(m_lay_net.o)
    0x00049a4a   0x00049a4a   0x00000002   PAD
    0x00049a4c   0x00049a4c   0x000008b4   Code   RO         2399    .text               bk3435_ble_mesh_provisioner_log_warning.lib(m_lay_utrans.o)
    0x0004a300   0x0004a300   0x000009a8   Code   RO         2406    .text               bk3435_ble_mesh_provisioner_log_warning.lib(m_prov_adv_trans.o)
    0x0004aca8   0x0004aca8   0x00000388   Code   RO         2410    .text               bk3435_ble_mesh_provisioner_log_warning.lib(m_prov_bearer.o)
    0x0004b030   0x0004b030   0x00000220   Code   RO         2414    .text               bk3435_ble_mesh_provisioner_log_warning.lib(aes.o)
    0x0004b250   0x0004b250   0x00000378   Code   RO         2418    .text               bk3435_ble_mesh_provisioner_log_warning.lib(aes_ccm.o)
    0x0004b5c8   0x0004b5c8   0x000001a8   Code   RO         2421    .text               bk3435_ble_mesh_provisioner_log_warning.lib(aes_cmac.o)
    0x0004b770   0x0004b770   0x00000070   Code   RO         2424    .text               bk3435_ble_mesh_provisioner_log_warning.lib(aes_k1.o)
    0x0004b7e0   0x0004b7e0   0x00000150   Code   RO         2426    .text               bk3435_ble_mesh_provisioner_log_warning.lib(aes_k2.o)
    0x0004b930   0x0004b930   0x0000009c   Code   RO         2429    .text               bk3435_ble_mesh_provisioner_log_warning.lib(aes_k3.o)
    0x0004b9cc   0x0004b9cc   0x000000a4   Code   RO         2432    .text               bk3435_ble_mesh_provisioner_log_warning.lib(aes_k4.o)
    0x0004ba70   0x0004ba70   0x00000058   Code   RO         2435    .text               bk3435_ble_mesh_provisioner_log_warning.lib(aes_s1.o)
    0x0004bac8   0x0004bac8   0x00000018   Code   RO         2440    .text               c_5.l(llmul.o)
    0x0004bae0   0x0004bae0   0x00000038   Code   RO         2444    .text               c_5.l(vsnprintf.o)
    0x0004bb18   0x0004bb18   0x000000f4   Code   RO         2454    .text               c_5.l(strcmp.o)
    0x0004bc0c   0x0004bc0c   0x00000020   Code   RO         2456    .text               c_5.l(uread4.o)
    0x0004bc2c   0x0004bc2c   0x00000020   Code   RO         2458    .text               c_5.l(uwrite4.o)
    0x0004bc4c   0x0004bc4c   0x0000004e   Code   RO         2519    .text               c_5.l(_printf_pad.o)
    0x0004bc9a   0x0004bc9a   0x0000002c   Code   RO         2521    .text               c_5.l(_printf_truncate.o)
    0x0004bcc6   0x0004bcc6   0x00000052   Code   RO         2523    .text               c_5.l(_printf_str.o)
    0x0004bd18   0x0004bd18   0x00000008   Ven    RO         2525    .text               c_5.l(_printf_dec.o)
    0x0004bd20   0x0004bd20   0x0000006c   Code   RO         2525    .text               c_5.l(_printf_dec.o)
    0x0004bd8c   0x0004bd8c   0x00000008   Ven    RO         2527    .text               c_5.l(_printf_charcount.o)
    0x0004bd94   0x0004bd94   0x00000026   Code   RO         2527    .text               c_5.l(_printf_charcount.o)
    0x0004bdba   0x0004bdba   0x00000002   PAD
    0x0004bdbc   0x0004bdbc   0x00000030   Code   RO         2529    .text               c_5.l(_printf_char_common.o)
    0x0004bdec   0x0004bdec   0x0000000a   Code   RO         2531    .text               c_5.l(_sputc.o)
    0x0004bdf6   0x0004bdf6   0x00000010   Code   RO         2533    .text               c_5.l(_snputc.o)
    0x0004be06   0x0004be06   0x00000002   PAD
    0x0004be08   0x0004be08   0x000000bc   Code   RO         2535    .text               c_5.l(_printf_wctomb.o)
    0x0004bec4   0x0004bec4   0x00000008   Ven    RO         2538    .text               c_5.l(_printf_longlong_dec.o)
    0x0004becc   0x0004becc   0x00000070   Code   RO         2538    .text               c_5.l(_printf_longlong_dec.o)
    0x0004bf3c   0x0004bf3c   0x00000008   Ven    RO         2544    .text               c_5.l(_printf_oct_int_ll.o)
    0x0004bf44   0x0004bf44   0x00000070   Code   RO         2544    .text               c_5.l(_printf_oct_int_ll.o)
    0x0004bfb4   0x0004bfb4   0x00000008   Ven    RO         2564    .text               c_5.l(_printf_hex_int_ll_ptr.o)
    0x0004bfbc   0x0004bfbc   0x00000098   Code   RO         2564    .text               c_5.l(_printf_hex_int_ll_ptr.o)
    0x0004c054   0x0004c054   0x00000188   Code   RO         2584    .text               c_5.l(__printf_flags_ss_wp.o)
    0x0004c1dc   0x0004c1dc   0x00000098   Code   RO         2652    .text               c_5.l(lludiv10.o)
    0x0004c274   0x0004c274   0x000000b0   Code   RO         2654    .text               c_5.l(_printf_intcommon.o)
    0x0004c324   0x0004c324   0x00000414   Code   RO         2656    .text               c_5.l(_printf_fp_dec.o)
    0x0004c738   0x0004c738   0x00000008   Ven    RO         2658    .text               c_5.l(_printf_fp_hex.o)
    0x0004c740   0x0004c740   0x000002d8   Code   RO         2658    .text               c_5.l(_printf_fp_hex.o)
    0x0004ca18   0x0004ca18   0x00000008   Ven    RO         2663    .text               c_5.l(_printf_char.o)
    0x0004ca20   0x0004ca20   0x0000002e   Code   RO         2663    .text               c_5.l(_printf_char.o)
    0x0004ca4e   0x0004ca4e   0x00000002   PAD
    0x0004ca50   0x0004ca50   0x00000008   Ven    RO         2665    .text               c_5.l(_printf_wchar.o)
    0x0004ca58   0x0004ca58   0x0000002e   Code   RO         2665    .text               c_5.l(_printf_wchar.o)
    0x0004ca86   0x0004ca86   0x00000040   Code   RO         2668    .text               c_5.l(_wcrtomb.o)
    0x0004cac6   0x0004cac6   0x00000002   PAD
    0x0004cac8   0x0004cac8   0x0000002c   Code   RO         2670    .text               c_5.l(rtudiv10.o)
    0x0004caf4   0x0004caf4   0x00000060   Code   RO         2676    .text               c_5.l(sys_stackheap_outer.o)
    0x0004cb54   0x0004cb54   0x00000014   Code   RO         2678    .text               c_5.l(rt_ctype_table.o)
    0x0004cb68   0x0004cb68   0x0000000c   Code   RO         2683    .text               c_5.l(rt_locale_intlibspace.o)
    0x0004cb74   0x0004cb74   0x00000088   Code   RO         2685    .text               c_5.l(_printf_fp_infnan.o)
    0x0004cbfc   0x0004cbfc   0x000000d8   Code   RO         2687    .text               c_5.l(bigflt0.o)
    0x0004ccd4   0x0004ccd4   0x00000010   Code   RO         2715    .text               c_5.l(exit.o)
    0x0004cce4   0x0004cce4   0x0000000c   Code   RO         2729    .text               c_5.l(libspace.o)
    0x0004ccf0   0x0004ccf0   0x0000000c   Code   RO         2793    .text               c_5.l(sys_exit.o)
    0x0004ccfc   0x0004ccfc   0x00000004   Code   RO         2804    .text               c_5.l(use_no_semi.o)
    0x0004cd00   0x0004cd00   0x00000000   Code   RO         2806    .text               c_5.l(indicate_semi.o)
    0x0004cd00   0x0004cd00   0x00000038   Code   RO         2690    CL$$btod_d2e        c_5.l(btod.o)
    0x0004cd38   0x0004cd38   0x00000054   Code   RO         2692    CL$$btod_d2e_denorm_low  c_5.l(btod.o)
    0x0004cd8c   0x0004cd8c   0x00000068   Code   RO         2691    CL$$btod_d2e_norm_op1  c_5.l(btod.o)
    0x0004cdf4   0x0004cdf4   0x00000348   Code   RO         2700    CL$$btod_div_common  c_5.l(btod.o)
    0x0004d13c   0x0004d13c   0x000000f4   Code   RO         2697    CL$$btod_e2e        c_5.l(btod.o)
    0x0004d230   0x0004d230   0x00000034   Code   RO         2694    CL$$btod_ediv       c_5.l(btod.o)
    0x0004d264   0x0004d264   0x00000034   Code   RO         2693    CL$$btod_emul       c_5.l(btod.o)
    0x0004d298   0x0004d298   0x00000264   Code   RO         2699    CL$$btod_mult_common  c_5.l(btod.o)
    0x0004d4fc   0x0004d4fc   0x00000008   Ven    RO         2880    Veneer$$Code        anon$$obj.o
    0x0004d504   0x0004d504   0x00000008   Ven    RO         2881    Veneer$$Code        anon$$obj.o
    0x0004d50c   0x0004d50c   0x00000008   Ven    RO         2882    Veneer$$Code        anon$$obj.o
    0x0004d514   0x0004d514   0x00000008   Ven    RO         2883    Veneer$$Code        anon$$obj.o
    0x0004d51c   0x0004d51c   0x00000008   Ven    RO         2884    Veneer$$Code        anon$$obj.o
    0x0004d524   0x0004d524   0x00000008   Ven    RO         2885    Veneer$$Code        anon$$obj.o
    0x0004d52c   0x0004d52c   0x0000003a   Code   RO         2269    i.__ARM_common_ctz  bk3435_ble_mesh_provisioner_log_warning.lib(m_bcn.o)
    0x0004d566   0x0004d566   0x00000002   PAD
    0x0004d568   0x0004d568   0x00000030   Code   RO         2727    i.__ARM_fpclassify  m_5s.l(fpclassify.o)
    0x0004d598   0x0004d598   0x0000000e   Code   RO         2577    i._is_digit         c_5.l(__printf_wp.o)
    0x0004d5a6   0x0004d5a6   0x00000002   PAD
    0x0004d5a8   0x0004d5a8   0x0000012c   Code   RO         2511    i.ceil              m_5s.l(ceil.o)
    0x0004d6d4   0x0004d6d4   0x000000dc   Code   RO         2514    i.round             m_5s.l(round.o)
    0x0004d7b0   0x0004d7b0   0x00000048   Code   RO         2713    locale$$code        c_5.l(lc_numeric_c.o)
    0x0004d7f8   0x0004d7f8   0x00000048   Code   RO         2735    locale$$code        c_5.l(lc_ctype_c.o)
    0x0004d840   0x0004d840   0x0000006c   Code   RO         2462    x$fpl$d2f           fz_5s.l(d2f.o)
    0x0004d8ac   0x0004d8ac   0x00000154   Code   RO         2464    x$fpl$dadd          fz_5s.l(daddsub_clz.o)
    0x0004da00   0x0004da00   0x00000010   Code   RO         2610    x$fpl$dcheck1       fz_5s.l(dcheck1.o)
    0x0004da10   0x0004da10   0x0000001c   Code   RO         2672    x$fpl$dcmpinf       fz_5s.l(dcmpi.o)
    0x0004da2c   0x0004da2c   0x000002d0   Code   RO         2471    x$fpl$ddiv          fz_5s.l(ddiv.o)
    0x0004dcfc   0x0004dcfc   0x00000070   Code   RO         2474    x$fpl$dfixu         fz_5s.l(dfixu.o)
    0x0004dd6c   0x0004dd6c   0x00000034   Code   RO         2479    x$fpl$dflt          fz_5s.l(dflt_clz.o)
    0x0004dda0   0x0004dda0   0x0000002c   Code   RO         2478    x$fpl$dfltu         fz_5s.l(dflt_clz.o)
    0x0004ddcc   0x0004ddcc   0x00000094   Code   RO         2612    x$fpl$dleqf         fz_5s.l(dleqf.o)
    0x0004de60   0x0004de60   0x00000178   Code   RO         2484    x$fpl$dmul          fz_5s.l(dmul.o)
    0x0004dfd8   0x0004dfd8   0x000000b8   Code   RO         2614    x$fpl$dnaninf       fz_5s.l(dnaninf.o)
    0x0004e090   0x0004e090   0x00000010   Code   RO         2616    x$fpl$dretinf       fz_5s.l(dretinf.o)
    0x0004e0a0   0x0004e0a0   0x0000008c   Code   RO         2618    x$fpl$drleqf        fz_5s.l(drleqf.o)
    0x0004e12c   0x0004e12c   0x000000c0   Code   RO         2620    x$fpl$drnd          fz_5s.l(drnd.o)
    0x0004e1ec   0x0004e1ec   0x00000018   Code   RO         2465    x$fpl$drsb          fz_5s.l(daddsub_clz.o)
    0x0004e204   0x0004e204   0x00000200   Code   RO         2466    x$fpl$dsub          fz_5s.l(daddsub_clz.o)
    0x0004e404   0x0004e404   0x00000064   Code   RO         2486    x$fpl$f2d           fz_5s.l(f2d.o)
    0x0004e468   0x0004e468   0x000000c4   Code   RO         2488    x$fpl$fadd          fz_5s.l(faddsub_clz.o)
    0x0004e52c   0x0004e52c   0x0000000c   Code   RO         2622    x$fpl$fcheck1       fz_5s.l(fcheck1.o)
    0x0004e538   0x0004e538   0x00000190   Code   RO         2495    x$fpl$fdiv          fz_5s.l(fdiv.o)
    0x0004e6c8   0x0004e6c8   0x00000028   Code   RO         2498    x$fpl$ffltu         fz_5s.l(fflt_clz.o)
    0x0004e6f0   0x0004e6f0   0x00000100   Code   RO         2504    x$fpl$fmul          fz_5s.l(fmul.o)
    0x0004e7f0   0x0004e7f0   0x000000a0   Code   RO         2624    x$fpl$fnaninf       fz_5s.l(fnaninf.o)
    0x0004e890   0x0004e890   0x00000010   Code   RO         2626    x$fpl$fretinf       fz_5s.l(fretinf.o)
    0x0004e8a0   0x0004e8a0   0x00000014   Code   RO         2489    x$fpl$frsb          fz_5s.l(faddsub_clz.o)
    0x0004e8b4   0x0004e8b4   0x00000100   Code   RO         2490    x$fpl$fsub          fz_5s.l(faddsub_clz.o)
    0x0004e9b4   0x0004e9b4   0x00000008   Code   RO         2723    x$fpl$ieeestatus    fz_5s.l(istatus.o)
    0x0004e9bc   0x0004e9bc   0x00000004   Code   RO         2628    x$fpl$printf1       fz_5s.l(printf1.o)
    0x0004e9c0   0x0004e9c0   0x00000004   Code   RO         2630    x$fpl$printf2       fz_5s.l(printf2.o)
    0x0004e9c4   0x0004e9c4   0x00000074   Code   RO         2674    x$fpl$retnan        fz_5s.l(retnan.o)
    0x0004ea38   0x0004ea38   0x00000068   Code   RO         2506    x$fpl$scalbn        fz_5s.l(scalbn.o)
    0x0004eaa0   0x0004eaa0   0x0000005c   Code   RO         2508    x$fpl$scalbnf       fz_5s.l(scalbnf.o)
    0x0004eafc   0x0004eafc   0x0000003c   Code   RO         2725    x$fpl$trapveneer    fz_5s.l(trapv.o)
    0x0004eb38   0x0004eb38   0x00000000   Code   RO         2636    x$fpl$usenofp       fz_5s.l(usenofp.o)
    0x0004eb38   0x0004eb38   0x0000002e   Data   RO            7    .constdata          arch_main.o
    0x0004eb66   0x0004eb66   0x00000011   Data   RO          370    .constdata          mesh_log.o
    0x0004eb77   0x0004eb77   0x00000001   PAD
    0x0004eb78   0x0004eb78   0x00000038   Data   RO          878    .constdata          bass.o
    0x0004ebb0   0x0004ebb0   0x00000030   Data   RO          916    .constdata          bass_task.o
    0x0004ebe0   0x0004ebe0   0x00000008   Data   RO          917    .constdata          bass_task.o
    0x0004ebe8   0x0004ebe8   0x000000a8   Data   RO          954    .constdata          diss.o
    0x0004ec90   0x0004ec90   0x00000018   Data   RO          987    .constdata          diss_task.o
    0x0004eca8   0x0004eca8   0x00000008   Data   RO          988    .constdata          diss_task.o
    0x0004ecb0   0x0004ecb0   0x00000040   Data   RO         1024    .constdata          fff0s.o
    0x0004ecf0   0x0004ecf0   0x00000028   Data   RO         1046    .constdata          fff0s_task.o
    0x0004ed18   0x0004ed18   0x00000008   Data   RO         1047    .constdata          fff0s_task.o
    0x0004ed20   0x0004ed20   0x0000007e   Data   RO         1065    .constdata          oads.o
    0x0004ed9e   0x0004ed9e   0x00000002   PAD
    0x0004eda0   0x0004eda0   0x00000030   Data   RO         1130    .constdata          oads_task.o
    0x0004edd0   0x0004edd0   0x00000008   Data   RO         1131    .constdata          oads_task.o
    0x0004edd8   0x0004edd8   0x00000032   Data   RO         1132    .constdata          oads_task.o
    0x0004ee0a   0x0004ee0a   0x00000053   Data   RO         1194    .constdata          ali_config.o
    0x0004ee5d   0x0004ee5d   0x0000004f   Data   RO         1208    .constdata          app_light_ali_server.o
    0x0004eeac   0x0004eeac   0x00000024   Data   RO         1272    .constdata          app.o
    0x0004eed0   0x0004eed0   0x00000020   Data   RO         1313    .constdata          app_batt.o
    0x0004eef0   0x0004eef0   0x00000008   Data   RO         1314    .constdata          app_batt.o
    0x0004eef8   0x0004eef8   0x00000008   Data   RO         1337    .constdata          app_dis.o
    0x0004ef00   0x0004ef00   0x00000008   Data   RO         1338    .constdata          app_dis.o
    0x0004ef08   0x0004ef08   0x00000028   Data   RO         1360    .constdata          app_fff0.o
    0x0004ef30   0x0004ef30   0x00000008   Data   RO         1361    .constdata          app_fff0.o
    0x0004ef38   0x0004ef38   0x0000001a   Data   RO         1362    .constdata          app_fff0.o
    0x0004ef52   0x0004ef52   0x00000002   PAD
    0x0004ef54   0x0004ef54   0x00000030   Data   RO         1386    .constdata          app_oads.o
    0x0004ef84   0x0004ef84   0x00000008   Data   RO         1387    .constdata          app_oads.o
    0x0004ef8c   0x0004ef8c   0x000000a8   Data   RO         1388    .constdata          app_oads.o
    0x0004f034   0x0004f034   0x00000088   Data   RO         1407    .constdata          app_task.o
    0x0004f0bc   0x0004f0bc   0x00000008   Data   RO         1408    .constdata          app_task.o
    0x0004f0c4   0x0004f0c4   0x000000b5   Data   RO         1409    .constdata          app_task.o
    0x0004f179   0x0004f179   0x00000003   PAD
    0x0004f17c   0x0004f17c   0x00000088   Data   RO         1451    .constdata          app_mesh.o
    0x0004f204   0x0004f204   0x00000008   Data   RO         1452    .constdata          app_mesh.o
    0x0004f20c   0x0004f20c   0x00000149   Data   RO         1453    .constdata          app_mesh.o
    0x0004f355   0x0004f355   0x00000003   PAD
    0x0004f358   0x0004f358   0x00000304   Data   RO         1500    .constdata          led.o
    0x0004f65c   0x0004f65c   0x00000014   Data   RO         1544    .constdata          oad_common.o
    0x0004f670   0x0004f670   0x00000013   Data   RO         1563    .constdata          mesh_general_api.o
    0x0004f683   0x0004f683   0x00000001   PAD
    0x0004f684   0x0004f684   0x00000064   Data   RO         1601    .constdata          m_api_msg.o
    0x0004f6e8   0x0004f6e8   0x00000004   Data   RO         1649    .constdata          mesh_api_msg.o
    0x0004f6ec   0x0004f6ec   0x0000002d   Data   RO         1663    .constdata          mm_api.o
    0x0004f719   0x0004f719   0x00000003   PAD
    0x0004f71c   0x0004f71c   0x0000004f   Data   RO         1685    .constdata          mm_api_msg.o
    0x0004f76b   0x0004f76b   0x000000b3   Data   RO         1717    .constdata          m_api.o
    0x0004f81e   0x0004f81e   0x00000002   PAD
    0x0004f820   0x0004f820   0x000001bc   Data   RO         1754    .constdata          m_fnd_blob_transfer.o
    0x0004f9dc   0x0004f9dc   0x00000150   Data   RO         1802    .constdata          m_fnd_fw_update.o
    0x0004fb2c   0x0004fb2c   0x0000015d   Data   RO         1819    .constdata          m_fnd_scenes.o
    0x0004fc89   0x0004fc89   0x00000032   Data   RO         1842    .constdata          mm_vendors.o
    0x0004fcbb   0x0004fcbb   0x00000014   Data   RO         1866    .constdata          mm_gens.o
    0x0004fccf   0x0004fccf   0x0000009f   Data   RO         1907    .constdata          mm_gens_oo.o
    0x0004fd6e   0x0004fd6e   0x0000005f   Data   RO         1939    .constdata          mm_lights.o
    0x0004fdcd   0x0004fdcd   0x0000013f   Data   RO         1953    .constdata          mm_lights_ctl.o
    0x0004ff0c   0x0004ff0c   0x000001fa   Data   RO         1966    .constdata          mm_lights_hsl.o
    0x00050106   0x00050106   0x00000108   Data   RO         1984    .constdata          mm_lights_ln.o
    0x0005020e   0x0005020e   0x0000007b   Data   RO         1998    .constdata          mm_lightc_xyl.o
    0x00050289   0x00050289   0x00000044   Data   RO         2017    .constdata          mm_genc_prop.o
    0x000502cd   0x000502cd   0x00000076   Data   RO         2036    .constdata          mm_lightc_ln.o
    0x00050343   0x00050343   0x0000007b   Data   RO         2049    .constdata          mm_lightc_hsl.o
    0x000503be   0x000503be   0x0000007b   Data   RO         2062    .constdata          mm_lightc_ctl.o
    0x00050439   0x00050439   0x00000013   Data   RO         2075    .constdata          mm_lightc.o
    0x0005044c   0x0005044c   0x00000069   Data   RO         2088    .constdata          mm_genc_poo.o
    0x000504b5   0x000504b5   0x00000076   Data   RO         2101    .constdata          mm_genc_plvl.o
    0x0005052b   0x0005052b   0x0000006b   Data   RO         2115    .constdata          mm_genc_oo.o
    0x00050596   0x00050596   0x0000005e   Data   RO         2129    .constdata          mm_genc_lvl.o
    0x000505f4   0x000505f4   0x00000071   Data   RO         2146    .constdata          mm_genc_loc.o
    0x00050665   0x00050665   0x00000069   Data   RO         2163    .constdata          mm_genc_dtt.o
    0x000506ce   0x000506ce   0x0000003a   Data   RO         2176    .constdata          mm_genc_bat.o
    0x00050708   0x00050708   0x00000010   Data   RO         2248    .constdata          bk3435_ble_mesh_provisioner_log_warning.lib(mal.o)
    0x00050718   0x00050718   0x000000cf   Data   RO         2256    .constdata          bk3435_ble_mesh_provisioner_log_warning.lib(mesh_tb_buf.o)
    0x000507e7   0x000507e7   0x00000001   PAD
    0x000507e8   0x000507e8   0x0000006e   Data   RO         2266    .constdata          bk3435_ble_mesh_provisioner_log_warning.lib(m_bcn.o)
    0x00050856   0x00050856   0x00000002   PAD
    0x00050858   0x00050858   0x00000008   Data   RO         2272    .constdata          bk3435_ble_mesh_provisioner_log_warning.lib(m_bearer.o)
    0x00050860   0x00050860   0x00000052   Data   RO         2273    .constdata          bk3435_ble_mesh_provisioner_log_warning.lib(m_bearer.o)
    0x000508b2   0x000508b2   0x00000002   PAD
    0x000508b4   0x000508b4   0x0000007b   Data   RO         2279    .constdata          bk3435_ble_mesh_provisioner_log_warning.lib(m_fnd_hlths.o)
    0x0005092f   0x0005092f   0x00000001   PAD
    0x00050930   0x00050930   0x00000008   Data   RO         2285    .constdata          bk3435_ble_mesh_provisioner_log_warning.lib(m_lay_access.o)
    0x00050938   0x00050938   0x00000093   Data   RO         2286    .constdata          bk3435_ble_mesh_provisioner_log_warning.lib(m_lay_access.o)
    0x000509cb   0x000509cb   0x00000001   PAD
    0x000509cc   0x000509cc   0x00000010   Data   RO         2291    .constdata          bk3435_ble_mesh_provisioner_log_warning.lib(m_lay_proxy.o)
    0x000509dc   0x000509dc   0x000000d3   Data   RO         2292    .constdata          bk3435_ble_mesh_provisioner_log_warning.lib(m_lay_proxy.o)
    0x00050aaf   0x00050aaf   0x00000001   PAD
    0x00050ab0   0x00050ab0   0x00000211   Data   RO         2297    .constdata          bk3435_ble_mesh_provisioner_log_warning.lib(m_prov.o)
    0x00050cc1   0x00050cc1   0x000000b9   Data   RO         2304    .constdata          bk3435_ble_mesh_provisioner_log_warning.lib(m_tb_key.o)
    0x00050d7a   0x00050d7a   0x0000004a   Data   RO         2309    .constdata          bk3435_ble_mesh_provisioner_log_warning.lib(m_tb_mio.o)
    0x00050dc4   0x00050dc4   0x00000063   Data   RO         2313    .constdata          bk3435_ble_mesh_provisioner_log_warning.lib(m_tb_store_nvds.o)
    0x00050e27   0x00050e27   0x000000ad   Data   RO         2318    .constdata          bk3435_ble_mesh_provisioner_log_warning.lib(m_tb_state.o)
    0x00050ed4   0x00050ed4   0x000000d6   Data   RO         2325    .constdata          bk3435_ble_mesh_provisioner_log_warning.lib(mm_tb_bind.o)
    0x00050faa   0x00050faa   0x00000002   PAD
    0x00050fac   0x00050fac   0x00000010   Data   RO         2332    .constdata          bk3435_ble_mesh_provisioner_log_warning.lib(mm_route.o)
    0x00050fbc   0x00050fbc   0x00000053   Data   RO         2333    .constdata          bk3435_ble_mesh_provisioner_log_warning.lib(mm_route.o)
    0x0005100f   0x0005100f   0x00000028   Data   RO         2337    .constdata          bk3435_ble_mesh_provisioner_log_warning.lib(mm_tb_state.o)
    0x00051037   0x00051037   0x00000001   PAD
    0x00051038   0x00051038   0x000000b6   Data   RO         2341    .constdata          bk3435_ble_mesh_provisioner_log_warning.lib(m_fnd_confc.o)
    0x000510ee   0x000510ee   0x00000002   PAD
    0x000510f0   0x000510f0   0x0000000c   Data   RO         2346    .constdata          bk3435_ble_mesh_provisioner_log_warning.lib(mal_adv.o)
    0x000510fc   0x000510fc   0x0000007d   Data   RO         2350    .constdata          bk3435_ble_mesh_provisioner_log_warning.lib(mal_con.o)
    0x00051179   0x00051179   0x00000003   PAD
    0x0005117c   0x0005117c   0x00000010   Data   RO         2351    .constdata          bk3435_ble_mesh_provisioner_log_warning.lib(mal_con.o)
    0x0005118c   0x0005118c   0x00000048   Data   RO         2358    .constdata          bk3435_ble_mesh_provisioner_log_warning.lib(mal_task.o)
    0x000511d4   0x000511d4   0x00000008   Data   RO         2359    .constdata          bk3435_ble_mesh_provisioner_log_warning.lib(mal_task.o)
    0x000511dc   0x000511dc   0x00000014   Data   RO         2363    .constdata          bk3435_ble_mesh_provisioner_log_warning.lib(mesh_tb_sec.o)
    0x000511f0   0x000511f0   0x0000004b   Data   RO         2369    .constdata          bk3435_ble_mesh_provisioner_log_warning.lib(m_bearer_adv.o)
    0x0005123b   0x0005123b   0x00000001   PAD
    0x0005123c   0x0005123c   0x00000092   Data   RO         2372    .constdata          bk3435_ble_mesh_provisioner_log_warning.lib(m_bearer_gatt.o)
    0x000512ce   0x000512ce   0x00000002   PAD
    0x000512d0   0x000512d0   0x0000050a   Data   RO         2376    .constdata          bk3435_ble_mesh_provisioner_log_warning.lib(m_fnd_confs.o)
    0x000517da   0x000517da   0x00000002   PAD
    0x000517dc   0x000517dc   0x00000008   Data   RO         2381    .constdata          bk3435_ble_mesh_provisioner_log_warning.lib(m_lay_hb.o)
    0x000517e4   0x000517e4   0x00000004   Data   RO         2382    .constdata          bk3435_ble_mesh_provisioner_log_warning.lib(m_lay_hb.o)
    0x000517e8   0x000517e8   0x0000000e   Data   RO         2383    .constdata          bk3435_ble_mesh_provisioner_log_warning.lib(m_lay_hb.o)
    0x000517f6   0x000517f6   0x00000002   PAD
    0x000517f8   0x000517f8   0x00000004   Data   RO         2387    .constdata          bk3435_ble_mesh_provisioner_log_warning.lib(m_lay_ltrans.o)
    0x000517fc   0x000517fc   0x00000010   Data   RO         2388    .constdata          bk3435_ble_mesh_provisioner_log_warning.lib(m_lay_ltrans.o)
    0x0005180c   0x0005180c   0x0000005c   Data   RO         2389    .constdata          bk3435_ble_mesh_provisioner_log_warning.lib(m_lay_ltrans.o)
    0x00051868   0x00051868   0x00000004   Data   RO         2394    .constdata          bk3435_ble_mesh_provisioner_log_warning.lib(m_lay_net.o)
    0x0005186c   0x0005186c   0x00000010   Data   RO         2395    .constdata          bk3435_ble_mesh_provisioner_log_warning.lib(m_lay_net.o)
    0x0005187c   0x0005187c   0x0000010b   Data   RO         2396    .constdata          bk3435_ble_mesh_provisioner_log_warning.lib(m_lay_net.o)
    0x00051987   0x00051987   0x00000001   PAD
    0x00051988   0x00051988   0x00000004   Data   RO         2400    .constdata          bk3435_ble_mesh_provisioner_log_warning.lib(m_lay_utrans.o)
    0x0005198c   0x0005198c   0x00000008   Data   RO         2401    .constdata          bk3435_ble_mesh_provisioner_log_warning.lib(m_lay_utrans.o)
    0x00051994   0x00051994   0x000000b0   Data   RO         2402    .constdata          bk3435_ble_mesh_provisioner_log_warning.lib(m_lay_utrans.o)
    0x00051a44   0x00051a44   0x0000017c   Data   RO         2407    .constdata          bk3435_ble_mesh_provisioner_log_warning.lib(m_prov_adv_trans.o)
    0x00051bc0   0x00051bc0   0x00000067   Data   RO         2411    .constdata          bk3435_ble_mesh_provisioner_log_warning.lib(m_prov_bearer.o)
    0x00051c27   0x00051c27   0x0000000a   Data   RO         2416    .constdata          bk3435_ble_mesh_provisioner_log_warning.lib(aes.o)
    0x00051c31   0x00051c31   0x00000008   Data   RO         2419    .constdata          bk3435_ble_mesh_provisioner_log_warning.lib(aes_ccm.o)
    0x00051c39   0x00051c39   0x00000019   Data   RO         2422    .constdata          bk3435_ble_mesh_provisioner_log_warning.lib(aes_cmac.o)
    0x00051c52   0x00051c52   0x00000010   Data   RO         2427    .constdata          bk3435_ble_mesh_provisioner_log_warning.lib(aes_k2.o)
    0x00051c62   0x00051c62   0x0000001c   Data   RO         2430    .constdata          bk3435_ble_mesh_provisioner_log_warning.lib(aes_k3.o)
    0x00051c7e   0x00051c7e   0x0000001b   Data   RO         2433    .constdata          bk3435_ble_mesh_provisioner_log_warning.lib(aes_k4.o)
    0x00051c99   0x00051c99   0x00000007   Data   RO         2436    .constdata          bk3435_ble_mesh_provisioner_log_warning.lib(aes_s1.o)
    0x00051ca0   0x00051ca0   0x00000008   Data   RO         2536    .constdata          c_5.l(_printf_wctomb.o)
    0x00051ca8   0x00051ca8   0x00000028   Data   RO         2565    .constdata          c_5.l(_printf_hex_int_ll_ptr.o)
    0x00051cd0   0x00051cd0   0x00000011   Data   RO         2585    .constdata          c_5.l(__printf_flags_ss_wp.o)
    0x00051ce1   0x00051ce1   0x00000026   Data   RO         2659    .constdata          c_5.l(_printf_fp_hex.o)
    0x00051d07   0x00051d07   0x00000001   PAD
    0x00051d08   0x00051d08   0x00000094   Data   RO         2688    .constdata          c_5.l(bigflt0.o)
    0x00051d9c   0x00051d9c   0x00000107   Data   RO            8    .conststring        arch_main.o
    0x00051ea3   0x00051ea3   0x00000001   PAD
    0x00051ea4   0x00051ea4   0x0000009b   Data   RO         1209    .conststring        app_light_ali_server.o
    0x00051f3f   0x00051f3f   0x00000001   PAD
    0x00051f40   0x00051f40   0x00000042   Data   RO         1273    .conststring        app.o
    0x00051f82   0x00051f82   0x00000002   PAD
    0x00051f84   0x00051f84   0x0000004c   Data   RO         1410    .conststring        app_task.o
    0x00051fd0   0x00051fd0   0x00000223   Data   RO         1454    .conststring        app_mesh.o
    0x000521f3   0x000521f3   0x00000001   PAD
    0x000521f4   0x000521f4   0x00000042   Data   RO         1529    .conststring        app_mm_msg.o
    0x00052236   0x00052236   0x00000002   PAD
    0x00052238   0x00052238   0x00000097   Data   RO         1755    .conststring        m_fnd_blob_transfer.o
    0x000522cf   0x000522cf   0x00000001   PAD
    0x000522d0   0x000522d0   0x00000085   Data   RO         1803    .conststring        m_fnd_fw_update.o
    0x00052355   0x00052355   0x00000003   PAD
    0x00052358   0x00052358   0x00000138   Data   RO         1820    .conststring        m_fnd_scenes.o
    0x00052490   0x00052490   0x00000163   Data   RO         1843    .conststring        mm_vendors.o
    0x000525f3   0x000525f3   0x00000001   PAD
    0x000525f4   0x000525f4   0x0000004d   Data   RO         1867    .conststring        mm_gens.o
    0x00052641   0x00052641   0x00000003   PAD
    0x00052644   0x00052644   0x00000090   Data   RO         1908    .conststring        mm_gens_oo.o
    0x000526d4   0x000526d4   0x00000107   Data   RO         1940    .conststring        mm_lights.o
    0x000527db   0x000527db   0x00000001   PAD
    0x000527dc   0x000527dc   0x00000054   Data   RO         1967    .conststring        mm_lights_hsl.o
    0x00052830   0x00052830   0x00000162   Data   RO         1985    .conststring        mm_lights_ln.o
    0x00052992   0x00052992   0x00000002   PAD
    0x00052994   0x00052994   0x00000041   Data   RO         2102    .conststring        mm_genc_plvl.o
    0x000529d5   0x000529d5   0x00000003   PAD
    0x000529d8   0x000529d8   0x00000041   Data   RO         2116    .conststring        mm_genc_oo.o
    0x00052a19   0x00052a19   0x00000003   PAD
    0x00052a1c   0x00052a1c   0x00000041   Data   RO         2257    .conststring        bk3435_ble_mesh_provisioner_log_warning.lib(mesh_tb_buf.o)
    0x00052a5d   0x00052a5d   0x00000003   PAD
    0x00052a60   0x00052a60   0x0000019f   Data   RO         2287    .conststring        bk3435_ble_mesh_provisioner_log_warning.lib(m_lay_access.o)
    0x00052bff   0x00052bff   0x00000001   PAD
    0x00052c00   0x00052c00   0x00000052   Data   RO         2293    .conststring        bk3435_ble_mesh_provisioner_log_warning.lib(m_lay_proxy.o)
    0x00052c52   0x00052c52   0x00000002   PAD
    0x00052c54   0x00052c54   0x000002a1   Data   RO         2298    .conststring        bk3435_ble_mesh_provisioner_log_warning.lib(m_prov.o)
    0x00052ef5   0x00052ef5   0x00000003   PAD
    0x00052ef8   0x00052ef8   0x00000042   Data   RO         2305    .conststring        bk3435_ble_mesh_provisioner_log_warning.lib(m_tb_key.o)
    0x00052f3a   0x00052f3a   0x00000002   PAD
    0x00052f3c   0x00052f3c   0x00000056   Data   RO         2314    .conststring        bk3435_ble_mesh_provisioner_log_warning.lib(m_tb_store_nvds.o)
    0x00052f92   0x00052f92   0x00000002   PAD
    0x00052f94   0x00052f94   0x00000099   Data   RO         2319    .conststring        bk3435_ble_mesh_provisioner_log_warning.lib(m_tb_state.o)
    0x0005302d   0x0005302d   0x00000003   PAD
    0x00053030   0x00053030   0x000000c5   Data   RO         2342    .conststring        bk3435_ble_mesh_provisioner_log_warning.lib(m_fnd_confc.o)
    0x000530f5   0x000530f5   0x00000003   PAD
    0x000530f8   0x000530f8   0x00000042   Data   RO         2360    .conststring        bk3435_ble_mesh_provisioner_log_warning.lib(mal_task.o)
    0x0005313a   0x0005313a   0x00000002   PAD
    0x0005313c   0x0005313c   0x00000046   Data   RO         2373    .conststring        bk3435_ble_mesh_provisioner_log_warning.lib(m_bearer_gatt.o)
    0x00053182   0x00053182   0x00000002   PAD
    0x00053184   0x00053184   0x000000db   Data   RO         2377    .conststring        bk3435_ble_mesh_provisioner_log_warning.lib(m_fnd_confs.o)
    0x0005325f   0x0005325f   0x00000001   PAD
    0x00053260   0x00053260   0x00000042   Data   RO         2390    .conststring        bk3435_ble_mesh_provisioner_log_warning.lib(m_lay_ltrans.o)
    0x000532a2   0x000532a2   0x00000002   PAD
    0x000532a4   0x000532a4   0x00000046   Data   RO         2403    .conststring        bk3435_ble_mesh_provisioner_log_warning.lib(m_lay_utrans.o)
    0x000532ea   0x000532ea   0x00000002   PAD
    0x000532ec   0x000532ec   0x00000048   Data   RO         2412    .conststring        bk3435_ble_mesh_provisioner_log_warning.lib(m_prov_bearer.o)
    0x00053334   0x00053334   0x00000030   Data   RO         2859    Region$$Table       anon$$obj.o
    0x00053364   0x00053364   0x0000001c   Data   RO         2712    locale$$data        c_5.l(lc_numeric_c.o)
    0x00053380   0x00053380   0x00000110   Data   RO         2734    locale$$data        c_5.l(lc_ctype_c.o)


    Execution Region RAM_DATA (Exec base: 0x00400c00, Load base: 0x00053490, Size: 0x00000184, Max: 0xffffffff, ABSOLUTE, COMPRESSED[0x00000068])

    Exec Addr    Load Addr    Size         Type   Attr      Idx    E Section Name        Object

    0x00400c00   COMPRESSED   0x00000002   Data   RW          593    .data               icu.o
    0x00400c02   COMPRESSED   0x00000002   PAD
    0x00400c04   COMPRESSED   0x00000018   Data   RW          651    .data               uart.o
    0x00400c1c   COMPRESSED   0x00000008   Data   RW          760    .data               flash.o
    0x00400c24   COMPRESSED   0x00000002   Data   RW          822    .data               wdt.o
    0x00400c26   COMPRESSED   0x00000002   PAD
    0x00400c28   COMPRESSED   0x0000002c   Data   RW          841    .data               gpio.o
    0x00400c54   COMPRESSED   0x00000008   Data   RW         1066    .data               oads.o
    0x00400c5c   COMPRESSED   0x0000000c   Data   RW         1212    .data               app_light_ali_server.o
    0x00400c68   COMPRESSED   0x00000001   Data   RW         1216    .data               app_light_ali_server.o
    0x00400c69   COMPRESSED   0x00000002   Data   RW         1315    .data               app_batt.o
    0x00400c6b   COMPRESSED   0x00000002   Data   RW         1363    .data               app_fff0.o
    0x00400c6d   COMPRESSED   0x00000001   Data   RW         1389    .data               app_oads.o
    0x00400c6e   COMPRESSED   0x00000001   Data   RW         1411    .data               app_task.o
    0x00400c6f   COMPRESSED   0x00000001   Data   RW         1412    .data               app_task.o
    0x00400c70   COMPRESSED   0x00000026   Data   RW         1455    .data               app_mesh.o
    0x00400c96   COMPRESSED   0x00000002   PAD
    0x00400c98   COMPRESSED   0x0000002a   Data   RW         1501    .data               led.o
    0x00400cc2   COMPRESSED   0x00000002   PAD
    0x00400cc4   COMPRESSED   0x00000004   Data   RW         1628    .data               mesh_api.o
    0x00400cc8   COMPRESSED   0x00000004   Data   RW         1664    .data               mm_api.o
    0x00400ccc   COMPRESSED   0x00000008   Data   RW         1718    .data               m_api.o
    0x00400cd4   COMPRESSED   0x00000004   Data   RW         1756    .data               m_fnd_blob_transfer.o
    0x00400cd8   COMPRESSED   0x00000008   Data   RW         1804    .data               m_fnd_fw_update.o
    0x00400ce0   COMPRESSED   0x00000004   Data   RW         1821    .data               m_fnd_scenes.o
    0x00400ce4   COMPRESSED   0x00000002   Data   RW         1844    .data               mm_vendors.o
    0x00400ce6   COMPRESSED   0x00000002   PAD
    0x00400ce8   COMPRESSED   0x00000026   Data   RW         2240    .data               bk3435_pn9_mode.lib(rf_pn9_test.o)
    0x00400d0e   COMPRESSED   0x00000003   Data   RW         2245    .data               bk3435_ble_mesh_provisioner_log_warning.lib(lld_adv_test.o)
    0x00400d11   COMPRESSED   0x00000003   PAD
    0x00400d14   COMPRESSED   0x00000004   Data   RW         2249    .data               bk3435_ble_mesh_provisioner_log_warning.lib(mal.o)
    0x00400d18   COMPRESSED   0x00000004   Data   RW         2258    .data               bk3435_ble_mesh_provisioner_log_warning.lib(mesh_tb_buf.o)
    0x00400d1c   COMPRESSED   0x00000004   Data   RW         2263    .data               bk3435_ble_mesh_provisioner_log_warning.lib(mesh_tb_timer.o)
    0x00400d20   COMPRESSED   0x00000004   Data   RW         2267    .data               bk3435_ble_mesh_provisioner_log_warning.lib(m_bcn.o)
    0x00400d24   COMPRESSED   0x00000004   Data   RW         2274    .data               bk3435_ble_mesh_provisioner_log_warning.lib(m_bearer.o)
    0x00400d28   COMPRESSED   0x00000004   Data   RW         2280    .data               bk3435_ble_mesh_provisioner_log_warning.lib(m_fnd_hlths.o)
    0x00400d2c   COMPRESSED   0x00000004   Data   RW         2288    .data               bk3435_ble_mesh_provisioner_log_warning.lib(m_lay_access.o)
    0x00400d30   COMPRESSED   0x00000004   Data   RW         2294    .data               bk3435_ble_mesh_provisioner_log_warning.lib(m_lay_proxy.o)
    0x00400d34   COMPRESSED   0x00000008   Data   RW         2299    .data               bk3435_ble_mesh_provisioner_log_warning.lib(m_prov.o)
    0x00400d3c   COMPRESSED   0x00000004   Data   RW         2306    .data               bk3435_ble_mesh_provisioner_log_warning.lib(m_tb_key.o)
    0x00400d40   COMPRESSED   0x00000004   Data   RW         2310    .data               bk3435_ble_mesh_provisioner_log_warning.lib(m_tb_mio.o)
    0x00400d44   COMPRESSED   0x00000008   Data   RW         2315    .data               bk3435_ble_mesh_provisioner_log_warning.lib(m_tb_store_nvds.o)
    0x00400d4c   COMPRESSED   0x00000004   Data   RW         2320    .data               bk3435_ble_mesh_provisioner_log_warning.lib(m_tb_state.o)
    0x00400d50   COMPRESSED   0x00000004   Data   RW         2326    .data               bk3435_ble_mesh_provisioner_log_warning.lib(mm_tb_bind.o)
    0x00400d54   COMPRESSED   0x00000004   Data   RW         2329    .data               bk3435_ble_mesh_provisioner_log_warning.lib(mm_tb_replay.o)
    0x00400d58   COMPRESSED   0x00000004   Data   RW         2334    .data               bk3435_ble_mesh_provisioner_log_warning.lib(mm_route.o)
    0x00400d5c   COMPRESSED   0x00000004   Data   RW         2338    .data               bk3435_ble_mesh_provisioner_log_warning.lib(mm_tb_state.o)
    0x00400d60   COMPRESSED   0x00000004   Data   RW         2343    .data               bk3435_ble_mesh_provisioner_log_warning.lib(m_fnd_confc.o)
    0x00400d64   COMPRESSED   0x00000004   Data   RW         2347    .data               bk3435_ble_mesh_provisioner_log_warning.lib(mal_adv.o)
    0x00400d68   COMPRESSED   0x00000004   Data   RW         2364    .data               bk3435_ble_mesh_provisioner_log_warning.lib(mesh_tb_sec.o)
    0x00400d6c   COMPRESSED   0x00000004   Data   RW         2378    .data               bk3435_ble_mesh_provisioner_log_warning.lib(m_fnd_confs.o)
    0x00400d70   COMPRESSED   0x00000004   Data   RW         2384    .data               bk3435_ble_mesh_provisioner_log_warning.lib(m_lay_hb.o)
    0x00400d74   COMPRESSED   0x00000004   Data   RW         2391    .data               bk3435_ble_mesh_provisioner_log_warning.lib(m_lay_ltrans.o)
    0x00400d78   COMPRESSED   0x00000004   Data   RW         2397    .data               bk3435_ble_mesh_provisioner_log_warning.lib(m_lay_net.o)
    0x00400d7c   COMPRESSED   0x00000004   Data   RW         2404    .data               bk3435_ble_mesh_provisioner_log_warning.lib(m_lay_utrans.o)
    0x00400d80   COMPRESSED   0x00000001   Data   RW         2408    .data               bk3435_ble_mesh_provisioner_log_warning.lib(m_prov_adv_trans.o)


    Execution Region RAM_BSS (Exec base: 0x00400d84, Load base: 0x000534f8, Size: 0x00007e90, Max: 0xffffffff, ABSOLUTE)

    Exec Addr    Load Addr    Size         Type   Attr      Idx    E Section Name        Object

    0x00400d84        -       0x00000010   Zero   RW            6    .bss                arch_main.o
    0x00400d94        -       0x00000081   Zero   RW          369    .bss                mesh_log.o
    0x00400e15   0x000534f8   0x00000003   PAD
    0x00400e18        -       0x00005f54   Zero   RW          518    .bss                rwip.o
    0x00406d6c        -       0x0000032c   Zero   RW          650    .bss                uart.o
    0x00407098        -       0x0000000c   Zero   RW          759    .bss                flash.o
    0x004070a4        -       0x00000040   Zero   RW          800    .bss                rf_xvr.o
    0x004070e4        -       0x00000028   Zero   RW          840    .bss                gpio.o
    0x0040710c        -       0x00000014   Zero   RW          860    .bss                pwm.o
    0x00407120        -       0x000000c0   Zero   RW         1064    .bss                oads.o
    0x004071e0        -       0x000000f0   Zero   RW         1160    .bss                prf.o
    0x004072d0        -       0x000000a2   Zero   RW         1207    .bss                app_light_ali_server.o
    0x00407372        -       0x00000028   Zero   RW         1271    .bss                app.o
    0x0040739a   0x000534f8   0x00000002   PAD
    0x0040739c        -       0x00000050   Zero   RW         1448    .bss                app_mesh.o
    0x004073ec        -       0x00000074   Zero   RW         1497    .bss                led.o
    0x00407460        -       0x00000410   Zero   RW         1543    .bss                oad_common.o
    0x00407870        -       0x00000030   Zero   RW         1699    .bss                mesh_param_int.o
    0x004078a0        -       0x0000101b   Zero   RW         1753    .bss                m_fnd_blob_transfer.o
    0x004088bb        -       0x0000001b   Zero   RW         1801    .bss                m_fnd_fw_update.o
    0x004088d6   0x000534f8   0x00000002   PAD
    0x004088d8        -       0x000001c4   Zero   RW         2243    .bss                bk3435_ble_mesh_provisioner_log_warning.lib(lld_adv_test.o)
    0x00408a9c        -       0x00000018   Zero   RW         2415    .bss                bk3435_ble_mesh_provisioner_log_warning.lib(aes.o)
    0x00408ab4        -       0x00000060   Zero   RW         2730    .bss                c_5.l(libspace.o)
    0x00408b14        -       0x00000100   Zero   RW          361    Myheap              boot_handlers.o


    Execution Region RAM_STACK_UNUSED (Exec base: 0x0040a4fc, Load base: 0x000534f8, Size: 0x00000100, Max: 0x00000100, ABSOLUTE)

    Exec Addr    Load Addr    Size         Type   Attr      Idx    E Section Name        Object

    0x0040a4fc        -       0x00000100   Zero   RW            1    RAM_STACK_UNUSED.bss  anon$$obj.o


    Execution Region RAM_STACK_FIQ (Exec base: 0x0040a5fc, Load base: 0x000534f8, Size: 0x00000500, Max: 0x00000500, ABSOLUTE)

    Exec Addr    Load Addr    Size         Type   Attr      Idx    E Section Name        Object

    0x0040a5fc        -       0x00000500   Zero   RW            2    RAM_STACK_FIQ.bss   anon$$obj.o


    Execution Region RAM_STACK_IRQ (Exec base: 0x0040aafc, Load base: 0x000534f8, Size: 0x00000500, Max: 0x00000500, ABSOLUTE)

    Exec Addr    Load Addr    Size         Type   Attr      Idx    E Section Name        Object

    0x0040aafc        -       0x00000500   Zero   RW            3    RAM_STACK_IRQ.bss   anon$$obj.o


    Execution Region RAM_STACK_SVC (Exec base: 0x0040affc, Load base: 0x000534f8, Size: 0x00001000, Max: 0x00001000, ABSOLUTE)

    Exec Addr    Load Addr    Size         Type   Attr      Idx    E Section Name        Object

    0x0040affc        -       0x00001000   Zero   RW            4    RAM_STACK_SVC.bss   anon$$obj.o


    Execution Region RAM_BSS_1 (Exec base: 0x00815500, Load base: 0x000534f8, Size: 0x0000260c, Max: 0xffffffff, ABSOLUTE)

    Exec Addr    Load Addr    Size         Type   Attr      Idx    E Section Name        Object

    0x00815500        -       0x0000260c   Zero   RW          519    ke_heap             rwip.o


==============================================================================

Image component sizes


      Code (inc. data)   RO Data    RW Data    ZI Data      Debug   Object Name

       408        146         83          0          0       2345   ali_config.o
       348         30        102          0         40       6390   app.o
       220         56         40          2          0       3631   app_batt.o
       300        126         16          0          0       2220   app_dis.o
       396        144         74          2          0       5655   app_fff0.o
      2432       1022        234         13        162      18170   app_light_ali_server.o
      4732       2130       1020         38         80      16600   app_mesh.o
      1508       1018         66          0          0       3570   app_mm_msg.o
       492        178        224          1          0       4735   app_oads.o
      2144       1000        401          2          0       9229   app_task.o
      1680        840        309          0         16     134837   arch_main.o
      1092         86         56          0          0      12158   bass.o
       676         14         56          0          0      14859   bass_task.o
       512         80          0          0        256        416   boot_handlers.o
        92         32          0          0          0        364   boot_vectors.o
       384         12        168          0          0       8652   diss.o
       464          8         32          0          0      10672   diss_task.o
        24          4          0          0          0        567   emi.o
       528         50         64          0          0       6833   fff0s.o
       552          8         48          0          0       6304   fff0s_task.o
      1660        176          0          8         12       9232   flash.o
       772         20          0         44         40       4292   gpio.o
       424         36          0          2          0       3524   icu.o
       244         18          0          0          0       3892   intc.o
      3760       1342        772         42        116      14752   led.o
      1828        466        179          8          0      16528   m_api.o
      2368        484        100          0          0      14790   m_api_msg.o
      5416       2826        595          4       4123      19868   m_fnd_blob_transfer.o
      2492       1162        469          8         27       7902   m_fnd_fw_update.o
      2264        856        661          4          0      12169   m_fnd_scenes.o
       204         14          0          4          0       3550   mesh_api.o
       320         18          4          0          0       3887   mesh_api_msg.o
       680        402         19          0          0      34644   mesh_general_api.o
        92         10         17          0        129       1703   mesh_log.o
        64         10          0          0         48       1860   mesh_param_int.o
      1528        292         45          4          0      12798   mm_api.o
      1264         60         79          0          0      10413   mm_api_msg.o
       200         14          0          0          0       1721   mm_genc.o
       472        216         58          0          0       7118   mm_genc_bat.o
       576        236        105          0          0       3203   mm_genc_dtt.o
       812        238        113          0          0       9411   mm_genc_loc.o
       732        226         94          0          0       8414   mm_genc_lvl.o
       648        220        172          0          0       3654   mm_genc_oo.o
      1112        362        183          0          0       6376   mm_genc_plvl.o
       592        254        105          0          0       3195   mm_genc_poo.o
       828        262         68          0          0       4462   mm_genc_prop.o
       164         26         97          0          0       4504   mm_gens.o
      1656        584        303          0          0       6678   mm_gens_oo.o
       172         48         19          0          0       1763   mm_lightc.o
      1450        370        123          0          0       7969   mm_lightc_ctl.o
      1402        272        123          0          0       7857   mm_lightc_hsl.o
      1240        412        118          0          0       6564   mm_lightc_ln.o
      1232        328        123          0          0       7033   mm_lightc_xyl.o
      1592        290        358          0          0       4911   mm_lights.o
      4104        794        319          0          0      17291   mm_lights_ctl.o
      5160        962        590          0          0      24318   mm_lights_hsl.o
      3136        788        618          0          0      11969   mm_lights_ln.o
      2780       1100        405          2          0      13114   mm_vendors.o
      1140        706         20          0       1040       5984   oad_common.o
      2248        720        126          8        192      18215   oads.o
       796        150        106          0          0      12391   oads_task.o
       796        176          0          0        240       5888   prf.o
        96          0          0          0          0       2377   prf_utils.o
       436         18          0          0         20       3482   pwm.o
      1192        260          0          0         64     110278   rf_xvr.o
       816         26          0          0          0     116968   rwble.o
        56          0          0          0          0        647   rwble_hl.o
      1092         98          0          0      34144     113650   rwip.o
        44          4          0          0          0       3537   timer.o
      1380        188          0         24        812      54228   uart.o
       140         10          0          2          0       1311   wdt.o

    ----------------------------------------------------------------------
     84764      25578      10368        232      48480    1054492   Object Totals
        88         44         48          0       6912          0   (incl. Generated)
        20          0         41         10          7          0   (incl. Padding)

    ----------------------------------------------------------------------

      Code (inc. data)   RO Data    RW Data    ZI Data      Debug   Library Member Name

       544        124         10          0         24        308   aes.o
       888         58          8          0          0        216   aes_ccm.o
       424         46         25          0          0        140   aes_cmac.o
       112          6          0          0          0        108   aes_k1.o
       336         20         16          0          0        116   aes_k2.o
       156         46         28          0          0        100   aes_k3.o
       164         44         27          0          0        104   aes_k4.o
        88         48          7          0          0         72   aes_s1.o
      3776        734          0          3        452        452   lld_adv_test.o
      2818        406        110          4          0        800   m_bcn.o
      1516        378         90          4          0        524   m_bearer.o
      1032        150         75          0          0        368   m_bearer_adv.o
       972        286        216          0          0        376   m_bearer_gatt.o
        80          0          0          0          0        104   m_fnd.o
      1948        550        379          4          0        640   m_fnd_confc.o
      8214       2104       1509          4          0       1524   m_fnd_confs.o
       924        120        123          4          0        480   m_fnd_hlths.o
       368         54          0          0          0        104   m_lay.o
      2800        954        570          4          0        532   m_lay_access.o
       504         56         26          4          0        380   m_lay_hb.o
      3452        530        178          4          0        624   m_lay_ltrans.o
      3674        528        287          4          0        900   m_lay_net.o
      3028        416        309          4          0        824   m_lay_proxy.o
      2228        584        258          4          0        536   m_lay_utrans.o
      6972       1918       1202          8          0       1720   m_prov.o
      2472        270        380          1          0        368   m_prov_adv_trans.o
       904        264        175          0          0        432   m_prov_bearer.o
       144          0          0          0          0        104   m_tb.o
      6868       1080        251          4          0       1856   m_tb_key.o
      2660        160         74          4          0       1224   m_tb_mio.o
      1636        256        326          4          0        992   m_tb_state.o
      3386        240        185          8          0        944   m_tb_store_nvds.o
       368         12         16          4          0        396   mal.o
       672         88         12          4          0        480   mal_adv.o
      2596        122        141          0          0        592   mal_con.o
       128         10          0          0          0        180   mal_djob.o
       444         14          0          0          0        476   mal_sec.o
       364         38        146          0          0        276   mal_task.o
       356         16          0          0          0        332   mal_timer.o
       160          6          0          0          0        128   mesh.o
       112          0          0          0          0        104   mesh_tb.o
      1648        358        272          4          0        624   mesh_tb_buf.o
       844        140         20          4          0        456   mesh_tb_sec.o
       424          8          0          4          0        384   mesh_tb_timer.o
       576        128         99          4          0        396   mm_route.o
       276         24          0          0          0        188   mm_tb.o
      2096        266        214          4          0        672   mm_tb_bind.o
       388          8          0          4          0        276   mm_tb_replay.o
       424         74         40          4          0        348   mm_tb_state.o
       764        190          0         38          0        344   rf_pn9_test.o
        92          0          0          0          0          0   __dczerorl2.o
         8          0          0          0          0         68   __main.o
       392          6         17          0          0         76   __printf_flags_ss_wp.o
        14          0          0          0          0         60   __printf_wp.o
         0          0          0          0          0          0   __rtentry.o
        44          4          0          0          0          0   __rtentry2.o
         8          0          0          0          0          0   __rtentry4.o
        60          8          0          0          0          0   __scatter.o
        44          0          0          0          0          0   __scatter_zi.o
         8          0          0          0          0          0   _printf_a.o
         8          0          0          0          0          0   _printf_c.o
        54          0          0          0          0        100   _printf_char.o
        48          6          0          0          0         88   _printf_char_common.o
        46          0          0          0          0         60   _printf_charcount.o
         8          0          0          0          0          0   _printf_d.o
       116         18          0          0          0         76   _printf_dec.o
         8          0          0          0          0          0   _printf_e.o
         8          0          0          0          0          0   _printf_f.o
      1044         12          0          0          0        176   _printf_fp_dec.o
       736         10         38          0          0         84   _printf_fp_hex.o
       136         16          0          0          0         76   _printf_fp_infnan.o
         8          0          0          0          0          0   _printf_g.o
       160          4         40          0          0        148   _printf_hex_int_ll_ptr.o
         8          0          0          0          0          0   _printf_i.o
       176          0          0          0          0         84   _printf_intcommon.o
        12          0          0          0          0          0   _printf_l.o
         8          0          0          0          0          0   _printf_lc.o
        12          0          0          0          0          0   _printf_ll.o
         8          0          0          0          0          0   _printf_lld.o
         8          0          0          0          0          0   _printf_lli.o
         8          0          0          0          0          0   _printf_llo.o
         8          0          0          0          0          0   _printf_llu.o
         8          0          0          0          0          0   _printf_llx.o
       120         18          0          0          0         76   _printf_longlong_dec.o
         8          0          0          0          0          0   _printf_ls.o
         8          0          0          0          0          0   _printf_n.o
         8          0          0          0          0          0   _printf_o.o
       120         10          0          0          0        112   _printf_oct_int_ll.o
         8          0          0          0          0          0   _printf_p.o
        78          0          0          0          0        100   _printf_pad.o
         0          0          0          0          0          0   _printf_percent.o
         8          0          0          0          0          0   _printf_percent_end.o
         8          0          0          0          0          0   _printf_s.o
        82          0          0          0          0         72   _printf_str.o
        44          0          0          0          0         76   _printf_truncate.o
         8          0          0          0          0          0   _printf_u.o
        54          0          0          0          0        100   _printf_wchar.o
       188          6          8          0          0         80   _printf_wctomb.o
         8          0          0          0          0          0   _printf_x.o
        16          0          0          0          0         60   _snputc.o
        10          0          0          0          0         60   _sputc.o
        64          0          0          0          0         72   _wcrtomb.o
       216          6        148          0          0         80   bigflt0.o
      2044        128          0          0          0        672   btod.o
        16          0          0          0          0         68   exit.o
         0          0          0          0          0          0   indicate_semi.o
        72          8        272          0          0         76   lc_ctype_c.o
        72          8         28          0          0         76   lc_numeric_c.o
         2          0          0          0          0          0   libinit.o
        30          0          0          0          0          0   libinit2.o
         2          0          0          0          0          0   libshutdown.o
         2          0          0          0          0          0   libshutdown2.o
        12          4          0          0         96         68   libspace.o
        24          0          0          0          0         76   llmul.o
       152          0          0          0          0         80   lludiv10.o
        20          4          0          0          0         76   rt_ctype_table.o
        12          4          0          0          0         68   rt_locale_intlibspace.o
         4          0          0          0          0          0   rtexit.o
        12          0          0          0          0          0   rtexit2.o
        44          0          0          0          0         68   rtudiv10.o
       244          4          0          0          0         80   strcmp.o
        12          4          0          0          0         60   sys_exit.o
        96          0          0          0          0         80   sys_stackheap_outer.o
        32          0          0          0          0         68   uread4.o
         4          0          0          0          0         68   use_no_semi.o
        32          0          0          0          0         68   uwrite4.o
        56          6          0          0          0         72   vsnprintf.o
       108          4          0          0          0         92   d2f.o
       876         16          0          0          0        352   daddsub_clz.o
        16          4          0          0          0         68   dcheck1.o
        28          0          0          0          0         68   dcmpi.o
       720        140          0          0          0        208   ddiv.o
       112          4          0          0          0         92   dfixu.o
        96          0          0          0          0        136   dflt_clz.o
       148          4          0          0          0         92   dleqf.o
       376         16          0          0          0        104   dmul.o
       184          0          0          0          0         92   dnaninf.o
        16          0          0          0          0         68   dretinf.o
       140          0          0          0          0         80   drleqf.o
       192          4          0          0          0         80   drnd.o
       100          4          0          0          0         84   f2d.o
       472          8          0          0          0        236   faddsub_clz.o
        12          4          0          0          0         68   fcheck1.o
       400         76          0          0          0         96   fdiv.o
        40          0          0          0          0         68   fflt_clz.o
       256          4          0          0          0         84   fmul.o
       160          0          0          0          0         84   fnaninf.o
        16          0          0          0          0         68   fretinf.o
         8          0          0          0          0         68   istatus.o
         4          0          0          0          0         68   printf1.o
         4          0          0          0          0         68   printf2.o
       116          0          0          0          0         68   retnan.o
       104          0          0          0          0         68   scalbn.o
        92          0          0          0          0         68   scalbnf.o
        60          0          0          0          0         68   trapv.o
         0          0          0          0          0          0   usenofp.o
       300         20          0          0          0         84   ceil.o
        48          4          0          0          0         68   fpclassify.o
       220          4          0          0          0         88   round.o

    ----------------------------------------------------------------------
     90528      14542       8408        156        572      31468   Library Totals
        18          0         53          6          0          0   (incl. Padding)

    ----------------------------------------------------------------------

      Code (inc. data)   RO Data    RW Data    ZI Data      Debug   Library Name

     76964      13742       7804        112        476      24280   bk3435_ble_mesh_provisioner_log_warning.lib
       764        190          0         38          0        344   bk3435_pn9_mode.lib
      7358        294        551          0         96       3808   c_5.l
      4856        288          0          0          0       2796   fz_5s.l
       568         28          0          0          0        240   m_5s.l

    ----------------------------------------------------------------------
     90528      14542       8408        156        572      31468   Library Totals

    ----------------------------------------------------------------------

==============================================================================


      Code (inc. data)   RO Data    RW Data    ZI Data      Debug   

    175292      40120      18776        388      49052    1070968   Grand Totals
    175292      40120      18776        104      49052    1070968   ELF Image Totals (compressed)
    175292      40120      18776        104          0          0   ROM Totals

==============================================================================

    Total RO  Size (Code + RO Data)               194068 ( 189.52kB)
    Total RW  Size (RW Data + ZI Data)             49440 (  48.28kB)
    Total ROM Size (Code + RO Data + RW Data)     194172 ( 189.62kB)

==============================================================================

