Component: ARM Compiler 5.06 update 6 (build 750) Tool: armlink [4d35ed]

==============================================================================

Section Cross References

    arch_main.o(.text) refers to uart.o(.text) for uart_printf
    arch_main.o(.text) refers to flash.o(.text) for flash_read_data
    arch_main.o(.text) refers to ali_config.o(.text) for user_data_contains_ali_data
    arch_main.o(.text) refers to rwip.o(.text) for rwip_schedule
    arch_main.o(.text) refers to oads.o(.text) for oad_updating_user_section_pro
    arch_main.o(.text) refers to icu.o(.text) for icu_get_sleep_mode
    arch_main.o(.text) refers to mesh_log.o(.text) for mesh_buffer_to_hex
    arch_main.o(.text) refers to gpio.o(.text) for gpio_init
    arch_main.o(.text) refers to emi.o(.text) for emi_init
    arch_main.o(.text) refers to timer.o(.text) for timer_init
    arch_main.o(.text) refers to intc.o(.text) for intc_init
    arch_main.o(.text) refers to led.o(.text) for light_status_init
    arch_main.o(.text) refers to rf_pn9_test.o(.text) for rw_pn9_enter
    arch_main.o(.text) refers to arch_main.o(.constdata) for .constdata
    arch_main.o(.text) refers to prf.o(.text) for prf_get_id_from_task
    arch_main.o(.text) refers to rwble_hl.o(.text) for rwble_hl_reset
    arch_main.o(.text) refers to lld_adv_test.o(.text) for lld_adv_test_rx_isr_cb
    arch_main.o(.text) refers to arch_main.o(.bss) for .bss
    arch_main.o(.text) refers to arch_main.o(.conststring) for .conststring
    arch_main.o(.text) refers to boot_handlers.o(SYS_BOOT) for boot_stack_base_UNUSED
    boot_handlers.o(SYS_BOOT) refers to __main.o(!!!main) for __main
    boot_handlers.o(SYS_BOOT) refers to boot_handlers.o(Myheap) for bottom_of_heap
    boot_vectors.o(SYS_BOOT) refers to boot_handlers.o(SYS_BOOT) for sys_Reset
    boot_vectors.o(SYS_BOOT) refers to intc.o(sys_irq_entry) for SYSirq_IRQ_Handler
    boot_vectors.o(SYS_BOOT) refers to intc.o(sys_fiq_entry) for SYSirq_FIQ_Handler
    mesh_log.o(.text) refers to mesh_log.o(.bss) for .bss
    mesh_log.o(.text) refers to mesh_log.o(.constdata) for .constdata
    rwble.o(.text) refers to lld_adv_test.o(.text) for lld_adv_test_init
    rwble.o(.text) refers to rwip.o(.text) for rwip_wakeup
    rwble.o(.text) refers to wdt.o(.text) for wdt_feed
    rwble.o(.text) refers to arch_main.o(.text) for assert_param
    rwip.o(.text) refers to rf_xvr.o(.text) for rf_init
    rwip.o(.text) refers to arch_main.o(.text) for rwip_eif_get
    rwip.o(.text) refers to rwble_hl.o(.text) for rwble_hl_init
    rwip.o(.text) refers to rwble.o(.text) for rwble_init
    rwip.o(.text) refers to app.o(.text) for appm_init
    rwip.o(.text) refers to uart.o(.text) for check_uart_stop
    rwip.o(.text) refers to wdt.o(.text) for wdt_feed
    rwip.o(.text) refers to rwip.o(.bss) for .bss
    rwip.o(.text) refers to uart.o(.data) for cur_read_buf_idx
    icu.o(.text) refers to icu.o(.data) for .data
    icu.o(.text) refers to rf_xvr.o(.bss) for XVR_ANALOG_REG_BAK
    intc.o(.text) refers to icu.o(.text) for cpu_wakeup
    intc.o(.text) refers to uart.o(.text) for uart_isr
    intc.o(.text) refers to gpio.o(.text) for gpio_isr
    intc.o(.text) refers to pwm.o(.text) for pwm_isr
    intc.o(.text) refers to led.o(.text) for pwm6_irq_done
    intc.o(.text) refers to rwble.o(.text) for rwble_isr
    intc.o(sys_fiq_entry) refers to intc.o(.text) for FIQ_Exception
    intc.o(sys_irq_entry) refers to intc.o(.text) for IRQ_Exception
    uart.o(.text) refers to vsnprintf.o(.text) for vsnprintf
    uart.o(.text) refers to arch_main.o(.text) for assert_err
    uart.o(.text) refers to uart.o(.data) for .data
    uart.o(.text) refers to uart.o(.bss) for .bss
    uart.o(.text) refers to rf_pn9_test.o(.text) for pn9_test_process
    flash.o(.text) refers to uart.o(.text) for uart_printf
    flash.o(.text) refers to flash.o(.data) for .data
    flash.o(.text) refers to flash.o(.bss) for .bss
    rf_xvr.o(.text) refers to rf_xvr.o(.bss) for .bss
    wdt.o(.text) refers to wdt.o(.data) for .data
    gpio.o(.text) refers to gpio.o(.data) for .data
    gpio.o(.text) refers to gpio.o(.bss) for .bss
    pwm.o(.text) refers to pwm.o(.bss) for .bss
    bass.o(.text) refers to arch_main.o(.text) for assert_err
    bass.o(.text) refers to prf.o(.text) for prf_env_get
    bass.o(.text) refers to bass.o(.constdata) for .constdata
    bass.o(.text) refers to bass_task.o(.constdata) for bass_default_handler
    bass.o(.constdata) refers to bass.o(.text) for bass_init
    bass_task.o(.text) refers to prf.o(.text) for prf_env_get
    bass_task.o(.text) refers to bass.o(.text) for bass_exe_operation
    bass_task.o(.text) refers to prf_utils.o(.text) for prf_pack_char_pres_fmt
    bass_task.o(.constdata) refers to bass_task.o(.text) for bass_enable_req_handler
    bass_task.o(.constdata) refers to bass_task.o(.constdata) for bass_default_state
    diss.o(.text) refers to diss.o(.constdata) for .constdata
[...]
    light_cwrgb                              0x00400cb8   Data          10  led.o(.data)
    p_mesh_api_cb                            0x00400cc4   Data           4  mesh_api.o(.data)
    p_mm_api_cb                              0x00400cc8   Data           4  mm_api.o(.data)
    p_m_api_cb                               0x00400ccc   Data           4  m_api.o(.data)
    p_m_api_fault_cb                         0x00400cd0   Data           4  m_api.o(.data)
    oad_calcuCrc                             0x00400cd8   Data           4  m_fnd_fw_update.o(.data)
    p_APB_XVER_ADDR                          0x00400cec   Data           4  rf_pn9_test.o(.data)
    tx_rsp_buffer                            0x00400cf0   Data           7  rf_pn9_test.o(.data)
    rx_rsp_buffer                            0x00400cf7   Data           7  rf_pn9_test.o(.data)
    error_cmd_rsp                            0x00400cfe   Data           7  rf_pn9_test.o(.data)
    test_end_rsp_buffer                      0x00400d05   Data           9  rf_pn9_test.o(.data)
    is_evt_end_isr                           0x00400d0e   Data           1  lld_adv_test.o(.data)
    lld_scan_act_id                          0x00400d0f   Data           1  lld_adv_test.o(.data)
    lld_scan_win_size                        0x00400d10   Data           1  lld_adv_test.o(.data)
    p_mal_env                                0x00400d14   Data           4  mal.o(.data)
    p_m_bearer_env                           0x00400d24   Data           4  m_bearer.o(.data)
    p_m_lay_proxy_env                        0x00400d30   Data           4  m_lay_proxy.o(.data)
    link_open_dis                            0x00400d34   Data           1  m_prov.o(.data)
    p_m_prov_env                             0x00400d38   Data           4  m_prov.o(.data)
    trans_count                              0x00400d84   Data           1  m_prov_adv_trans.o(.data)
    Image$$RAM_BSS$$Base                     0x00400d88   Number         0  anon$$obj.o ABSOLUTE
    uart_api                                 0x00400d88   Data          16  arch_main.o(.bss)
    rwip_heap_env                            0x00400e2c   Data         924  rwip.o(.bss)
    rwip_heap_db                             0x004011c8   Data       20492  rwip.o(.bss)
    rwip_heap_msg                            0x004061d4   Data        6892  rwip.o(.bss)
    rwip_heap_non_ret                        0x00407cc0   Data         524  rwip.o(.bss)
    uart_rx_buf                              0x00407ecc   Data         256  uart.o(.bss)
    uart_env                                 0x00407fcc   Data          44  uart.o(.bss)
    uart_buff                                0x00407ff8   Data         256  uart.o(.bss)
    temp_buf                                 0x004080f8   Data         256  uart.o(.bss)
    flash_env                                0x004081f8   Data          12  flash.o(.bss)
    XVR_ANALOG_REG_BAK                       0x00408204   Data          64  rf_xvr.o(.bss)
    GPIO_CFG_BACKUP                          0x00408244   Data          20  gpio.o(.bss)
    GPIO_DATA_BACKUP                         0x00408258   Data          20  gpio.o(.bss)
    bsec                                     0x00408280   Data         192  oads.o(.bss)
    prf_env                                  0x00408340   Data         240  prf.o(.bss)
    quick_onoff_timer                        0x00408430   Data          24  app_light_ali_server.o(.bss)
    light_state_store_timer                  0x00408448   Data          24  app_light_ali_server.o(.bss)
    light_prov_timer                         0x00408460   Data          24  app_light_ali_server.o(.bss)
    light_unbind_timer                       0x00408478   Data          24  app_light_ali_server.o(.bss)
    light_prov_timeout_timer                 0x00408490   Data          24  app_light_ali_server.o(.bss)
    ali_light_report                         0x004084a8   Data          32  app_light_ali_server.o(.bss)
    app_env                                  0x004084d2   Data          40  app.o(.bss)
    app_mesh_env                             0x004084fc   Data          28  app_mesh.o(.bss)
    app_mesh_unprov_dev                      0x00408518   Data          28  app_mesh.o(.bss)
    binding_timer                            0x00408534   Data          24  app_mesh.o(.bss)
    pwm1                                     0x00408560   Data          16  led.o(.bss)
    pwm2                                     0x00408570   Data          16  led.o(.bss)
    pwm3                                     0x00408580   Data          16  led.o(.bss)
    pwm4                                     0x00408590   Data          16  led.o(.bss)
    pwm5                                     0x004085a0   Data          16  led.o(.bss)
    pwm6                                     0x004085b0   Data          16  led.o(.bss)
    crc32_table                              0x004085c0   Data        1024  oad_common.o(.bss)
    hdr_back                                 0x004089c0   Data          16  oad_common.o(.bss)
    m_stack_param                            0x004089d0   Data          48  mesh_param_int.o(.bss)
    crc_buf                                  0x00408a1b   Data        4096  m_fnd_blob_transfer.o(.bss)
    lld_adv_test_env                         0x00409a38   Data         464  lld_adv_test.o(.bss)
    aes_env                                  0x00409c08   Data          24  aes.o(.bss)
    __libspace_start                         0x00409c20   Data          96  libspace.o(.bss)
    __temporary_stack_top$libspace           0x00409c80   Data           0  libspace.o(.bss)
    Image$$RAM_STACK_UNUSED$$Base            0x0040a4fc   Number         0  anon$$obj.o ABSOLUTE
    Image$$RAM_STACK_FIQ$$Base               0x0040a5fc   Number         0  anon$$obj.o ABSOLUTE
    Image$$RAM_STACK_IRQ$$Base               0x0040aafc   Number         0  anon$$obj.o ABSOLUTE
    Image$$RAM_STACK_SVC$$Base               0x0040affc   Number         0  anon$$obj.o ABSOLUTE



==============================================================================

Memory Map of the image

  Image Entry point : 0x00023e84

  Load Region SECTIONS (Base: 0x00023e00, Size: 0x0002eef0, Max: 0xffffffff, ABSOLUTE, COMPRESSED[0x0002edd0])

    Execution Region ROM_SYS (Exec base: 0x00023e00, Load base: 0x00023e00, Size: 0x00000284, Max: 0xffffffff, ABSOLUTE)

    Exec Addr    Load Addr    Size         Type   Attr      Idx    E Section Name        Object

    0x00023e00   0x00023e00   0x0000005c   Code   RO          365  * SYS_BOOT            boot_vectors.o
    0x00023e5c   0x00023e5c   0x00000200   Code   RO          360  * SYS_BOOT            boot_handlers.o
    0x0002405c   0x0002405c   0x00000008   Ven    RO         2874    Veneer$$Code        anon$$obj.o
    0x00024064   0x00024064   0x00000008   Ven    RO         2875    Veneer$$Code        anon$$obj.o
    0x0002406c   0x0002406c   0x00000008   Ven    RO         2876    Veneer$$Code        anon$$obj.o
    0x00024074   0x00024074   0x00000008   Ven    RO         2877    Veneer$$Code        anon$$obj.o
    0x0002407c   0x0002407c   0x00000008   Ven    RO         2878    Veneer$$Code        anon$$obj.o


    Execution Region FAST_CALL_SEG (Exec base: 0x00024100, Load base: 0x00024100, Size: 0x00000030, Max: 0xffffffff, ABSOLUTE, FIXED)

    Exec Addr    Load Addr    Size         Type   Attr      Idx    E Section Name        Object

    0x00024100   0x00024100   0x00000010   Code   RO          610    sys_fiq_entry       intc.o
    0x00024110   0x00024110   0x00000010   PAD
    0x00024120   0x00024120   0x00000010   Code   RO          611    sys_irq_entry       intc.o


    Execution Region ROM (Exec base: 0x00024130, Load base: 0x00024130, Size: 0x0002ea38, Max: 0xffffffff, ABSOLUTE)

    Exec Addr    Load Addr    Size         Type   Attr      Idx    E Section Name        Object

    0x00024130   0x00024130   0x00000008   Code   RO         2459  * !!!main             c_5.l(__main.o)
    0x00024138   0x00024138   0x0000003c   Code   RO         2862    !!!scatter          c_5.l(__scatter.o)
    0x00024174   0x00024174   0x0000005c   Code   RO         2860    !!dczerorl2         c_5.l(__dczerorl2.o)
    0x000241d0   0x000241d0   0x0000002c   Code   RO         2864    !!handler_zi        c_5.l(__scatter_zi.o)
    0x000241fc   0x000241fc   0x00000000   Code   RO         2599    .ARM.Collect$$_printf_percent$$00000000  c_5.l(_printf_percent.o)
    0x000241fc   0x000241fc   0x00000008   Code   RO         2588    .ARM.Collect$$_printf_percent$$00000001  c_5.l(_printf_n.o)
    0x00024204   0x00024204   0x00000008   Code   RO         2590    .ARM.Collect$$_printf_percent$$00000002  c_5.l(_printf_p.o)
    0x0002420c   0x0002420c   0x00000008   Code   RO         2595    .ARM.Collect$$_printf_percent$$00000003  c_5.l(_printf_f.o)
    0x00024214   0x00024214   0x00000008   Code   RO         2596    .ARM.Collect$$_printf_percent$$00000004  c_5.l(_printf_e.o)
    0x0002421c   0x0002421c   0x00000008   Code   RO         2597    .ARM.Collect$$_printf_percent$$00000005  c_5.l(_printf_g.o)
    0x00024224   0x00024224   0x00000008   Code   RO         2598    .ARM.Collect$$_printf_percent$$00000006  c_5.l(_printf_a.o)
    0x0002422c   0x0002422c   0x0000000c   Code   RO         2603    .ARM.Collect$$_printf_percent$$00000007  c_5.l(_printf_ll.o)
    0x00024238   0x00024238   0x00000008   Code   RO         2592    .ARM.Collect$$_printf_percent$$00000008  c_5.l(_printf_i.o)
    0x00024240   0x00024240   0x00000008   Code   RO         2593    .ARM.Collect$$_printf_percent$$00000009  c_5.l(_printf_d.o)
    0x00024248   0x00024248   0x00000008   Code   RO         2594    .ARM.Collect$$_printf_percent$$0000000A  c_5.l(_printf_u.o)
    0x00024250   0x00024250   0x00000008   Code   RO         2591    .ARM.Collect$$_printf_percent$$0000000B  c_5.l(_printf_o.o)
    0x00024258   0x00024258   0x00000008   Code   RO         2589    .ARM.Collect$$_printf_percent$$0000000C  c_5.l(_printf_x.o)
    0x00024260   0x00024260   0x00000008   Code   RO         2600    .ARM.Collect$$_printf_percent$$0000000D  c_5.l(_printf_lli.o)
    0x00024268   0x00024268   0x00000008   Code   RO         2601    .ARM.Collect$$_printf_percent$$0000000E  c_5.l(_printf_lld.o)
    0x00024270   0x00024270   0x00000008   Code   RO         2602    .ARM.Collect$$_printf_percent$$0000000F  c_5.l(_printf_llu.o)
    0x00024278   0x00024278   0x00000008   Code   RO         2607    .ARM.Collect$$_printf_percent$$00000010  c_5.l(_printf_llo.o)
    0x00024280   0x00024280   0x00000008   Code   RO         2608    .ARM.Collect$$_printf_percent$$00000011  c_5.l(_printf_llx.o)
    0x00024288   0x00024288   0x0000000c   Code   RO         2604    .ARM.Collect$$_printf_percent$$00000012  c_5.l(_printf_l.o)
    0x00024294   0x00024294   0x00000008   Code   RO         2586    .ARM.Collect$$_printf_percent$$00000013  c_5.l(_printf_c.o)
    0x0002429c   0x0002429c   0x00000008   Code   RO         2587    .ARM.Collect$$_printf_percent$$00000014  c_5.l(_printf_s.o)
    0x000242a4   0x000242a4   0x00000008   Code   RO         2605    .ARM.Collect$$_printf_percent$$00000015  c_5.l(_printf_lc.o)
    0x000242ac   0x000242ac   0x00000008   Code   RO         2606    .ARM.Collect$$_printf_percent$$00000016  c_5.l(_printf_ls.o)
    0x000242b4   0x000242b4   0x00000008   Code   RO         2666    .ARM.Collect$$_printf_percent$$00000017  c_5.l(_printf_percent_end.o)
    0x000242bc   0x000242bc   0x00000002   Code   RO         2721    .ARM.Collect$$libinit$$00000000  c_5.l(libinit.o)
    0x000242be   0x000242be   0x00000000   Code   RO         2737    .ARM.Collect$$libinit$$00000002  c_5.l(libinit2.o)
    0x000242be   0x000242be   0x00000000   Code   RO         2739    .ARM.Collect$$libinit$$00000004  c_5.l(libinit2.o)
    0x000242be   0x000242be   0x00000000   Code   RO         2742    .ARM.Collect$$libinit$$0000000A  c_5.l(libinit2.o)
    0x000242be   0x000242be   0x00000000   Code   RO         2744    .ARM.Collect$$libinit$$0000000C  c_5.l(libinit2.o)
    0x000242be   0x000242be   0x00000000   Code   RO         2746    .ARM.Collect$$libinit$$0000000E  c_5.l(libinit2.o)
    0x000242be   0x000242be   0x00000006   Code   RO         2747    .ARM.Collect$$libinit$$0000000F  c_5.l(libinit2.o)
    0x000242c4   0x000242c4   0x00000000   Code   RO         2749    .ARM.Collect$$libinit$$00000011  c_5.l(libinit2.o)
    0x000242c4   0x000242c4   0x0000000c   Code   RO         2750    .ARM.Collect$$libinit$$00000012  c_5.l(libinit2.o)
    0x000242d0   0x000242d0   0x00000000   Code   RO         2751    .ARM.Collect$$libinit$$00000013  c_5.l(libinit2.o)
    0x000242d0   0x000242d0   0x00000000   Code   RO         2753    .ARM.Collect$$libinit$$00000015  c_5.l(libinit2.o)
    0x000242d0   0x000242d0   0x0000000a   Code   RO         2754    .ARM.Collect$$libinit$$00000016  c_5.l(libinit2.o)
    0x000242da   0x000242da   0x00000000   Code   RO         2755    .ARM.Collect$$libinit$$00000017  c_5.l(libinit2.o)
    0x000242da   0x000242da   0x00000000   Code   RO         2757    .ARM.Collect$$libinit$$00000019  c_5.l(libinit2.o)
    0x000242da   0x000242da   0x00000000   Code   RO         2759    .ARM.Collect$$libinit$$0000001B  c_5.l(libinit2.o)
    0x000242da   0x000242da   0x00000000   Code   RO         2761    .ARM.Collect$$libinit$$0000001D  c_5.l(libinit2.o)
    0x000242da   0x000242da   0x00000000   Code   RO         2763    .ARM.Collect$$libinit$$0000001F  c_5.l(libinit2.o)
    0x000242da   0x000242da   0x00000000   Code   RO         2765    .ARM.Collect$$libinit$$00000021  c_5.l(libinit2.o)
    0x000242da   0x000242da   0x00000000   Code   RO         2767    .ARM.Collect$$libinit$$00000023  c_5.l(libinit2.o)
    0x000242da   0x000242da   0x00000000   Code   RO         2769    .ARM.Collect$$libinit$$00000025  c_5.l(libinit2.o)
    0x000242da   0x000242da   0x00000000   Code   RO         2773    .ARM.Collect$$libinit$$0000002C  c_5.l(libinit2.o)
    0x000242da   0x000242da   0x00000000   Code   RO         2775    .ARM.Collect$$libinit$$0000002E  c_5.l(libinit2.o)
    0x000242da   0x000242da   0x00000000   Code   RO         2777    .ARM.Collect$$libinit$$00000030  c_5.l(libinit2.o)
    0x000242da   0x000242da   0x00000000   Code   RO         2779    .ARM.Collect$$libinit$$00000032  c_5.l(libinit2.o)
    0x000242da   0x000242da   0x00000002   Code   RO         2780    .ARM.Collect$$libinit$$00000033  c_5.l(libinit2.o)
    0x000242dc   0x000242dc   0x00000002   Code   RO         2800    .ARM.Collect$$libshutdown$$00000000  c_5.l(libshutdown.o)
    0x000242de   0x000242de   0x00000000   Code   RO         2813    .ARM.Collect$$libshutdown$$00000002  c_5.l(libshutdown2.o)
    0x000242de   0x000242de   0x00000000   Code   RO         2815    .ARM.Collect$$libshutdown$$00000004  c_5.l(libshutdown2.o)
    0x000242de   0x000242de   0x00000000   Code   RO         2818    .ARM.Collect$$libshutdown$$00000007  c_5.l(libshutdown2.o)
    0x000242de   0x000242de   0x00000000   Code   RO         2821    .ARM.Collect$$libshutdown$$0000000A  c_5.l(libshutdown2.o)
    0x000242de   0x000242de   0x00000000   Code   RO         2823    .ARM.Collect$$libshutdown$$0000000C  c_5.l(libshutdown2.o)
    0x000242de   0x000242de   0x00000000   Code   RO         2826    .ARM.Collect$$libshutdown$$0000000F  c_5.l(libshutdown2.o)
    0x000242de   0x000242de   0x00000002   Code   RO         2827    .ARM.Collect$$libshutdown$$00000010  c_5.l(libshutdown2.o)
    0x000242e0   0x000242e0   0x00000000   Code   RO         2515    .ARM.Collect$$rtentry$$00000000  c_5.l(__rtentry.o)
    0x000242e0   0x000242e0   0x00000000   Code   RO         2637    .ARM.Collect$$rtentry$$00000002  c_5.l(__rtentry2.o)
    0x000242e0   0x000242e0   0x00000008   Code   RO         2649    .ARM.Collect$$rtentry$$00000004  c_5.l(__rtentry4.o)
    0x000242e8   0x000242e8   0x00000000   Code   RO         2639    .ARM.Collect$$rtentry$$00000009  c_5.l(__rtentry2.o)
    0x000242e8   0x000242e8   0x00000004   Code   RO         2640    .ARM.Collect$$rtentry$$0000000A  c_5.l(__rtentry2.o)
    0x000242ec   0x000242ec   0x00000000   Code   RO         2642    .ARM.Collect$$rtentry$$0000000C  c_5.l(__rtentry2.o)
    0x000242ec   0x000242ec   0x00000028   Code   RO         2643    .ARM.Collect$$rtentry$$0000000D  c_5.l(__rtentry2.o)
    0x00024314   0x00024314   0x00000004   Code   RO         2731    .ARM.Collect$$rtexit$$00000000  c_5.l(rtexit.o)
    0x00024318   0x00024318   0x00000000   Code   RO         2782    .ARM.Collect$$rtexit$$00000002  c_5.l(rtexit2.o)
    0x00024318   0x00024318   0x00000004   Code   RO         2783    .ARM.Collect$$rtexit$$00000003  c_5.l(rtexit2.o)
    0x0002431c   0x0002431c   0x00000008   Code   RO         2784    .ARM.Collect$$rtexit$$00000004  c_5.l(rtexit2.o)
    0x00024324   0x00024324   0x00000690   Code   RO            5    .text               arch_main.o
    0x000249b4   0x000249b4   0x0000005c   Code   RO          368    .text               mesh_log.o
    0x00024a10   0x00024a10   0x00000038   Code   RO          393    .text               rwble_hl.o
    0x00024a48   0x00024a48   0x00000330   Code   RO          420    .text               rwble.o
    0x00024d78   0x00024d78   0x00000440   Code   RO          517    .text               rwip.o
    0x000251b8   0x000251b8   0x000001a8   Code   RO          591    .text               icu.o
    0x00025360   0x00025360   0x000000d4   Code   RO          609    .text               intc.o
    0x00025434   0x00025434   0x00000564   Code   RO          647    .text               uart.o
    0x00025998   0x00025998   0x00000018   Code   RO          745    .text               emi.o
    0x000259b0   0x000259b0   0x0000067c   Code   RO          757    .text               flash.o
    0x0002602c   0x0002602c   0x0000002c   Code   RO          777    .text               timer.o
    0x00026058   0x00026058   0x000004a8   Code   RO          798    .text               rf_xvr.o
    0x00026500   0x00026500   0x0000008c   Code   RO          820    .text               wdt.o
    0x0002658c   0x0002658c   0x00000304   Code   RO          838    .text               gpio.o
    0x00026890   0x00026890   0x000001b4   Code   RO          858    .text               pwm.o
    0x00026a44   0x00026a44   0x00000444   Code   RO          876    .text               bass.o
    0x00026e88   0x00026e88   0x000002a4   Code   RO          914    .text               bass_task.o
    0x0002712c   0x0002712c   0x00000180   Code   RO          952    .text               diss.o
    0x000272ac   0x000272ac   0x000001d0   Code   RO          985    .text               diss_task.o
    0x0002747c   0x0002747c   0x00000210   Code   RO         1022    .text               fff0s.o
    0x0002768c   0x0002768c   0x00000228   Code   RO         1044    .text               fff0s_task.o
    0x000278b4   0x000278b4   0x000008c8   Code   RO         1062    .text               oads.o
    0x0002817c   0x0002817c   0x0000031c   Code   RO         1128    .text               oads_task.o
    0x00028498   0x00028498   0x0000031c   Code   RO         1158    .text               prf.o
    0x000287b4   0x000287b4   0x00000060   Code   RO         1180    .text               prf_utils.o
    0x00028814   0x00028814   0x00000198   Code   RO         1192    .text               ali_config.o
    0x000289ac   0x000289ac   0x00000980   Code   RO         1205    .text               app_light_ali_server.o
    0x0002932c   0x0002932c   0x0000015c   Code   RO         1269    .text               app.o
    0x00029488   0x00029488   0x000000dc   Code   RO         1311    .text               app_batt.o
    0x00029564   0x00029564   0x0000012c   Code   RO         1335    .text               app_dis.o
    0x00029690   0x00029690   0x0000018c   Code   RO         1358    .text               app_fff0.o
    0x0002981c   0x0002981c   0x000001ec   Code   RO         1384    .text               app_oads.o
    0x00029a08   0x00029a08   0x00000860   Code   RO         1405    .text               app_task.o
    0x0002a268   0x0002a268   0x0000127c   Code   RO         1446    .text               app_mesh.o
    0x0002b4e4   0x0002b4e4   0x00000eb0   Code   RO         1495    .text               led.o
    0x0002c394   0x0002c394   0x000005e4   Code   RO         1527    .text               app_mm_msg.o
    0x0002c978   0x0002c978   0x00000474   Code   RO         1541    .text               oad_common.o
    0x0002cdec   0x0002cdec   0x000002a8   Code   RO         1561    .text               mesh_general_api.o
    0x0002d094   0x0002d094   0x00000940   Code   RO         1599    .text               m_api_msg.o
    0x0002d9d4   0x0002d9d4   0x000000cc   Code   RO         1626    .text               mesh_api.o
    0x0002daa0   0x0002daa0   0x00000140   Code   RO         1647    .text               mesh_api_msg.o
    0x0002dbe0   0x0002dbe0   0x000005f8   Code   RO         1661    .text               mm_api.o
    0x0002e1d8   0x0002e1d8   0x000004f0   Code   RO         1683    .text               mm_api_msg.o
    0x0002e6c8   0x0002e6c8   0x00000040   Code   RO         1697    .text               mesh_param_int.o
    0x0002e708   0x0002e708   0x00000724   Code   RO         1715    .text               m_api.o
    0x0002ee2c   0x0002ee2c   0x00001528   Code   RO         1751    .text               m_fnd_blob_transfer.o
    0x00030354   0x00030354   0x000009bc   Code   RO         1799    .text               m_fnd_fw_update.o
    0x00030d10   0x00030d10   0x000008d8   Code   RO         1817    .text               m_fnd_scenes.o
    0x000315e8   0x000315e8   0x00000adc   Code   RO         1840    .text               mm_vendors.o
    0x000320c4   0x000320c4   0x000000a4   Code   RO         1864    .text               mm_gens.o
    0x00032168   0x00032168   0x00000678   Code   RO         1905    .text               mm_gens_oo.o
    0x000327e0   0x000327e0   0x00000638   Code   RO         1937    .text               mm_lights.o
    0x00032e18   0x00032e18   0x00001008   Code   RO         1951    .text               mm_lights_ctl.o
    0x00033e20   0x00033e20   0x00001428   Code   RO         1964    .text               mm_lights_hsl.o
    0x00035248   0x00035248   0x00000c40   Code   RO         1982    .text               mm_lights_ln.o
    0x00035e88   0x00035e88   0x000004d0   Code   RO         1996    .text               mm_lightc_xyl.o
    0x00036358   0x00036358   0x0000033c   Code   RO         2015    .text               mm_genc_prop.o
    0x00036694   0x00036694   0x000004d8   Code   RO         2034    .text               mm_lightc_ln.o
    0x00036b6c   0x00036b6c   0x0000057a   Code   RO         2047    .text               mm_lightc_hsl.o
    0x000370e6   0x000370e6   0x00000002   PAD
    0x000370e8   0x000370e8   0x000005aa   Code   RO         2060    .text               mm_lightc_ctl.o
    0x00037692   0x00037692   0x00000002   PAD
    0x00037694   0x00037694   0x000000ac   Code   RO         2073    .text               mm_lightc.o
    0x00037740   0x00037740   0x00000250   Code   RO         2086    .text               mm_genc_poo.o
    0x00037990   0x00037990   0x00000458   Code   RO         2099    .text               mm_genc_plvl.o
    0x00037de8   0x00037de8   0x00000288   Code   RO         2113    .text               mm_genc_oo.o
    0x00038070   0x00038070   0x000002dc   Code   RO         2127    .text               mm_genc_lvl.o
    0x0003834c   0x0003834c   0x0000032c   Code   RO         2144    .text               mm_genc_loc.o
    0x00038678   0x00038678   0x00000240   Code   RO         2161    .text               mm_genc_dtt.o
    0x000388b8   0x000388b8   0x000001d8   Code   RO         2174    .text               mm_genc_bat.o
    0x00038a90   0x00038a90   0x000000c8   Code   RO         2191    .text               mm_genc.o
    0x00038b58   0x00038b58   0x000002fc   Code   RO         2238    .text               bk3435_pn9_mode.lib(rf_pn9_test.o)
    0x00038e54   0x00038e54   0x00000e3c   Code   RO         2241    .text               bk3435_ble_mesh_provisioner_log_warning.lib(lld_adv_test.o)
    0x00039c90   0x00039c90   0x00000170   Code   RO         2246    .text               bk3435_ble_mesh_provisioner_log_warning.lib(mal.o)
    0x00039e00   0x00039e00   0x00000164   Code   RO         2250    .text               bk3435_ble_mesh_provisioner_log_warning.lib(mal_timer.o)
    0x00039f64   0x00039f64   0x00000070   Code   RO         2252    .text               bk3435_ble_mesh_provisioner_log_warning.lib(mesh_tb.o)
    0x00039fd4   0x00039fd4   0x00000670   Code   RO         2254    .text               bk3435_ble_mesh_provisioner_log_warning.lib(mesh_tb_buf.o)
    0x0003a644   0x0003a644   0x000001b8   Code   RO         2261    .text               bk3435_ble_mesh_provisioner_log_warning.lib(mesh_tb_timer.o)
    0x0003a7fc   0x0003a7fc   0x00000a9c   Code   RO         2264    .text               bk3435_ble_mesh_provisioner_log_warning.lib(m_bcn.o)
    0x0003b298   0x0003b298   0x00000630   Code   RO         2270    .text               bk3435_ble_mesh_provisioner_log_warning.lib(m_bearer.o)
    0x0003b8c8   0x0003b8c8   0x00000050   Code   RO         2275    .text               bk3435_ble_mesh_provisioner_log_warning.lib(m_fnd.o)
    0x0003b918   0x0003b918   0x0000039c   Code   RO         2277    .text               bk3435_ble_mesh_provisioner_log_warning.lib(m_fnd_hlths.o)
    0x0003bcb4   0x0003bcb4   0x00000170   Code   RO         2281    .text               bk3435_ble_mesh_provisioner_log_warning.lib(m_lay.o)
    0x0003be24   0x0003be24   0x00000a4c   Code   RO         2283    .text               bk3435_ble_mesh_provisioner_log_warning.lib(m_lay_access.o)
    0x0003c870   0x0003c870   0x00000be8   Code   RO         2289    .text               bk3435_ble_mesh_provisioner_log_warning.lib(m_lay_proxy.o)
    0x0003d458   0x0003d458   0x00001b3c   Code   RO         2295    .text               bk3435_ble_mesh_provisioner_log_warning.lib(m_prov.o)
    0x0003ef94   0x0003ef94   0x00000090   Code   RO         2300    .text               bk3435_ble_mesh_provisioner_log_warning.lib(m_tb.o)
    0x0003f024   0x0003f024   0x00001ad4   Code   RO         2302    .text               bk3435_ble_mesh_provisioner_log_warning.lib(m_tb_key.o)
    0x00040af8   0x00040af8   0x00000a64   Code   RO         2307    .text               bk3435_ble_mesh_provisioner_log_warning.lib(m_tb_mio.o)
    0x0004155c   0x0004155c   0x00000d3a   Code   RO         2311    .text               bk3435_ble_mesh_provisioner_log_warning.lib(m_tb_store_nvds.o)
    0x00042296   0x00042296   0x00000002   PAD
    0x00042298   0x00042298   0x00000644   Code   RO         2316    .text               bk3435_ble_mesh_provisioner_log_warning.lib(m_tb_state.o)
    0x000428dc   0x000428dc   0x00000114   Code   RO         2321    .text               bk3435_ble_mesh_provisioner_log_warning.lib(mm_tb.o)
    0x000429f0   0x000429f0   0x000007e4   Code   RO         2323    .text               bk3435_ble_mesh_provisioner_log_warning.lib(mm_tb_bind.o)
    0x000431d4   0x000431d4   0x00000184   Code   RO         2327    .text               bk3435_ble_mesh_provisioner_log_warning.lib(mm_tb_replay.o)
    0x00043358   0x00043358   0x00000210   Code   RO         2330    .text               bk3435_ble_mesh_provisioner_log_warning.lib(mm_route.o)
    0x00043568   0x00043568   0x000001a8   Code   RO         2335    .text               bk3435_ble_mesh_provisioner_log_warning.lib(mm_tb_state.o)
    0x00043710   0x00043710   0x00000538   Code   RO         2339    .text               bk3435_ble_mesh_provisioner_log_warning.lib(m_fnd_confc.o)
    0x00043c48   0x00043c48   0x0000027c   Code   RO         2344    .text               bk3435_ble_mesh_provisioner_log_warning.lib(mal_adv.o)
    0x00043ec4   0x00043ec4   0x000009f4   Code   RO         2348    .text               bk3435_ble_mesh_provisioner_log_warning.lib(mal_con.o)
    0x000448b8   0x000448b8   0x000000a8   Code   RO         2352    .text               bk3435_ble_mesh_provisioner_log_warning.lib(mal_djob.o)
    0x00044960   0x00044960   0x000001bc   Code   RO         2354    .text               bk3435_ble_mesh_provisioner_log_warning.lib(mal_sec.o)
    0x00044b1c   0x00044b1c   0x0000017c   Code   RO         2356    .text               bk3435_ble_mesh_provisioner_log_warning.lib(mal_task.o)
    0x00044c98   0x00044c98   0x0000034c   Code   RO         2361    .text               bk3435_ble_mesh_provisioner_log_warning.lib(mesh_tb_sec.o)
    0x00044fe4   0x00044fe4   0x000000a0   Code   RO         2365    .text               bk3435_ble_mesh_provisioner_log_warning.lib(mesh.o)
    0x00045084   0x00045084   0x00000420   Code   RO         2367    .text               bk3435_ble_mesh_provisioner_log_warning.lib(m_bearer_adv.o)
    0x000454a4   0x000454a4   0x000003d4   Code   RO         2370    .text               bk3435_ble_mesh_provisioner_log_warning.lib(m_bearer_gatt.o)
    0x00045878   0x00045878   0x00001be0   Code   RO         2374    .text               bk3435_ble_mesh_provisioner_log_warning.lib(m_fnd_confs.o)
    0x00047458   0x00047458   0x000001f8   Code   RO         2379    .text               bk3435_ble_mesh_provisioner_log_warning.lib(m_lay_hb.o)
    0x00047650   0x00047650   0x00000d7c   Code   RO         2385    .text               bk3435_ble_mesh_provisioner_log_warning.lib(m_lay_ltrans.o)
    0x000483cc   0x000483cc   0x00000f3c   Code   RO         2392    .text               bk3435_ble_mesh_provisioner_log_warning.lib(m_lay_net.o)
    0x00049308   0x00049308   0x000008b4   Code   RO         2398    .text               bk3435_ble_mesh_provisioner_log_warning.lib(m_lay_utrans.o)
    0x00049bbc   0x00049bbc   0x000009a8   Code   RO         2405    .text               bk3435_ble_mesh_provisioner_log_warning.lib(m_prov_adv_trans.o)
    0x0004a564   0x0004a564   0x0000042c   Code   RO         2409    .text               bk3435_ble_mesh_provisioner_log_warning.lib(m_prov_bearer.o)
    0x0004a990   0x0004a990   0x000001f0   Code   RO         2413    .text               bk3435_ble_mesh_provisioner_log_warning.lib(aes.o)
    0x0004ab80   0x0004ab80   0x00000378   Code   RO         2417    .text               bk3435_ble_mesh_provisioner_log_warning.lib(aes_ccm.o)
    0x0004aef8   0x0004aef8   0x000001a8   Code   RO         2420    .text               bk3435_ble_mesh_provisioner_log_warning.lib(aes_cmac.o)
    0x0004b0a0   0x0004b0a0   0x00000070   Code   RO         2423    .text               bk3435_ble_mesh_provisioner_log_warning.lib(aes_k1.o)
    0x0004b110   0x0004b110   0x00000150   Code   RO         2425    .text               bk3435_ble_mesh_provisioner_log_warning.lib(aes_k2.o)
    0x0004b260   0x0004b260   0x0000009c   Code   RO         2428    .text               bk3435_ble_mesh_provisioner_log_warning.lib(aes_k3.o)
    0x0004b2fc   0x0004b2fc   0x000000a4   Code   RO         2431    .text               bk3435_ble_mesh_provisioner_log_warning.lib(aes_k4.o)
    0x0004b3a0   0x0004b3a0   0x00000058   Code   RO         2434    .text               bk3435_ble_mesh_provisioner_log_warning.lib(aes_s1.o)
    0x0004b3f8   0x0004b3f8   0x00000018   Code   RO         2439    .text               c_5.l(llmul.o)
    0x0004b410   0x0004b410   0x00000038   Code   RO         2443    .text               c_5.l(vsnprintf.o)
    0x0004b448   0x0004b448   0x000000f4   Code   RO         2453    .text               c_5.l(strcmp.o)
    0x0004b53c   0x0004b53c   0x00000020   Code   RO         2455    .text               c_5.l(uread4.o)
    0x0004b55c   0x0004b55c   0x00000020   Code   RO         2457    .text               c_5.l(uwrite4.o)
    0x0004b57c   0x0004b57c   0x0000004e   Code   RO         2518    .text               c_5.l(_printf_pad.o)
    0x0004b5ca   0x0004b5ca   0x0000002c   Code   RO         2520    .text               c_5.l(_printf_truncate.o)
    0x0004b5f6   0x0004b5f6   0x00000052   Code   RO         2522    .text               c_5.l(_printf_str.o)
    0x0004b648   0x0004b648   0x00000008   Ven    RO         2524    .text               c_5.l(_printf_dec.o)
    0x0004b650   0x0004b650   0x0000006c   Code   RO         2524    .text               c_5.l(_printf_dec.o)
    0x0004b6bc   0x0004b6bc   0x00000008   Ven    RO         2526    .text               c_5.l(_printf_charcount.o)
    0x0004b6c4   0x0004b6c4   0x00000026   Code   RO         2526    .text               c_5.l(_printf_charcount.o)
    0x0004b6ea   0x0004b6ea   0x00000002   PAD
    0x0004b6ec   0x0004b6ec   0x00000030   Code   RO         2528    .text               c_5.l(_printf_char_common.o)
    0x0004b71c   0x0004b71c   0x0000000a   Code   RO         2530    .text               c_5.l(_sputc.o)
    0x0004b726   0x0004b726   0x00000010   Code   RO         2532    .text               c_5.l(_snputc.o)
    0x0004b736   0x0004b736   0x00000002   PAD
    0x0004b738   0x0004b738   0x000000bc   Code   RO         2534    .text               c_5.l(_printf_wctomb.o)
    0x0004b7f4   0x0004b7f4   0x00000008   Ven    RO         2537    .text               c_5.l(_printf_longlong_dec.o)
    0x0004b7fc   0x0004b7fc   0x00000070   Code   RO         2537    .text               c_5.l(_printf_longlong_dec.o)
    0x0004b86c   0x0004b86c   0x00000008   Ven    RO         2543    .text               c_5.l(_printf_oct_int_ll.o)
    0x0004b874   0x0004b874   0x00000070   Code   RO         2543    .text               c_5.l(_printf_oct_int_ll.o)
    0x0004b8e4   0x0004b8e4   0x00000008   Ven    RO         2563    .text               c_5.l(_printf_hex_int_ll_ptr.o)
    0x0004b8ec   0x0004b8ec   0x00000098   Code   RO         2563    .text               c_5.l(_printf_hex_int_ll_ptr.o)
    0x0004b984   0x0004b984   0x00000188   Code   RO         2583    .text               c_5.l(__printf_flags_ss_wp.o)
    0x0004bb0c   0x0004bb0c   0x00000098   Code   RO         2651    .text               c_5.l(lludiv10.o)
    0x0004bba4   0x0004bba4   0x000000b0   Code   RO         2653    .text               c_5.l(_printf_intcommon.o)
    0x0004bc54   0x0004bc54   0x00000414   Code   RO         2655    .text               c_5.l(_printf_fp_dec.o)
    0x0004c068   0x0004c068   0x00000008   Ven    RO         2657    .text               c_5.l(_printf_fp_hex.o)
    0x0004c070   0x0004c070   0x000002d8   Code   RO         2657    .text               c_5.l(_printf_fp_hex.o)
    0x0004c348   0x0004c348   0x00000008   Ven    RO         2662    .text               c_5.l(_printf_char.o)
    0x0004c350   0x0004c350   0x0000002e   Code   RO         2662    .text               c_5.l(_printf_char.o)
    0x0004c37e   0x0004c37e   0x00000002   PAD
    0x0004c380   0x0004c380   0x00000008   Ven    RO         2664    .text               c_5.l(_printf_wchar.o)
    0x0004c388   0x0004c388   0x0000002e   Code   RO         2664    .text               c_5.l(_printf_wchar.o)
    0x0004c3b6   0x0004c3b6   0x00000040   Code   RO         2667    .text               c_5.l(_wcrtomb.o)
    0x0004c3f6   0x0004c3f6   0x00000002   PAD
    0x0004c3f8   0x0004c3f8   0x0000002c   Code   RO         2669    .text               c_5.l(rtudiv10.o)
    0x0004c424   0x0004c424   0x00000060   Code   RO         2675    .text               c_5.l(sys_stackheap_outer.o)
    0x0004c484   0x0004c484   0x00000014   Code   RO         2677    .text               c_5.l(rt_ctype_table.o)
    0x0004c498   0x0004c498   0x0000000c   Code   RO         2682    .text               c_5.l(rt_locale_intlibspace.o)
    0x0004c4a4   0x0004c4a4   0x00000088   Code   RO         2684    .text               c_5.l(_printf_fp_infnan.o)
    0x0004c52c   0x0004c52c   0x000000d8   Code   RO         2686    .text               c_5.l(bigflt0.o)
    0x0004c604   0x0004c604   0x00000010   Code   RO         2714    .text               c_5.l(exit.o)
    0x0004c614   0x0004c614   0x0000000c   Code   RO         2728    .text               c_5.l(libspace.o)
    0x0004c620   0x0004c620   0x0000000c   Code   RO         2792    .text               c_5.l(sys_exit.o)
    0x0004c62c   0x0004c62c   0x00000004   Code   RO         2803    .text               c_5.l(use_no_semi.o)
    0x0004c630   0x0004c630   0x00000000   Code   RO         2805    .text               c_5.l(indicate_semi.o)
    0x0004c630   0x0004c630   0x00000038   Code   RO         2689    CL$$btod_d2e        c_5.l(btod.o)
    0x0004c668   0x0004c668   0x00000054   Code   RO         2691    CL$$btod_d2e_denorm_low  c_5.l(btod.o)
    0x0004c6bc   0x0004c6bc   0x00000068   Code   RO         2690    CL$$btod_d2e_norm_op1  c_5.l(btod.o)
    0x0004c724   0x0004c724   0x00000348   Code   RO         2699    CL$$btod_div_common  c_5.l(btod.o)
    0x0004ca6c   0x0004ca6c   0x000000f4   Code   RO         2696    CL$$btod_e2e        c_5.l(btod.o)
    0x0004cb60   0x0004cb60   0x00000034   Code   RO         2693    CL$$btod_ediv       c_5.l(btod.o)
    0x0004cb94   0x0004cb94   0x00000034   Code   RO         2692    CL$$btod_emul       c_5.l(btod.o)
    0x0004cbc8   0x0004cbc8   0x00000264   Code   RO         2698    CL$$btod_mult_common  c_5.l(btod.o)
    0x0004ce2c   0x0004ce2c   0x00000008   Ven    RO         2879    Veneer$$Code        anon$$obj.o
    0x0004ce34   0x0004ce34   0x00000008   Ven    RO         2880    Veneer$$Code        anon$$obj.o
    0x0004ce3c   0x0004ce3c   0x00000008   Ven    RO         2881    Veneer$$Code        anon$$obj.o
    0x0004ce44   0x0004ce44   0x00000008   Ven    RO         2882    Veneer$$Code        anon$$obj.o
    0x0004ce4c   0x0004ce4c   0x00000008   Ven    RO         2883    Veneer$$Code        anon$$obj.o
    0x0004ce54   0x0004ce54   0x00000008   Ven    RO         2884    Veneer$$Code        anon$$obj.o
    0x0004ce5c   0x0004ce5c   0x0000003a   Code   RO         2268    i.__ARM_common_ctz  bk3435_ble_mesh_provisioner_log_warning.lib(m_bcn.o)
    0x0004ce96   0x0004ce96   0x00000002   PAD
    0x0004ce98   0x0004ce98   0x00000030   Code   RO         2726    i.__ARM_fpclassify  m_5s.l(fpclassify.o)
    0x0004cec8   0x0004cec8   0x0000000e   Code   RO         2576    i._is_digit         c_5.l(__printf_wp.o)
    0x0004ced6   0x0004ced6   0x00000002   PAD
    0x0004ced8   0x0004ced8   0x0000012c   Code   RO         2510    i.ceil              m_5s.l(ceil.o)
    0x0004d004   0x0004d004   0x000000dc   Code   RO         2513    i.round             m_5s.l(round.o)
    0x0004d0e0   0x0004d0e0   0x00000048   Code   RO         2712    locale$$code        c_5.l(lc_numeric_c.o)
    0x0004d128   0x0004d128   0x00000048   Code   RO         2734    locale$$code        c_5.l(lc_ctype_c.o)
    0x0004d170   0x0004d170   0x0000006c   Code   RO         2461    x$fpl$d2f           fz_5s.l(d2f.o)
    0x0004d1dc   0x0004d1dc   0x00000154   Code   RO         2463    x$fpl$dadd          fz_5s.l(daddsub_clz.o)
    0x0004d330   0x0004d330   0x00000010   Code   RO         2609    x$fpl$dcheck1       fz_5s.l(dcheck1.o)
    0x0004d340   0x0004d340   0x0000001c   Code   RO         2671    x$fpl$dcmpinf       fz_5s.l(dcmpi.o)
    0x0004d35c   0x0004d35c   0x000002d0   Code   RO         2470    x$fpl$ddiv          fz_5s.l(ddiv.o)
    0x0004d62c   0x0004d62c   0x00000070   Code   RO         2473    x$fpl$dfixu         fz_5s.l(dfixu.o)
    0x0004d69c   0x0004d69c   0x00000034   Code   RO         2478    x$fpl$dflt          fz_5s.l(dflt_clz.o)
    0x0004d6d0   0x0004d6d0   0x0000002c   Code   RO         2477    x$fpl$dfltu         fz_5s.l(dflt_clz.o)
    0x0004d6fc   0x0004d6fc   0x00000094   Code   RO         2611    x$fpl$dleqf         fz_5s.l(dleqf.o)
    0x0004d790   0x0004d790   0x00000178   Code   RO         2483    x$fpl$dmul          fz_5s.l(dmul.o)
    0x0004d908   0x0004d908   0x000000b8   Code   RO         2613    x$fpl$dnaninf       fz_5s.l(dnaninf.o)
    0x0004d9c0   0x0004d9c0   0x00000010   Code   RO         2615    x$fpl$dretinf       fz_5s.l(dretinf.o)
    0x0004d9d0   0x0004d9d0   0x0000008c   Code   RO         2617    x$fpl$drleqf        fz_5s.l(drleqf.o)
    0x0004da5c   0x0004da5c   0x000000c0   Code   RO         2619    x$fpl$drnd          fz_5s.l(drnd.o)
    0x0004db1c   0x0004db1c   0x00000018   Code   RO         2464    x$fpl$drsb          fz_5s.l(daddsub_clz.o)
    0x0004db34   0x0004db34   0x00000200   Code   RO         2465    x$fpl$dsub          fz_5s.l(daddsub_clz.o)
    0x0004dd34   0x0004dd34   0x00000064   Code   RO         2485    x$fpl$f2d           fz_5s.l(f2d.o)
    0x0004dd98   0x0004dd98   0x000000c4   Code   RO         2487    x$fpl$fadd          fz_5s.l(faddsub_clz.o)
    0x0004de5c   0x0004de5c   0x0000000c   Code   RO         2621    x$fpl$fcheck1       fz_5s.l(fcheck1.o)
    0x0004de68   0x0004de68   0x00000190   Code   RO         2494    x$fpl$fdiv          fz_5s.l(fdiv.o)
    0x0004dff8   0x0004dff8   0x00000028   Code   RO         2497    x$fpl$ffltu         fz_5s.l(fflt_clz.o)
    0x0004e020   0x0004e020   0x00000100   Code   RO         2503    x$fpl$fmul          fz_5s.l(fmul.o)
    0x0004e120   0x0004e120   0x000000a0   Code   RO         2623    x$fpl$fnaninf       fz_5s.l(fnaninf.o)
    0x0004e1c0   0x0004e1c0   0x00000010   Code   RO         2625    x$fpl$fretinf       fz_5s.l(fretinf.o)
    0x0004e1d0   0x0004e1d0   0x00000014   Code   RO         2488    x$fpl$frsb          fz_5s.l(faddsub_clz.o)
    0x0004e1e4   0x0004e1e4   0x00000100   Code   RO         2489    x$fpl$fsub          fz_5s.l(faddsub_clz.o)
    0x0004e2e4   0x0004e2e4   0x00000008   Code   RO         2722    x$fpl$ieeestatus    fz_5s.l(istatus.o)
    0x0004e2ec   0x0004e2ec   0x00000004   Code   RO         2627    x$fpl$printf1       fz_5s.l(printf1.o)
    0x0004e2f0   0x0004e2f0   0x00000004   Code   RO         2629    x$fpl$printf2       fz_5s.l(printf2.o)
    0x0004e2f4   0x0004e2f4   0x00000074   Code   RO         2673    x$fpl$retnan        fz_5s.l(retnan.o)
    0x0004e368   0x0004e368   0x00000068   Code   RO         2505    x$fpl$scalbn        fz_5s.l(scalbn.o)
    0x0004e3d0   0x0004e3d0   0x0000005c   Code   RO         2507    x$fpl$scalbnf       fz_5s.l(scalbnf.o)
    0x0004e42c   0x0004e42c   0x0000003c   Code   RO         2724    x$fpl$trapveneer    fz_5s.l(trapv.o)
    0x0004e468   0x0004e468   0x00000000   Code   RO         2635    x$fpl$usenofp       fz_5s.l(usenofp.o)
    0x0004e468   0x0004e468   0x0000002e   Data   RO            7    .constdata          arch_main.o
    0x0004e496   0x0004e496   0x00000011   Data   RO          370    .constdata          mesh_log.o
    0x0004e4a7   0x0004e4a7   0x00000001   PAD
    0x0004e4a8   0x0004e4a8   0x00000038   Data   RO          877    .constdata          bass.o
    0x0004e4e0   0x0004e4e0   0x00000030   Data   RO          915    .constdata          bass_task.o
    0x0004e510   0x0004e510   0x00000008   Data   RO          916    .constdata          bass_task.o
    0x0004e518   0x0004e518   0x000000a8   Data   RO          953    .constdata          diss.o
    0x0004e5c0   0x0004e5c0   0x00000018   Data   RO          986    .constdata          diss_task.o
    0x0004e5d8   0x0004e5d8   0x00000008   Data   RO          987    .constdata          diss_task.o
    0x0004e5e0   0x0004e5e0   0x00000040   Data   RO         1023    .constdata          fff0s.o
    0x0004e620   0x0004e620   0x00000028   Data   RO         1045    .constdata          fff0s_task.o
    0x0004e648   0x0004e648   0x00000008   Data   RO         1046    .constdata          fff0s_task.o
    0x0004e650   0x0004e650   0x0000007e   Data   RO         1064    .constdata          oads.o
    0x0004e6ce   0x0004e6ce   0x00000002   PAD
    0x0004e6d0   0x0004e6d0   0x00000030   Data   RO         1129    .constdata          oads_task.o
    0x0004e700   0x0004e700   0x00000008   Data   RO         1130    .constdata          oads_task.o
    0x0004e708   0x0004e708   0x00000032   Data   RO         1131    .constdata          oads_task.o
    0x0004e73a   0x0004e73a   0x00000053   Data   RO         1193    .constdata          ali_config.o
    0x0004e78d   0x0004e78d   0x0000004f   Data   RO         1207    .constdata          app_light_ali_server.o
    0x0004e7dc   0x0004e7dc   0x00000024   Data   RO         1271    .constdata          app.o
    0x0004e800   0x0004e800   0x00000020   Data   RO         1312    .constdata          app_batt.o
    0x0004e820   0x0004e820   0x00000008   Data   RO         1313    .constdata          app_batt.o
    0x0004e828   0x0004e828   0x00000008   Data   RO         1336    .constdata          app_dis.o
    0x0004e830   0x0004e830   0x00000008   Data   RO         1337    .constdata          app_dis.o
    0x0004e838   0x0004e838   0x00000028   Data   RO         1359    .constdata          app_fff0.o
    0x0004e860   0x0004e860   0x00000008   Data   RO         1360    .constdata          app_fff0.o
    0x0004e868   0x0004e868   0x0000001a   Data   RO         1361    .constdata          app_fff0.o
    0x0004e882   0x0004e882   0x00000002   PAD
    0x0004e884   0x0004e884   0x00000030   Data   RO         1385    .constdata          app_oads.o
    0x0004e8b4   0x0004e8b4   0x00000008   Data   RO         1386    .constdata          app_oads.o
    0x0004e8bc   0x0004e8bc   0x000000a8   Data   RO         1387    .constdata          app_oads.o
    0x0004e964   0x0004e964   0x00000088   Data   RO         1406    .constdata          app_task.o
    0x0004e9ec   0x0004e9ec   0x00000008   Data   RO         1407    .constdata          app_task.o
    0x0004e9f4   0x0004e9f4   0x000000b5   Data   RO         1408    .constdata          app_task.o
    0x0004eaa9   0x0004eaa9   0x00000003   PAD
    0x0004eaac   0x0004eaac   0x00000088   Data   RO         1450    .constdata          app_mesh.o
    0x0004eb34   0x0004eb34   0x00000008   Data   RO         1451    .constdata          app_mesh.o
    0x0004eb3c   0x0004eb3c   0x00000149   Data   RO         1452    .constdata          app_mesh.o
    0x0004ec85   0x0004ec85   0x00000003   PAD
    0x0004ec88   0x0004ec88   0x00000304   Data   RO         1499    .constdata          led.o
    0x0004ef8c   0x0004ef8c   0x00000014   Data   RO         1543    .constdata          oad_common.o
    0x0004efa0   0x0004efa0   0x00000013   Data   RO         1562    .constdata          mesh_general_api.o
    0x0004efb3   0x0004efb3   0x00000001   PAD
    0x0004efb4   0x0004efb4   0x00000064   Data   RO         1600    .constdata          m_api_msg.o
    0x0004f018   0x0004f018   0x00000004   Data   RO         1648    .constdata          mesh_api_msg.o
    0x0004f01c   0x0004f01c   0x0000002d   Data   RO         1662    .constdata          mm_api.o
    0x0004f049   0x0004f049   0x00000003   PAD
    0x0004f04c   0x0004f04c   0x0000004f   Data   RO         1684    .constdata          mm_api_msg.o
    0x0004f09b   0x0004f09b   0x000000b3   Data   RO         1716    .constdata          m_api.o
    0x0004f14e   0x0004f14e   0x00000002   PAD
    0x0004f150   0x0004f150   0x000001bc   Data   RO         1753    .constdata          m_fnd_blob_transfer.o
    0x0004f30c   0x0004f30c   0x00000150   Data   RO         1801    .constdata          m_fnd_fw_update.o
    0x0004f45c   0x0004f45c   0x0000015d   Data   RO         1818    .constdata          m_fnd_scenes.o
    0x0004f5b9   0x0004f5b9   0x00000032   Data   RO         1841    .constdata          mm_vendors.o
    0x0004f5eb   0x0004f5eb   0x00000014   Data   RO         1865    .constdata          mm_gens.o
    0x0004f5ff   0x0004f5ff   0x0000009f   Data   RO         1906    .constdata          mm_gens_oo.o
    0x0004f69e   0x0004f69e   0x0000005f   Data   RO         1938    .constdata          mm_lights.o
    0x0004f6fd   0x0004f6fd   0x0000013f   Data   RO         1952    .constdata          mm_lights_ctl.o
    0x0004f83c   0x0004f83c   0x000001fa   Data   RO         1965    .constdata          mm_lights_hsl.o
    0x0004fa36   0x0004fa36   0x00000108   Data   RO         1983    .constdata          mm_lights_ln.o
    0x0004fb3e   0x0004fb3e   0x0000007b   Data   RO         1997    .constdata          mm_lightc_xyl.o
    0x0004fbb9   0x0004fbb9   0x00000044   Data   RO         2016    .constdata          mm_genc_prop.o
    0x0004fbfd   0x0004fbfd   0x00000076   Data   RO         2035    .constdata          mm_lightc_ln.o
    0x0004fc73   0x0004fc73   0x0000007b   Data   RO         2048    .constdata          mm_lightc_hsl.o
    0x0004fcee   0x0004fcee   0x0000007b   Data   RO         2061    .constdata          mm_lightc_ctl.o
    0x0004fd69   0x0004fd69   0x00000013   Data   RO         2074    .constdata          mm_lightc.o
    0x0004fd7c   0x0004fd7c   0x00000069   Data   RO         2087    .constdata          mm_genc_poo.o
    0x0004fde5   0x0004fde5   0x00000076   Data   RO         2100    .constdata          mm_genc_plvl.o
    0x0004fe5b   0x0004fe5b   0x0000006b   Data   RO         2114    .constdata          mm_genc_oo.o
    0x0004fec6   0x0004fec6   0x0000005e   Data   RO         2128    .constdata          mm_genc_lvl.o
    0x0004ff24   0x0004ff24   0x00000071   Data   RO         2145    .constdata          mm_genc_loc.o
    0x0004ff95   0x0004ff95   0x00000069   Data   RO         2162    .constdata          mm_genc_dtt.o
    0x0004fffe   0x0004fffe   0x0000003a   Data   RO         2175    .constdata          mm_genc_bat.o
    0x00050038   0x00050038   0x00000010   Data   RO         2247    .constdata          bk3435_ble_mesh_provisioner_log_warning.lib(mal.o)
    0x00050048   0x00050048   0x000000cf   Data   RO         2255    .constdata          bk3435_ble_mesh_provisioner_log_warning.lib(mesh_tb_buf.o)
    0x00050117   0x00050117   0x00000001   PAD
    0x00050118   0x00050118   0x00000063   Data   RO         2265    .constdata          bk3435_ble_mesh_provisioner_log_warning.lib(m_bcn.o)
    0x0005017b   0x0005017b   0x00000001   PAD
    0x0005017c   0x0005017c   0x00000008   Data   RO         2271    .constdata          bk3435_ble_mesh_provisioner_log_warning.lib(m_bearer.o)
    0x00050184   0x00050184   0x00000052   Data   RO         2272    .constdata          bk3435_ble_mesh_provisioner_log_warning.lib(m_bearer.o)
    0x000501d6   0x000501d6   0x00000002   PAD
    0x000501d8   0x000501d8   0x0000007b   Data   RO         2278    .constdata          bk3435_ble_mesh_provisioner_log_warning.lib(m_fnd_hlths.o)
    0x00050253   0x00050253   0x00000001   PAD
    0x00050254   0x00050254   0x00000008   Data   RO         2284    .constdata          bk3435_ble_mesh_provisioner_log_warning.lib(m_lay_access.o)
    0x0005025c   0x0005025c   0x0000007a   Data   RO         2285    .constdata          bk3435_ble_mesh_provisioner_log_warning.lib(m_lay_access.o)
    0x000502d6   0x000502d6   0x00000002   PAD
    0x000502d8   0x000502d8   0x00000010   Data   RO         2290    .constdata          bk3435_ble_mesh_provisioner_log_warning.lib(m_lay_proxy.o)
    0x000502e8   0x000502e8   0x000000d3   Data   RO         2291    .constdata          bk3435_ble_mesh_provisioner_log_warning.lib(m_lay_proxy.o)
    0x000503bb   0x000503bb   0x00000001   PAD
    0x000503bc   0x000503bc   0x00000211   Data   RO         2296    .constdata          bk3435_ble_mesh_provisioner_log_warning.lib(m_prov.o)
    0x000505cd   0x000505cd   0x000000b9   Data   RO         2303    .constdata          bk3435_ble_mesh_provisioner_log_warning.lib(m_tb_key.o)
    0x00050686   0x00050686   0x0000004a   Data   RO         2308    .constdata          bk3435_ble_mesh_provisioner_log_warning.lib(m_tb_mio.o)
    0x000506d0   0x000506d0   0x00000063   Data   RO         2312    .constdata          bk3435_ble_mesh_provisioner_log_warning.lib(m_tb_store_nvds.o)
    0x00050733   0x00050733   0x00000092   Data   RO         2317    .constdata          bk3435_ble_mesh_provisioner_log_warning.lib(m_tb_state.o)
    0x000507c5   0x000507c5   0x0000008f   Data   RO         2324    .constdata          bk3435_ble_mesh_provisioner_log_warning.lib(mm_tb_bind.o)
    0x00050854   0x00050854   0x00000010   Data   RO         2331    .constdata          bk3435_ble_mesh_provisioner_log_warning.lib(mm_route.o)
    0x00050864   0x00050864   0x00000053   Data   RO         2332    .constdata          bk3435_ble_mesh_provisioner_log_warning.lib(mm_route.o)
    0x000508b7   0x000508b7   0x00000028   Data   RO         2336    .constdata          bk3435_ble_mesh_provisioner_log_warning.lib(mm_tb_state.o)
    0x000508df   0x000508df   0x00000001   PAD
    0x000508e0   0x000508e0   0x00000053   Data   RO         2340    .constdata          bk3435_ble_mesh_provisioner_log_warning.lib(m_fnd_confc.o)
    0x00050933   0x00050933   0x00000001   PAD
    0x00050934   0x00050934   0x0000000c   Data   RO         2345    .constdata          bk3435_ble_mesh_provisioner_log_warning.lib(mal_adv.o)
    0x00050940   0x00050940   0x00000060   Data   RO         2349    .constdata          bk3435_ble_mesh_provisioner_log_warning.lib(mal_con.o)
    0x000509a0   0x000509a0   0x00000010   Data   RO         2350    .constdata          bk3435_ble_mesh_provisioner_log_warning.lib(mal_con.o)
    0x000509b0   0x000509b0   0x00000048   Data   RO         2357    .constdata          bk3435_ble_mesh_provisioner_log_warning.lib(mal_task.o)
    0x000509f8   0x000509f8   0x00000008   Data   RO         2358    .constdata          bk3435_ble_mesh_provisioner_log_warning.lib(mal_task.o)
    0x00050a00   0x00050a00   0x00000014   Data   RO         2362    .constdata          bk3435_ble_mesh_provisioner_log_warning.lib(mesh_tb_sec.o)
    0x00050a14   0x00050a14   0x00000039   Data   RO         2368    .constdata          bk3435_ble_mesh_provisioner_log_warning.lib(m_bearer_adv.o)
    0x00050a4d   0x00050a4d   0x00000003   PAD
    0x00050a50   0x00050a50   0x00000092   Data   RO         2371    .constdata          bk3435_ble_mesh_provisioner_log_warning.lib(m_bearer_gatt.o)
    0x00050ae2   0x00050ae2   0x00000002   PAD
    0x00050ae4   0x00050ae4   0x00000471   Data   RO         2375    .constdata          bk3435_ble_mesh_provisioner_log_warning.lib(m_fnd_confs.o)
    0x00050f55   0x00050f55   0x00000003   PAD
    0x00050f58   0x00050f58   0x00000008   Data   RO         2380    .constdata          bk3435_ble_mesh_provisioner_log_warning.lib(m_lay_hb.o)
    0x00050f60   0x00050f60   0x00000004   Data   RO         2381    .constdata          bk3435_ble_mesh_provisioner_log_warning.lib(m_lay_hb.o)
    0x00050f64   0x00050f64   0x0000000e   Data   RO         2382    .constdata          bk3435_ble_mesh_provisioner_log_warning.lib(m_lay_hb.o)
    0x00050f72   0x00050f72   0x00000002   PAD
    0x00050f74   0x00050f74   0x00000004   Data   RO         2386    .constdata          bk3435_ble_mesh_provisioner_log_warning.lib(m_lay_ltrans.o)
    0x00050f78   0x00050f78   0x00000010   Data   RO         2387    .constdata          bk3435_ble_mesh_provisioner_log_warning.lib(m_lay_ltrans.o)
    0x00050f88   0x00050f88   0x0000005c   Data   RO         2388    .constdata          bk3435_ble_mesh_provisioner_log_warning.lib(m_lay_ltrans.o)
    0x00050fe4   0x00050fe4   0x00000004   Data   RO         2393    .constdata          bk3435_ble_mesh_provisioner_log_warning.lib(m_lay_net.o)
    0x00050fe8   0x00050fe8   0x00000010   Data   RO         2394    .constdata          bk3435_ble_mesh_provisioner_log_warning.lib(m_lay_net.o)
    0x00050ff8   0x00050ff8   0x0000010b   Data   RO         2395    .constdata          bk3435_ble_mesh_provisioner_log_warning.lib(m_lay_net.o)
    0x00051103   0x00051103   0x00000001   PAD
    0x00051104   0x00051104   0x00000004   Data   RO         2399    .constdata          bk3435_ble_mesh_provisioner_log_warning.lib(m_lay_utrans.o)
    0x00051108   0x00051108   0x00000008   Data   RO         2400    .constdata          bk3435_ble_mesh_provisioner_log_warning.lib(m_lay_utrans.o)
    0x00051110   0x00051110   0x000000b0   Data   RO         2401    .constdata          bk3435_ble_mesh_provisioner_log_warning.lib(m_lay_utrans.o)
    0x000511c0   0x000511c0   0x0000017c   Data   RO         2406    .constdata          bk3435_ble_mesh_provisioner_log_warning.lib(m_prov_adv_trans.o)
    0x0005133c   0x0005133c   0x00000089   Data   RO         2410    .constdata          bk3435_ble_mesh_provisioner_log_warning.lib(m_prov_bearer.o)
    0x000513c5   0x000513c5   0x0000000a   Data   RO         2415    .constdata          bk3435_ble_mesh_provisioner_log_warning.lib(aes.o)
    0x000513cf   0x000513cf   0x00000008   Data   RO         2418    .constdata          bk3435_ble_mesh_provisioner_log_warning.lib(aes_ccm.o)
    0x000513d7   0x000513d7   0x00000019   Data   RO         2421    .constdata          bk3435_ble_mesh_provisioner_log_warning.lib(aes_cmac.o)
    0x000513f0   0x000513f0   0x00000010   Data   RO         2426    .constdata          bk3435_ble_mesh_provisioner_log_warning.lib(aes_k2.o)
    0x00051400   0x00051400   0x0000001c   Data   RO         2429    .constdata          bk3435_ble_mesh_provisioner_log_warning.lib(aes_k3.o)
    0x0005141c   0x0005141c   0x0000001b   Data   RO         2432    .constdata          bk3435_ble_mesh_provisioner_log_warning.lib(aes_k4.o)
    0x00051437   0x00051437   0x00000007   Data   RO         2435    .constdata          bk3435_ble_mesh_provisioner_log_warning.lib(aes_s1.o)
    0x0005143e   0x0005143e   0x00000002   PAD
    0x00051440   0x00051440   0x00000008   Data   RO         2535    .constdata          c_5.l(_printf_wctomb.o)
    0x00051448   0x00051448   0x00000028   Data   RO         2564    .constdata          c_5.l(_printf_hex_int_ll_ptr.o)
    0x00051470   0x00051470   0x00000011   Data   RO         2584    .constdata          c_5.l(__printf_flags_ss_wp.o)
    0x00051481   0x00051481   0x00000026   Data   RO         2658    .constdata          c_5.l(_printf_fp_hex.o)
    0x000514a7   0x000514a7   0x00000001   PAD
    0x000514a8   0x000514a8   0x00000094   Data   RO         2687    .constdata          c_5.l(bigflt0.o)
    0x0005153c   0x0005153c   0x00000107   Data   RO            8    .conststring        arch_main.o
    0x00051643   0x00051643   0x00000001   PAD
    0x00051644   0x00051644   0x0000009b   Data   RO         1208    .conststring        app_light_ali_server.o
    0x000516df   0x000516df   0x00000001   PAD
    0x000516e0   0x000516e0   0x00000042   Data   RO         1272    .conststring        app.o
    0x00051722   0x00051722   0x00000002   PAD
    0x00051724   0x00051724   0x0000004c   Data   RO         1409    .conststring        app_task.o
    0x00051770   0x00051770   0x00000223   Data   RO         1453    .conststring        app_mesh.o
    0x00051993   0x00051993   0x00000001   PAD
    0x00051994   0x00051994   0x00000042   Data   RO         1528    .conststring        app_mm_msg.o
    0x000519d6   0x000519d6   0x00000002   PAD
    0x000519d8   0x000519d8   0x00000097   Data   RO         1754    .conststring        m_fnd_blob_transfer.o
    0x00051a6f   0x00051a6f   0x00000001   PAD
    0x00051a70   0x00051a70   0x00000085   Data   RO         1802    .conststring        m_fnd_fw_update.o
    0x00051af5   0x00051af5   0x00000003   PAD
    0x00051af8   0x00051af8   0x00000138   Data   RO         1819    .conststring        m_fnd_scenes.o
    0x00051c30   0x00051c30   0x00000163   Data   RO         1842    .conststring        mm_vendors.o
    0x00051d93   0x00051d93   0x00000001   PAD
    0x00051d94   0x00051d94   0x0000004d   Data   RO         1866    .conststring        mm_gens.o
    0x00051de1   0x00051de1   0x00000003   PAD
    0x00051de4   0x00051de4   0x00000090   Data   RO         1907    .conststring        mm_gens_oo.o
    0x00051e74   0x00051e74   0x00000107   Data   RO         1939    .conststring        mm_lights.o
    0x00051f7b   0x00051f7b   0x00000001   PAD
    0x00051f7c   0x00051f7c   0x00000054   Data   RO         1966    .conststring        mm_lights_hsl.o
    0x00051fd0   0x00051fd0   0x00000162   Data   RO         1984    .conststring        mm_lights_ln.o
    0x00052132   0x00052132   0x00000002   PAD
    0x00052134   0x00052134   0x00000041   Data   RO         2101    .conststring        mm_genc_plvl.o
    0x00052175   0x00052175   0x00000003   PAD
    0x00052178   0x00052178   0x00000041   Data   RO         2115    .conststring        mm_genc_oo.o
    0x000521b9   0x000521b9   0x00000003   PAD
    0x000521bc   0x000521bc   0x00000041   Data   RO         2256    .conststring        bk3435_ble_mesh_provisioner_log_warning.lib(mesh_tb_buf.o)
    0x000521fd   0x000521fd   0x00000003   PAD
    0x00052200   0x00052200   0x0000019f   Data   RO         2286    .conststring        bk3435_ble_mesh_provisioner_log_warning.lib(m_lay_access.o)
    0x0005239f   0x0005239f   0x00000001   PAD
    0x000523a0   0x000523a0   0x00000052   Data   RO         2292    .conststring        bk3435_ble_mesh_provisioner_log_warning.lib(m_lay_proxy.o)
    0x000523f2   0x000523f2   0x00000002   PAD
    0x000523f4   0x000523f4   0x000002a1   Data   RO         2297    .conststring        bk3435_ble_mesh_provisioner_log_warning.lib(m_prov.o)
    0x00052695   0x00052695   0x00000003   PAD
    0x00052698   0x00052698   0x00000042   Data   RO         2304    .conststring        bk3435_ble_mesh_provisioner_log_warning.lib(m_tb_key.o)
    0x000526da   0x000526da   0x00000002   PAD
    0x000526dc   0x000526dc   0x00000056   Data   RO         2313    .conststring        bk3435_ble_mesh_provisioner_log_warning.lib(m_tb_store_nvds.o)
    0x00052732   0x00052732   0x00000002   PAD
    0x00052734   0x00052734   0x00000099   Data   RO         2318    .conststring        bk3435_ble_mesh_provisioner_log_warning.lib(m_tb_state.o)
    0x000527cd   0x000527cd   0x00000003   PAD
    0x000527d0   0x000527d0   0x00000051   Data   RO         2341    .conststring        bk3435_ble_mesh_provisioner_log_warning.lib(m_fnd_confc.o)
    0x00052821   0x00052821   0x00000003   PAD
    0x00052824   0x00052824   0x00000042   Data   RO         2359    .conststring        bk3435_ble_mesh_provisioner_log_warning.lib(mal_task.o)
    0x00052866   0x00052866   0x00000002   PAD
    0x00052868   0x00052868   0x00000046   Data   RO         2372    .conststring        bk3435_ble_mesh_provisioner_log_warning.lib(m_bearer_gatt.o)
    0x000528ae   0x000528ae   0x00000002   PAD
    0x000528b0   0x000528b0   0x00000097   Data   RO         2376    .conststring        bk3435_ble_mesh_provisioner_log_warning.lib(m_fnd_confs.o)
    0x00052947   0x00052947   0x00000001   PAD
    0x00052948   0x00052948   0x00000042   Data   RO         2389    .conststring        bk3435_ble_mesh_provisioner_log_warning.lib(m_lay_ltrans.o)
    0x0005298a   0x0005298a   0x00000002   PAD
    0x0005298c   0x0005298c   0x00000046   Data   RO         2402    .conststring        bk3435_ble_mesh_provisioner_log_warning.lib(m_lay_utrans.o)
    0x000529d2   0x000529d2   0x00000002   PAD
    0x000529d4   0x000529d4   0x00000048   Data   RO         2411    .conststring        bk3435_ble_mesh_provisioner_log_warning.lib(m_prov_bearer.o)
    0x00052a1c   0x00052a1c   0x00000020   Data   RO         2858    Region$$Table       anon$$obj.o
    0x00052a3c   0x00052a3c   0x0000001c   Data   RO         2711    locale$$data        c_5.l(lc_numeric_c.o)
    0x00052a58   0x00052a58   0x00000110   Data   RO         2733    locale$$data        c_5.l(lc_ctype_c.o)


    Execution Region RAM_DATA (Exec base: 0x00400c00, Load base: 0x00052b68, Size: 0x00000188, Max: 0xffffffff, ABSOLUTE, COMPRESSED[0x00000068])

    Exec Addr    Load Addr    Size         Type   Attr      Idx    E Section Name        Object

    0x00400c00   COMPRESSED   0x00000002   Data   RW          592    .data               icu.o
    0x00400c02   COMPRESSED   0x00000002   PAD
    0x00400c04   COMPRESSED   0x00000018   Data   RW          650    .data               uart.o
    0x00400c1c   COMPRESSED   0x00000008   Data   RW          759    .data               flash.o
    0x00400c24   COMPRESSED   0x00000002   Data   RW          821    .data               wdt.o
    0x00400c26   COMPRESSED   0x00000002   PAD
    0x00400c28   COMPRESSED   0x0000002c   Data   RW          840    .data               gpio.o
    0x00400c54   COMPRESSED   0x00000008   Data   RW         1065    .data               oads.o
    0x00400c5c   COMPRESSED   0x0000000c   Data   RW         1211    .data               app_light_ali_server.o
    0x00400c68   COMPRESSED   0x00000001   Data   RW         1215    .data               app_light_ali_server.o
    0x00400c69   COMPRESSED   0x00000002   Data   RW         1314    .data               app_batt.o
    0x00400c6b   COMPRESSED   0x00000002   Data   RW         1362    .data               app_fff0.o
    0x00400c6d   COMPRESSED   0x00000001   Data   RW         1388    .data               app_oads.o
    0x00400c6e   COMPRESSED   0x00000001   Data   RW         1410    .data               app_task.o
    0x00400c6f   COMPRESSED   0x00000001   Data   RW         1411    .data               app_task.o
    0x00400c70   COMPRESSED   0x00000026   Data   RW         1454    .data               app_mesh.o
    0x00400c96   COMPRESSED   0x00000002   PAD
    0x00400c98   COMPRESSED   0x0000002a   Data   RW         1500    .data               led.o
    0x00400cc2   COMPRESSED   0x00000002   PAD
    0x00400cc4   COMPRESSED   0x00000004   Data   RW         1627    .data               mesh_api.o
    0x00400cc8   COMPRESSED   0x00000004   Data   RW         1663    .data               mm_api.o
    0x00400ccc   COMPRESSED   0x00000008   Data   RW         1717    .data               m_api.o
    0x00400cd4   COMPRESSED   0x00000004   Data   RW         1755    .data               m_fnd_blob_transfer.o
    0x00400cd8   COMPRESSED   0x00000008   Data   RW         1803    .data               m_fnd_fw_update.o
    0x00400ce0   COMPRESSED   0x00000004   Data   RW         1820    .data               m_fnd_scenes.o
    0x00400ce4   COMPRESSED   0x00000002   Data   RW         1843    .data               mm_vendors.o
    0x00400ce6   COMPRESSED   0x00000002   PAD
    0x00400ce8   COMPRESSED   0x00000026   Data   RW         2239    .data               bk3435_pn9_mode.lib(rf_pn9_test.o)
    0x00400d0e   COMPRESSED   0x00000003   Data   RW         2244    .data               bk3435_ble_mesh_provisioner_log_warning.lib(lld_adv_test.o)
    0x00400d11   COMPRESSED   0x00000003   PAD
    0x00400d14   COMPRESSED   0x00000004   Data   RW         2248    .data               bk3435_ble_mesh_provisioner_log_warning.lib(mal.o)
    0x00400d18   COMPRESSED   0x00000004   Data   RW         2257    .data               bk3435_ble_mesh_provisioner_log_warning.lib(mesh_tb_buf.o)
    0x00400d1c   COMPRESSED   0x00000004   Data   RW         2262    .data               bk3435_ble_mesh_provisioner_log_warning.lib(mesh_tb_timer.o)
    0x00400d20   COMPRESSED   0x00000004   Data   RW         2266    .data               bk3435_ble_mesh_provisioner_log_warning.lib(m_bcn.o)
    0x00400d24   COMPRESSED   0x00000004   Data   RW         2273    .data               bk3435_ble_mesh_provisioner_log_warning.lib(m_bearer.o)
    0x00400d28   COMPRESSED   0x00000004   Data   RW         2279    .data               bk3435_ble_mesh_provisioner_log_warning.lib(m_fnd_hlths.o)
    0x00400d2c   COMPRESSED   0x00000004   Data   RW         2287    .data               bk3435_ble_mesh_provisioner_log_warning.lib(m_lay_access.o)
    0x00400d30   COMPRESSED   0x00000004   Data   RW         2293    .data               bk3435_ble_mesh_provisioner_log_warning.lib(m_lay_proxy.o)
    0x00400d34   COMPRESSED   0x00000008   Data   RW         2298    .data               bk3435_ble_mesh_provisioner_log_warning.lib(m_prov.o)
    0x00400d3c   COMPRESSED   0x00000004   Data   RW         2305    .data               bk3435_ble_mesh_provisioner_log_warning.lib(m_tb_key.o)
    0x00400d40   COMPRESSED   0x00000004   Data   RW         2309    .data               bk3435_ble_mesh_provisioner_log_warning.lib(m_tb_mio.o)
    0x00400d44   COMPRESSED   0x00000008   Data   RW         2314    .data               bk3435_ble_mesh_provisioner_log_warning.lib(m_tb_store_nvds.o)
    0x00400d4c   COMPRESSED   0x00000004   Data   RW         2319    .data               bk3435_ble_mesh_provisioner_log_warning.lib(m_tb_state.o)
    0x00400d50   COMPRESSED   0x00000004   Data   RW         2325    .data               bk3435_ble_mesh_provisioner_log_warning.lib(mm_tb_bind.o)
    0x00400d54   COMPRESSED   0x00000004   Data   RW         2328    .data               bk3435_ble_mesh_provisioner_log_warning.lib(mm_tb_replay.o)
    0x00400d58   COMPRESSED   0x00000004   Data   RW         2333    .data               bk3435_ble_mesh_provisioner_log_warning.lib(mm_route.o)
    0x00400d5c   COMPRESSED   0x00000004   Data   RW         2337    .data               bk3435_ble_mesh_provisioner_log_warning.lib(mm_tb_state.o)
    0x00400d60   COMPRESSED   0x00000004   Data   RW         2342    .data               bk3435_ble_mesh_provisioner_log_warning.lib(m_fnd_confc.o)
    0x00400d64   COMPRESSED   0x00000004   Data   RW         2346    .data               bk3435_ble_mesh_provisioner_log_warning.lib(mal_adv.o)
    0x00400d68   COMPRESSED   0x00000004   Data   RW         2363    .data               bk3435_ble_mesh_provisioner_log_warning.lib(mesh_tb_sec.o)
    0x00400d6c   COMPRESSED   0x00000004   Data   RW         2377    .data               bk3435_ble_mesh_provisioner_log_warning.lib(m_fnd_confs.o)
    0x00400d70   COMPRESSED   0x00000004   Data   RW         2383    .data               bk3435_ble_mesh_provisioner_log_warning.lib(m_lay_hb.o)
    0x00400d74   COMPRESSED   0x00000004   Data   RW         2390    .data               bk3435_ble_mesh_provisioner_log_warning.lib(m_lay_ltrans.o)
    0x00400d78   COMPRESSED   0x00000008   Data   RW         2396    .data               bk3435_ble_mesh_provisioner_log_warning.lib(m_lay_net.o)
    0x00400d80   COMPRESSED   0x00000004   Data   RW         2403    .data               bk3435_ble_mesh_provisioner_log_warning.lib(m_lay_utrans.o)
    0x00400d84   COMPRESSED   0x00000001   Data   RW         2407    .data               bk3435_ble_mesh_provisioner_log_warning.lib(m_prov_adv_trans.o)


    Execution Region RAM_BSS (Exec base: 0x00400d88, Load base: 0x00052bd0, Size: 0x00008ff8, Max: 0xffffffff, ABSOLUTE)

    Exec Addr    Load Addr    Size         Type   Attr      Idx    E Section Name        Object

    0x00400d88        -       0x00000010   Zero   RW            6    .bss                arch_main.o
    0x00400d98        -       0x00000081   Zero   RW          369    .bss                mesh_log.o
    0x00400e19   0x00052bd0   0x00000003   PAD
    0x00400e1c        -       0x000070b0   Zero   RW          518    .bss                rwip.o
    0x00407ecc        -       0x0000032c   Zero   RW          649    .bss                uart.o
    0x004081f8        -       0x0000000c   Zero   RW          758    .bss                flash.o
    0x00408204        -       0x00000040   Zero   RW          799    .bss                rf_xvr.o
    0x00408244        -       0x00000028   Zero   RW          839    .bss                gpio.o
    0x0040826c        -       0x00000014   Zero   RW          859    .bss                pwm.o
    0x00408280        -       0x000000c0   Zero   RW         1063    .bss                oads.o
    0x00408340        -       0x000000f0   Zero   RW         1159    .bss                prf.o
    0x00408430        -       0x000000a2   Zero   RW         1206    .bss                app_light_ali_server.o
    0x004084d2        -       0x00000028   Zero   RW         1270    .bss                app.o
    0x004084fa   0x00052bd0   0x00000002   PAD
    0x004084fc        -       0x00000050   Zero   RW         1447    .bss                app_mesh.o
    0x0040854c        -       0x00000074   Zero   RW         1496    .bss                led.o
    0x004085c0        -       0x00000410   Zero   RW         1542    .bss                oad_common.o
    0x004089d0        -       0x00000030   Zero   RW         1698    .bss                mesh_param_int.o
    0x00408a00        -       0x0000101b   Zero   RW         1752    .bss                m_fnd_blob_transfer.o
    0x00409a1b        -       0x0000001b   Zero   RW         1800    .bss                m_fnd_fw_update.o
    0x00409a36   0x00052bd0   0x00000002   PAD
    0x00409a38        -       0x000001d0   Zero   RW         2242    .bss                bk3435_ble_mesh_provisioner_log_warning.lib(lld_adv_test.o)
    0x00409c08        -       0x00000018   Zero   RW         2414    .bss                bk3435_ble_mesh_provisioner_log_warning.lib(aes.o)
    0x00409c20        -       0x00000060   Zero   RW         2729    .bss                c_5.l(libspace.o)
    0x00409c80        -       0x00000100   Zero   RW          361    Myheap              boot_handlers.o


    Execution Region RAM_STACK_UNUSED (Exec base: 0x0040a4fc, Load base: 0x00052bd0, Size: 0x00000100, Max: 0x00000100, ABSOLUTE)

    Exec Addr    Load Addr    Size         Type   Attr      Idx    E Section Name        Object

    0x0040a4fc        -       0x00000100   Zero   RW            1    RAM_STACK_UNUSED.bss  anon$$obj.o


    Execution Region RAM_STACK_FIQ (Exec base: 0x0040a5fc, Load base: 0x00052bd0, Size: 0x00000500, Max: 0x00000500, ABSOLUTE)

    Exec Addr    Load Addr    Size         Type   Attr      Idx    E Section Name        Object

    0x0040a5fc        -       0x00000500   Zero   RW            2    RAM_STACK_FIQ.bss   anon$$obj.o


    Execution Region RAM_STACK_IRQ (Exec base: 0x0040aafc, Load base: 0x00052bd0, Size: 0x00000500, Max: 0x00000500, ABSOLUTE)

    Exec Addr    Load Addr    Size         Type   Attr      Idx    E Section Name        Object

    0x0040aafc        -       0x00000500   Zero   RW            3    RAM_STACK_IRQ.bss   anon$$obj.o


    Execution Region RAM_STACK_SVC (Exec base: 0x0040affc, Load base: 0x00052bd0, Size: 0x00001000, Max: 0x00001000, ABSOLUTE)

    Exec Addr    Load Addr    Size         Type   Attr      Idx    E Section Name        Object

    0x0040affc        -       0x00001000   Zero   RW            4    RAM_STACK_SVC.bss   anon$$obj.o


==============================================================================

Image component sizes


      Code (inc. data)   RO Data    RW Data    ZI Data      Debug   Object Name

       408        146         83          0          0       2385   ali_config.o
       348         30        102          0         40       6490   app.o
       220         56         40          2          0       3711   app_batt.o
       300        126         16          0          0       2280   app_dis.o
       396        144         74          2          0       5755   app_fff0.o
      2432       1022        234         13        162      18350   app_light_ali_server.o
      4732       2130       1020         38         80      16764   app_mesh.o
      1508       1018         66          0          0       3610   app_mm_msg.o
       492        178        224          1          0       4815   app_oads.o
      2144       1000        401          2          0       9309   app_task.o
      1680        840        309          0         16     135421   arch_main.o
      1092         86         56          0          0      12318   bass.o
       676         14         56          0          0      15019   bass_task.o
       512         80          0          0        256        436   boot_handlers.o
        92         32          0          0          0        384   boot_vectors.o
       384         12        168          0          0       8772   diss.o
       464          8         32          0          0      10832   diss_task.o
        24          4          0          0          0        587   emi.o
       528         50         64          0          0       6933   fff0s.o
       552          8         48          0          0       6384   fff0s_task.o
      1660        176          0          8         12       9292   flash.o
       772         20          0         44         40       4352   gpio.o
       424         36          0          2          0       3584   icu.o
       244         18          0          0          0       3972   intc.o
      3760       1342        772         42        116      14832   led.o
      1828        466        179          8          0      16628   m_api.o
      2368        484        100          0          0      14850   m_api_msg.o
      5416       2826        595          4       4123      20052   m_fnd_blob_transfer.o
      2492       1162        469          8         27       7962   m_fnd_fw_update.o
      2264        856        661          4          0      12269   m_fnd_scenes.o
       204         14          0          4          0       3610   mesh_api.o
       320         18          4          0          0       3947   mesh_api_msg.o
       680        400         19          0          0      34796   mesh_general_api.o
        92         10         17          0        129       1743   mesh_log.o
        64         10          0          0         48       1920   mesh_param_int.o
      1528        292         45          4          0      12858   mm_api.o
      1264         60         79          0          0      10473   mm_api_msg.o
       200         14          0          0          0       1761   mm_genc.o
       472        216         58          0          0       7178   mm_genc_bat.o
       576        236        105          0          0       3243   mm_genc_dtt.o
       812        238        113          0          0       9471   mm_genc_loc.o
       732        226         94          0          0       8474   mm_genc_lvl.o
       648        220        172          0          0       3694   mm_genc_oo.o
      1112        362        183          0          0       6416   mm_genc_plvl.o
       592        254        105          0          0       3235   mm_genc_poo.o
       828        262         68          0          0       4502   mm_genc_prop.o
       164         26         97          0          0       4564   mm_gens.o
      1656        584        303          0          0       6718   mm_gens_oo.o
       172         48         19          0          0       1803   mm_lightc.o
      1450        370        123          0          0       8009   mm_lightc_ctl.o
      1402        272        123          0          0       7897   mm_lightc_hsl.o
      1240        412        118          0          0       6604   mm_lightc_ln.o
      1232        328        123          0          0       7073   mm_lightc_xyl.o
      1592        290        358          0          0       4951   mm_lights.o
      4104        794        319          0          0      17331   mm_lights_ctl.o
      5160        962        590          0          0      24378   mm_lights_hsl.o
      3136        788        618          0          0      12009   mm_lights_ln.o
      2780       1100        405          2          0      13194   mm_vendors.o
      1140        706         20          0       1040       6064   oad_common.o
      2248        720        126          8        192      18335   oads.o
       796        150        106          0          0      12511   oads_task.o
       796        176          0          0        240       5968   prf.o
        96          0          0          0          0       2417   prf_utils.o
       436         18          0          0         20       3542   pwm.o
      1192        260          0          0         64     110358   rf_xvr.o
       816         26          0          0          0     117108   rwble.o
        56          0          0          0          0        667   rwble_hl.o
      1088         96          0          0      28848     113730   rwip.o
        44          4          0          0          0       3577   timer.o
      1380        188          0         24        812      54512   uart.o
       140         10          0          2          0       1351   wdt.o

    ----------------------------------------------------------------------
     84760      25574      10352        232      43184    1060340   Object Totals
        88         44         32          0       6912          0   (incl. Generated)
        20          0         41         10          7          0   (incl. Padding)

    ----------------------------------------------------------------------

      Code (inc. data)   RO Data    RW Data    ZI Data      Debug   Library Member Name

       496         96         10          0         24        308   aes.o
       888         58          8          0          0        216   aes_ccm.o
       424         46         25          0          0        140   aes_cmac.o
       112          6          0          0          0        108   aes_k1.o
       336         20         16          0          0        116   aes_k2.o
       156         46         28          0          0        100   aes_k3.o
       164         44         27          0          0        104   aes_k4.o
        88         48          7          0          0         72   aes_s1.o
      3644        696          0          3        464        436   lld_adv_test.o
      2774        376         99          4          0        804   m_bcn.o
      1584        376         90          4          0        512   m_bearer.o
      1056        104         57          0          0        368   m_bearer_adv.o
       980        286        216          0          0        376   m_bearer_gatt.o
        80          0          0          0          0        104   m_fnd.o
      1336        122        164          4          0        576   m_fnd_confc.o
      7136       1432       1288          4          0       1524   m_fnd_confs.o
       924        120        123          4          0        480   m_fnd_hlths.o
       368         54          0          0          0        104   m_lay.o
      2636        830        545          4          0        532   m_lay_access.o
       504         56         26          4          0        380   m_lay_hb.o
      3452        530        178          4          0        624   m_lay_ltrans.o
      3900        544        287          8          0        924   m_lay_net.o
      3048        412        309          4          0        824   m_lay_proxy.o
      2228        584        258          4          0        536   m_lay_utrans.o
      6972       1918       1202          8          0       1720   m_prov.o
      2472        270        380          1          0        368   m_prov_adv_trans.o
      1068        360        209          0          0        460   m_prov_bearer.o
       144          0          0          0          0        104   m_tb.o
      6868       1080        251          4          0       1856   m_tb_key.o
      2660        160         74          4          0       1224   m_tb_mio.o
      1604        214        299          4          0       1024   m_tb_state.o
      3386        240        185          8          0        944   m_tb_store_nvds.o
       368         12         16          4          0        396   mal.o
       636         58         12          4          0        484   mal_adv.o
      2548         86        112          0          0        592   mal_con.o
       168          8          0          0          0        184   mal_djob.o
       444         14          0          0          0        476   mal_sec.o
       380         44        146          0          0        276   mal_task.o
       356         16          0          0          0        332   mal_timer.o
       160          6          0          0          0        128   mesh.o
       112          0          0          0          0        104   mesh_tb.o
      1648        358        272          4          0        624   mesh_tb_buf.o
       844        140         20          4          0        456   mesh_tb_sec.o
       440         10          0          4          0        388   mesh_tb_timer.o
       528         96         99          4          0        392   mm_route.o
       276         24          0          0          0        188   mm_tb.o
      2020        226        143          4          0        664   mm_tb_bind.o
       388          8          0          4          0        276   mm_tb_replay.o
       424         74         40          4          0        348   mm_tb_state.o
       764        190          0         38          0        344   rf_pn9_test.o
        92          0          0          0          0          0   __dczerorl2.o
         8          0          0          0          0         68   __main.o
       392          6         17          0          0         76   __printf_flags_ss_wp.o
        14          0          0          0          0         60   __printf_wp.o
         0          0          0          0          0          0   __rtentry.o
        44          4          0          0          0          0   __rtentry2.o
         8          0          0          0          0          0   __rtentry4.o
        60          8          0          0          0          0   __scatter.o
        44          0          0          0          0          0   __scatter_zi.o
         8          0          0          0          0          0   _printf_a.o
         8          0          0          0          0          0   _printf_c.o
        54          0          0          0          0        100   _printf_char.o
        48          6          0          0          0         88   _printf_char_common.o
        46          0          0          0          0         60   _printf_charcount.o
         8          0          0          0          0          0   _printf_d.o
       116         18          0          0          0         76   _printf_dec.o
         8          0          0          0          0          0   _printf_e.o
         8          0          0          0          0          0   _printf_f.o
      1044         12          0          0          0        176   _printf_fp_dec.o
       736         10         38          0          0         84   _printf_fp_hex.o
       136         16          0          0          0         76   _printf_fp_infnan.o
         8          0          0          0          0          0   _printf_g.o
       160          4         40          0          0        148   _printf_hex_int_ll_ptr.o
         8          0          0          0          0          0   _printf_i.o
       176          0          0          0          0         84   _printf_intcommon.o
        12          0          0          0          0          0   _printf_l.o
         8          0          0          0          0          0   _printf_lc.o
        12          0          0          0          0          0   _printf_ll.o
         8          0          0          0          0          0   _printf_lld.o
         8          0          0          0          0          0   _printf_lli.o
         8          0          0          0          0          0   _printf_llo.o
         8          0          0          0          0          0   _printf_llu.o
         8          0          0          0          0          0   _printf_llx.o
       120         18          0          0          0         76   _printf_longlong_dec.o
         8          0          0          0          0          0   _printf_ls.o
         8          0          0          0          0          0   _printf_n.o
         8          0          0          0          0          0   _printf_o.o
       120         10          0          0          0        112   _printf_oct_int_ll.o
         8          0          0          0          0          0   _printf_p.o
        78          0          0          0          0        100   _printf_pad.o
         0          0          0          0          0          0   _printf_percent.o
         8          0          0          0          0          0   _printf_percent_end.o
         8          0          0          0          0          0   _printf_s.o
        82          0          0          0          0         72   _printf_str.o
        44          0          0          0          0         76   _printf_truncate.o
         8          0          0          0          0          0   _printf_u.o
        54          0          0          0          0        100   _printf_wchar.o
       188          6          8          0          0         80   _printf_wctomb.o
         8          0          0          0          0          0   _printf_x.o
        16          0          0          0          0         60   _snputc.o
        10          0          0          0          0         60   _sputc.o
        64          0          0          0          0         72   _wcrtomb.o
       216          6        148          0          0         80   bigflt0.o
      2044        128          0          0          0        672   btod.o
        16          0          0          0          0         68   exit.o
         0          0          0          0          0          0   indicate_semi.o
        72          8        272          0          0         76   lc_ctype_c.o
        72          8         28          0          0         76   lc_numeric_c.o
         2          0          0          0          0          0   libinit.o
        30          0          0          0          0          0   libinit2.o
         2          0          0          0          0          0   libshutdown.o
         2          0          0          0          0          0   libshutdown2.o
        12          4          0          0         96         68   libspace.o
        24          0          0          0          0         76   llmul.o
       152          0          0          0          0         80   lludiv10.o
        20          4          0          0          0         76   rt_ctype_table.o
        12          4          0          0          0         68   rt_locale_intlibspace.o
         4          0          0          0          0          0   rtexit.o
        12          0          0          0          0          0   rtexit2.o
        44          0          0          0          0         68   rtudiv10.o
       244          4          0          0          0         80   strcmp.o
        12          4          0          0          0         60   sys_exit.o
        96          0          0          0          0         80   sys_stackheap_outer.o
        32          0          0          0          0         68   uread4.o
         4          0          0          0          0         68   use_no_semi.o
        32          0          0          0          0         68   uwrite4.o
        56          6          0          0          0         72   vsnprintf.o
       108          4          0          0          0         92   d2f.o
       876         16          0          0          0        352   daddsub_clz.o
        16          4          0          0          0         68   dcheck1.o
        28          0          0          0          0         68   dcmpi.o
       720        140          0          0          0        208   ddiv.o
       112          4          0          0          0         92   dfixu.o
        96          0          0          0          0        136   dflt_clz.o
       148          4          0          0          0         92   dleqf.o
       376         16          0          0          0        104   dmul.o
       184          0          0          0          0         92   dnaninf.o
        16          0          0          0          0         68   dretinf.o
       140          0          0          0          0         80   drleqf.o
       192          4          0          0          0         80   drnd.o
       100          4          0          0          0         84   f2d.o
       472          8          0          0          0        236   faddsub_clz.o
        12          4          0          0          0         68   fcheck1.o
       400         76          0          0          0         96   fdiv.o
        40          0          0          0          0         68   fflt_clz.o
       256          4          0          0          0         84   fmul.o
       160          0          0          0          0         84   fnaninf.o
        16          0          0          0          0         68   fretinf.o
         8          0          0          0          0         68   istatus.o
         4          0          0          0          0         68   printf1.o
         4          0          0          0          0         68   printf2.o
       116          0          0          0          0         68   retnan.o
       104          0          0          0          0         68   scalbn.o
        92          0          0          0          0         68   scalbnf.o
        60          0          0          0          0         68   trapv.o
         0          0          0          0          0          0   usenofp.o
       300         20          0          0          0         84   ceil.o
        48          4          0          0          0         68   fpclassify.o
       220          4          0          0          0         88   round.o

    ----------------------------------------------------------------------
     88788      13108       7824        160        584      31464   Library Totals
        14          0         52          6          0          0   (incl. Padding)

    ----------------------------------------------------------------------

      Code (inc. data)   RO Data    RW Data    ZI Data      Debug   Library Name

     75228      12308       7221        116        488      24276   bk3435_ble_mesh_provisioner_log_warning.lib
       764        190          0         38          0        344   bk3435_pn9_mode.lib
      7358        294        551          0         96       3808   c_5.l
      4856        288          0          0          0       2796   fz_5s.l
       568         28          0          0          0        240   m_5s.l

    ----------------------------------------------------------------------
     88788      13108       7824        160        584      31464   Library Totals

    ----------------------------------------------------------------------

==============================================================================


      Code (inc. data)   RO Data    RW Data    ZI Data      Debug   

    173548      38682      18176        392      43768    1076768   Grand Totals
    173548      38682      18176        104      43768    1076768   ELF Image Totals (compressed)
    173548      38682      18176        104          0          0   ROM Totals

==============================================================================

    Total RO  Size (Code + RO Data)               191724 ( 187.23kB)
    Total RW  Size (RW Data + ZI Data)             44160 (  43.13kB)
    Total ROM Size (Code + RO Data + RW Data)     191828 ( 187.33kB)

==============================================================================

