<html>
<body>
<pre>
<h1>µVision Build Log</h1>
<h2>Tool Versions:</h2>
IDE-Version: ¦ÌVision V5.26.2.0
Copyright (C) 2018 ARM Ltd and ARM Germany GmbH. All rights reserved.
License Information: Huang Yulong, Beken, LIC=8VRDY-IWGV8-2YKV0-BXUW4-Y0SQA-VKNDC
 
Tool Versions:
Toolchain:       MDK-ARM Plus  Version: 5.26.2.0
Toolchain Path:  D:\Software\Keil_v5\ARM\ARMCC\Bin
C Compiler:      Armcc.exe V5.06 update 6 (build 750)
Assembler:       Armasm.exe V5.06 update 6 (build 750)
Linker/Locator:  ArmLink.exe V5.06 update 6 (build 750)
Library Manager: ArmAr.exe V5.06 update 6 (build 750)
Hex Converter:   FromElf.exe V5.06 update 6 (build 750)
CPU DLL:         SARM.DLL V5.26.2.0
Dialog DLL:      DARMP3.DLL
Target DLL:      Segger\JLTAgdi.dll V1.61.0.0
Dialog DLL:      TARMP3.DLL V1.4.0.0
 
<h2>Project:</h2>
D:\code\bk3435_BLEMesh_DesignKit_v1.0.0_rc13\projects\ble_app_mesh_sdk_switch\bk3435.uvproj
Project File Date:  12/06/2019

<h2>Output:</h2>
*** Using Compiler 'V5.06 update 6 (build 750)', folder: 'D:\Software\Keil_v5\ARM\ARMCC\Bin'
Build target 'BK3435_app'
assembling boot_handlers.s...
assembling boot_vectors.s...
compiling mesh_log.c...
compiling rwble_hl.c...
compiling icu.c...
compiling emi.c...
compiling intc.c...
compiling timer.c...
compiling arch_main.c...
app\arch_main.c(618): warning:  #513-D: a value of type "uint16_t (*)(uint8_t *, uint16_t)" cannot be assigned to an entity of type "uint8_t (*)(uint8_t *, uint16_t)"
      rom_env.Read_Uart_Buf = Read_Uart_Buf;
app\arch_main.c: 1 warning, 0 errors
compiling flash.c...
compiling rwble.c...
compiling wdt.c...
compiling rwip.c...
compiling uart.c...
compiling bass_task.c...
compiling bass.c...
compiling diss.c...
compiling gpio.c...
compiling rf_xvr.c...
compiling diss_task.c...
compiling pwm.c...
compiling fff0s.c...
compiling fff0s_task.c...
compiling oads_task.c...
compiling prf.c...
compiling prf_utils.c...
compiling oads.c...
compiling app_batt.c...
compiling app.c...
compiling app_dis.c...
compiling app_switch_server.c...
compiling app_fff0.c...
compiling led.c...
app\led.c(126): warning:  #111-D: statement is unreachable
      MESH_APP_PRINT_INFO("light_cwrgb_init\n");
app\led.c: 1 warning, 0 errors
compiling app_oads.c...
compiling oad_common.c...
compiling app_mesh.c...
compiling m_api.c...
compiling m_api_msg.c...
compiling app_task.c...
compiling mesh_general_api.c...
compiling mesh_api.c...
compiling app_mm_msg.c...
compiling mesh_api_msg.c...
compiling mesh_param_int.c...
compiling mm_api.c...
compiling mm_api_msg.c...
compiling m_fnd_Scenes.c...
compiling mm_gens.c...
compiling m_fnd_Fw_Update.c...
compiling mm_vendors.c...
compiling m_fnd_BLOB_Transfer.c...
compiling mm_gens_dtt.c...
compiling mm_gens_bat.c...
compiling mm_gens_lvl.c...
compiling mm_gens_loc.c...
compiling mm_gens_plvl.c...
compiling mm_gens_poo.c...
compiling mm_gens_prop.c...
compiling mm_gens_oo.c...
compiling mm_lights.c...
compiling mm_lights_ctl.c...
compiling mm_lights_ln.c...
compiling mm_lights_hsl.c...
compiling mm_genc.c...
compiling mm_genc_bat.c...
compiling mm_genc_dtt.c...
compiling mm_genc_loc.c...
compiling mm_genc_oo.c...
compiling mm_genc_lvl.c...
compiling mm_genc_plvl.c...
compiling mm_genc_poo.c...
compiling mm_lightc.c...
compiling mm_genc_prop.c...
compiling mm_lightc_ctl.c...
compiling mm_lightc_hsl.c...
compiling mm_lightc_ln.c...
compiling mm_lightc_xyl.c...
linking...
Program Size: Code=130676 RO-data=12720 RW-data=348 ZI-data=44804  
After Build - User command #1: fromelf --bin --output .\output\app\bk3435_ble_app.bin .\obj\bk3435_ble_app.axf
After Build - User command #2: .\output\encrypt_app.bat
D:\code\bk3435_BLEMesh_DesignKit_v1.0.0_rc13\projects\ble_app_mesh_sdk_switch>.\output\BinConvert_3435_OAD  -oad .\output\bim\bk3435_ble_bim.bin  .\output\stack\bk3435_ble_stack.bin  .\output\app\bk3435_ble_app.bin -m 0x2F00 -l 0x23E00 -v 0x1111 -rom_v 0x0007 -e 00000000 00000000 00000000 00000000 
cmd_bin_oad.stack_file_addr :0x2f00
binary version hex:0x1111; dec:4369
Arm Image Binary will be converted to OAD format binary file.....
cmd_bin_oad.stack_file_addr=2f00
boot_bin_len=2044
add stack bin start
        Encrypt Seccessfully!
        File Size: 0x4b5f0
oad_stack_app_bin_len=48500
oad_app_bin_len=25510
85 e5 d4 3b 11 11 44 95 42 42 42 42 ff ff 07 00 /**< @CREATE_FILE_SUCCESS */
/**< @Download flash file:.\output\app\bk3435_ble_app_merge_crc.bin
/**< @OAD file :.\output\app\bk3435_ble_app_stack_oad.bin,CRC = 0x41bd514f
/**< @OAD file :.\output\app\bk3435_ble_app_oad.bin,CRC = 0x3bd4e585
/**< @author <gang.cheng@bekencorp.com> */
/**< @version v0.3 */
".\obj\bk3435_ble_app.axf" - 0 Error(s), 2 Warning(s).
Build Time Elapsed:  00:00:07
</pre>
</body>
</html>
