Component: ARM Compiler 5.06 update 6 (build 750) Tool: armlink [4d35ed]

==============================================================================

Section Cross References

    arch_main_1.o(.text) refers to uart.o(.text) for uart_printf
    arch_main_1.o(.text) refers to wdt.o(.text) for wdt_enable
    arch_main_1.o(.text) refers to rwip.o(.text) for rwip_schedule
    arch_main_1.o(.text) refers to gma.o(.text) for gma_flag_clear
    arch_main_1.o(.text) refers to oads.o(.text) for oad_updating_user_section_pro
    arch_main_1.o(.text) refers to icu.o(.text) for icu_get_sleep_mode
    arch_main_1.o(.text) refers to flash.o(.text) for flash_read_data
    arch_main_1.o(.text) refers to ali_config.o(.text) for user_data_contains_ali_data
    arch_main_1.o(.text) refers to app_light_ali_server.o(.text) for ali_light_status_report
    arch_main_1.o(.text) refers to gpio.o(.text) for gpio_init
    arch_main_1.o(.text) refers to emi.o(.text) for emi_init
    arch_main_1.o(.text) refers to timer.o(.text) for timer_init
    arch_main_1.o(.text) refers to intc.o(.text) for intc_init
    arch_main_1.o(.text) refers to led.o(.text) for light_status_init
    arch_main_1.o(.text) refers to rf_pn9_test.o(.text) for rw_pn9_enter
    arch_main_1.o(.text) refers to arch_main_1.o(.constdata) for .constdata
    arch_main_1.o(.text) refers to arch_main_1.o(.data) for .data
    arch_main_1.o(.text) refers to prf.o(.text) for prf_get_id_from_task
    arch_main_1.o(.text) refers to rwble_hl.o(.text) for rwble_hl_reset
    arch_main_1.o(.text) refers to lld_adv_test.o(.text) for lld_adv_test_rx_isr_cb
    arch_main_1.o(.text) refers to arch_main_1.o(.bss) for .bss
    arch_main_1.o(.text) refers to arch_main_1.o(.conststring) for .conststring
    arch_main_1.o(.text) refers to boot_handlers.o(SYS_BOOT) for boot_stack_base_UNUSED
    boot_handlers.o(SYS_BOOT) refers to __main.o(!!!main) for __main
    boot_handlers.o(SYS_BOOT) refers to boot_handlers.o(Myheap) for bottom_of_heap
    boot_vectors.o(SYS_BOOT) refers to boot_handlers.o(SYS_BOOT) for sys_Reset
    boot_vectors.o(SYS_BOOT) refers to intc.o(sys_irq_entry) for SYSirq_IRQ_Handler
    boot_vectors.o(SYS_BOOT) refers to intc.o(sys_fiq_entry) for SYSirq_FIQ_Handler
    mesh_log.o(.text) refers to mesh_log.o(.bss) for .bss
    mesh_log.o(.text) refers to mesh_log.o(.constdata) for .constdata
    rwble.o(.text) refers to lld_adv_test.o(.text) for lld_adv_test_init
    rwble.o(.text) refers to rwip.o(.text) for rwip_wakeup
    rwble.o(.text) refers to wdt.o(.text) for wdt_feed
    rwble.o(.text) refers to arch_main_1.o(.text) for assert_param
    rwip.o(.text) refers to rf_xvr.o(.text) for rf_init
    rwip.o(.text) refers to arch_main_1.o(.text) for rwip_eif_get
    rwip.o(.text) refers to rwble_hl.o(.text) for rwble_hl_init
    rwip.o(.text) refers to rwble.o(.text) for rwble_init
    rwip.o(.text) refers to app.o(.text) for appm_init
    rwip.o(.text) refers to uart.o(.text) for check_uart_stop
    rwip.o(.text) refers to wdt.o(.text) for wdt_feed
    rwip.o(.text) refers to rwip.o(.bss) for .bss
    rwip.o(.text) refers to uart.o(.data) for cur_read_buf_idx
    icu.o(.text) refers to icu.o(.data) for .data
    icu.o(.text) refers to rf_xvr.o(.bss) for XVR_ANALOG_REG_BAK
    intc.o(.text) refers to icu.o(.text) for cpu_wakeup
    intc.o(.text) refers to uart.o(.text) for uart_isr
    intc.o(.text) refers to gpio.o(.text) for gpio_isr
    intc.o(.text) refers to pwm.o(.text) for pwm_isr
    intc.o(.text) refers to led.o(.text) for pwm6_irq_done
    intc.o(.text) refers to rwble.o(.text) for rwble_isr
    intc.o(sys_fiq_entry) refers to intc.o(.text) for FIQ_Exception
    intc.o(sys_irq_entry) refers to intc.o(.text) for IRQ_Exception
    uart.o(.text) refers to vsnprintf.o(.text) for vsnprintf
    uart.o(.text) refers to arch_main_1.o(.text) for assert_err
    uart.o(.text) refers to uart.o(.data) for .data
    uart.o(.text) refers to uart.o(.bss) for .bss
    uart.o(.text) refers to rf_pn9_test.o(.text) for pn9_test_process
    flash.o(.text) refers to uart.o(.text) for uart_printf
    flash.o(.text) refers to flash.o(.data) for .data
    flash.o(.text) refers to flash.o(.bss) for .bss
    rf_xvr.o(.text) refers to rf_xvr.o(.bss) for .bss
    wdt.o(.text) refers to wdt.o(.data) for .data
    gpio.o(.text) refers to gpio.o(.data) for .data
    gpio.o(.text) refers to gpio.o(.bss) for .bss
    pwm.o(.text) refers to pwm.o(.bss) for .bss
    bass.o(.text) refers to arch_main_1.o(.text) for assert_err
    bass.o(.text) refers to prf.o(.text) for prf_env_get
    bass.o(.text) refers to bass.o(.constdata) for .constdata
    bass.o(.text) refers to bass_task.o(.constdata) for bass_default_handler
    bass.o(.constdata) refers to bass.o(.text) for bass_init
    bass_task.o(.text) refers to prf.o(.text) for prf_env_get
    bass_task.o(.text) refers to bass.o(.text) for bass_exe_operation
    bass_task.o(.text) refers to prf_utils.o(.text) for prf_pack_char_pres_fmt
[...]
    gattc_env                                0x00400994   Data           0  stack_rom_symbol.txt ABSOLUTE
    gattm_env                                0x004009b4   Data           0  stack_rom_symbol.txt ABSOLUTE
    l2cc_env                                 0x004009d4   Data           0  stack_rom_symbol.txt ABSOLUTE
    l2cm_env                                 0x004009f4   Data           0  stack_rom_symbol.txt ABSOLUTE
    hci_env                                  0x00400a00   Data           0  stack_rom_symbol.txt ABSOLUTE
    hci_fc_env                               0x00400a10   Data           0  stack_rom_symbol.txt ABSOLUTE
    Image$$RAM_DATA$$Base                    0x00400c00   Number         0  anon$$obj.o ABSOLUTE
    loop                                     0x00400c00   Data           4  arch_main_1.o(.data)
    loop1                                    0x00400c04   Data           4  arch_main_1.o(.data)
    uart_rx_done                             0x00400c0c   Data           1  uart.o(.data)
    cur_read_buf_idx                         0x00400c0d   Data           1  uart.o(.data)
    uart_dut_reg_flag                        0x00400c0e   Data           1  uart.o(.data)
    pbuff_write                              0x00400c10   Data           2  uart.o(.data)
    pbuff_read                               0x00400c12   Data           2  uart.o(.data)
    uart_write_index                         0x00400c18   Data           4  uart.o(.data)
    ph4tl_env                                0x00400c20   Data           4  uart.o(.data)
    flash_enable_write_flag1                 0x00400c24   Data           1  flash.o(.data)
    flash_enable_write_flag2                 0x00400c25   Data           1  flash.o(.data)
    flash_mid                                0x00400c28   Data           4  flash.o(.data)
    wdt_disable_flag                         0x00400c2c   Data           1  wdt.o(.data)
    GPIO_CFG                                 0x00400c34   Data          20  gpio.o(.data)
    GPIO_DATA                                0x00400c48   Data          20  gpio.o(.data)
    oad_firmware_type                        0x00400c5d   Data           1  oads.o(.data)
    appm_state                               0x00400c65   Data           1  app_task.o(.data)
    app_batt_env                             0x00400c74   Data           2  app_batt.o(.data)
    app_fff0_env                             0x00400c76   Data           2  app_fff0.o(.data)
    app_oads_env                             0x00400c78   Data           1  app_oads.o(.data)
    g_vdr_lid                                0x00400c7e   Data           1  app_light_ali_server.o(.data)
    g_ln_mdl_lid                             0x00400c7f   Data           1  app_light_ali_server.o(.data)
    g_ctl_ln_mdl_lid                         0x00400c80   Data           1  app_light_ali_server.o(.data)
    g_ctl_mdl_lid                            0x00400c81   Data           1  app_light_ali_server.o(.data)
    g_ctlt_mdl_lid                           0x00400c82   Data           1  app_light_ali_server.o(.data)
    g_oo_mdl_lid                             0x00400c83   Data           1  app_light_ali_server.o(.data)
    g_hsl_mdl_lid                            0x00400c86   Data           1  app_light_ali_server.o(.data)
    light_mode                               0x00400c88   Data           1  led.o(.data)
    light_state                              0x00400c89   Data           1  led.o(.data)
    led_timer_status                         0x00400c8a   Data           1  led.o(.data)
    ctl_temperature                          0x00400c8c   Data           2  led.o(.data)
    ctl_delta_uv                             0x00400c8e   Data           2  led.o(.data)
    quick_onoff_count                        0x00400c90   Data           2  led.o(.data)
    light_lightness                          0x00400c92   Data           2  led.o(.data)
    ctl_lightness                            0x00400c94   Data           2  led.o(.data)
    hsl_lightness                            0x00400c96   Data           2  led.o(.data)
    hsl_hue                                  0x00400c98   Data           2  led.o(.data)
    hsl_saturation                           0x00400c9a   Data           2  led.o(.data)
    pwm_move_step                            0x00400ca0   Data           4  led.o(.data)
    min_move_step_num                        0x00400ca4   Data           4  led.o(.data)
    light_cwrgb                              0x00400ca8   Data          10  led.o(.data)
    p_m_api_cb                               0x00400cb4   Data           4  m_api.o(.data)
    p_m_api_fault_cb                         0x00400cb8   Data           4  m_api.o(.data)
    p_mesh_api_cb                            0x00400cbc   Data           4  mesh_api.o(.data)
    p_mm_api_cb                              0x00400cc0   Data           4  mm_api.o(.data)
    oad_calcuCrc                             0x00400cc8   Data           4  m_fnd_fw_update.o(.data)
    gma_conidx                               0x00400cd6   Data           1  ais_task.o(.data)
    calccrc1                                 0x00400cd8   Data           2  gma.o(.data)
    gma_raw_data_len                         0x00400cda   Data           2  gma.o(.data)
    iv_temp                                  0x00400cdc   Data          16  gma.o(.data)
    ali_para                                 0x00400cec   Data          26  gma.o(.data)
    adv_gma_data                             0x00400d06   Data          25  gma.o(.data)
    p_APB_XVER_ADDR                          0x00400d24   Data           4  rf_pn9_test.o(.data)
    tx_rsp_buffer                            0x00400d28   Data           7  rf_pn9_test.o(.data)
    rx_rsp_buffer                            0x00400d2f   Data           7  rf_pn9_test.o(.data)
    error_cmd_rsp                            0x00400d36   Data           7  rf_pn9_test.o(.data)
    test_end_rsp_buffer                      0x00400d3d   Data           9  rf_pn9_test.o(.data)
    is_evt_end_isr                           0x00400d46   Data           1  lld_adv_test.o(.data)
    lld_scan_act_id                          0x00400d47   Data           1  lld_adv_test.o(.data)
    lld_scan_win_size                        0x00400d48   Data           1  lld_adv_test.o(.data)
    p_mal_env                                0x00400d4c   Data           4  mal.o(.data)
    p_m_bearer_env                           0x00400d5c   Data           4  m_bearer.o(.data)
    p_m_lay_proxy_env                        0x00400d68   Data           4  m_lay_proxy.o(.data)
    link_open_dis                            0x00400d6c   Data           1  m_prov.o(.data)
    p_m_prov_env                             0x00400d70   Data           4  m_prov.o(.data)
    trans_count                              0x00400db8   Data           1  m_prov_adv_trans.o(.data)
    Image$$RAM_BSS$$Base                     0x00400dbc   Number         0  anon$$obj.o ABSOLUTE
    uart_api                                 0x00400dbc   Data          16  arch_main_1.o(.bss)
    rwip_heap_env                            0x00400e60   Data         924  rwip.o(.bss)
    rwip_heap_db                             0x004011fc   Data       20492  rwip.o(.bss)
    rwip_heap_msg                            0x00406208   Data        6892  rwip.o(.bss)
    rwip_heap_non_ret                        0x00407cf4   Data         524  rwip.o(.bss)
    uart_rx_buf                              0x00407f00   Data         256  uart.o(.bss)
    uart_env                                 0x00408000   Data          44  uart.o(.bss)
    uart_buff                                0x0040802c   Data         256  uart.o(.bss)
    temp_buf                                 0x0040812c   Data         256  uart.o(.bss)
    flash_env                                0x0040822c   Data          12  flash.o(.bss)
    XVR_ANALOG_REG_BAK                       0x00408238   Data          64  rf_xvr.o(.bss)
    GPIO_CFG_BACKUP                          0x00408278   Data          20  gpio.o(.bss)
    GPIO_DATA_BACKUP                         0x0040828c   Data          20  gpio.o(.bss)
    bsec                                     0x004082b4   Data         192  oads.o(.bss)
    prf_env                                  0x00408374   Data         240  prf.o(.bss)
    app_env                                  0x00408464   Data          40  app.o(.bss)
    app_mesh_env                             0x0040848c   Data          28  app_mesh.o(.bss)
    crc32_table                              0x004084a8   Data        1024  oad_common.o(.bss)
    hdr_back                                 0x004088a8   Data          16  oad_common.o(.bss)
    quick_onoff_timer                        0x004088b8   Data          24  app_light_ali_server.o(.bss)
    light_state_store_timer                  0x004088d0   Data          24  app_light_ali_server.o(.bss)
    light_prov_timer                         0x004088e8   Data          24  app_light_ali_server.o(.bss)
    light_unbind_timer                       0x00408900   Data          24  app_light_ali_server.o(.bss)
    light_prov_timeout_timer                 0x00408918   Data          24  app_light_ali_server.o(.bss)
    ali_light_report                         0x00408930   Data          32  app_light_ali_server.o(.bss)
    pwm1                                     0x00408970   Data          16  led.o(.bss)
    pwm2                                     0x00408980   Data          16  led.o(.bss)
    pwm3                                     0x00408990   Data          16  led.o(.bss)
    pwm4                                     0x004089a0   Data          16  led.o(.bss)
    pwm5                                     0x004089b0   Data          16  led.o(.bss)
    pwm6                                     0x004089c0   Data          16  led.o(.bss)
    m_stack_param                            0x004089d0   Data          48  mesh_param_int.o(.bss)
    crc_buf                                  0x00408a1b   Data        4096  m_fnd_blob_transfer.o(.bss)
    gma_raw_data                             0x00409a38   Data         200  gma.o(.bss)
    ali_aes_ctx                              0x00409b00   Data         260  gma.o(.bss)
    gma_para_proc                            0x00409c04   Data          55  gma.o(.bss)
    lld_adv_test_env                         0x00409e50   Data         464  lld_adv_test.o(.bss)
    aes_env                                  0x0040a020   Data          24  aes.o(.bss)
    __libspace_start                         0x0040a038   Data          96  libspace.o(.bss)
    __temporary_stack_top$libspace           0x0040a098   Data           0  libspace.o(.bss)
    Image$$RAM_STACK_UNUSED$$Base            0x0040a4fc   Number         0  anon$$obj.o ABSOLUTE
    Image$$RAM_STACK_FIQ$$Base               0x0040a5fc   Number         0  anon$$obj.o ABSOLUTE
    Image$$RAM_STACK_IRQ$$Base               0x0040aafc   Number         0  anon$$obj.o ABSOLUTE
    Image$$RAM_STACK_SVC$$Base               0x0040affc   Number         0  anon$$obj.o ABSOLUTE



==============================================================================

Memory Map of the image

  Image Entry point : 0x00023e84

  Load Region SECTIONS (Base: 0x00023e00, Size: 0x0002bae8, Max: 0xffffffff, ABSOLUTE, COMPRESSED[0x0002b9c0])

    Execution Region ROM_SYS (Exec base: 0x00023e00, Load base: 0x00023e00, Size: 0x00000284, Max: 0xffffffff, ABSOLUTE)

    Exec Addr    Load Addr    Size         Type   Attr      Idx    E Section Name        Object

    0x00023e00   0x00023e00   0x0000005c   Code   RO          418  * SYS_BOOT            boot_vectors.o
    0x00023e5c   0x00023e5c   0x00000200   Code   RO          413  * SYS_BOOT            boot_handlers.o
    0x0002405c   0x0002405c   0x00000008   Ven    RO         3060    Veneer$$Code        anon$$obj.o
    0x00024064   0x00024064   0x00000008   Ven    RO         3061    Veneer$$Code        anon$$obj.o
    0x0002406c   0x0002406c   0x00000008   Ven    RO         3062    Veneer$$Code        anon$$obj.o
    0x00024074   0x00024074   0x00000008   Ven    RO         3063    Veneer$$Code        anon$$obj.o
    0x0002407c   0x0002407c   0x00000008   Ven    RO         3064    Veneer$$Code        anon$$obj.o


    Execution Region FAST_CALL_SEG (Exec base: 0x00024100, Load base: 0x00024100, Size: 0x00000030, Max: 0xffffffff, ABSOLUTE, FIXED)

    Exec Addr    Load Addr    Size         Type   Attr      Idx    E Section Name        Object

    0x00024100   0x00024100   0x00000010   Code   RO          708    sys_fiq_entry       intc.o
    0x00024110   0x00024110   0x00000010   PAD
    0x00024120   0x00024120   0x00000010   Code   RO          709    sys_irq_entry       intc.o


    Execution Region ROM (Exec base: 0x00024130, Load base: 0x00024130, Size: 0x0002b5fc, Max: 0xffffffff, ABSOLUTE)

    Exec Addr    Load Addr    Size         Type   Attr      Idx    E Section Name        Object

    0x00024130   0x00024130   0x00000008   Code   RO         2695  * !!!main             c_5.l(__main.o)
    0x00024138   0x00024138   0x0000003c   Code   RO         3048    !!!scatter          c_5.l(__scatter.o)
    0x00024174   0x00024174   0x0000005c   Code   RO         3046    !!dczerorl2         c_5.l(__dczerorl2.o)
    0x000241d0   0x000241d0   0x0000002c   Code   RO         3050    !!handler_zi        c_5.l(__scatter_zi.o)
    0x000241fc   0x000241fc   0x00000000   Code   RO         2680    .ARM.Collect$$_printf_percent$$00000000  c_5.l(_printf_percent.o)
    0x000241fc   0x000241fc   0x00000008   Code   RO         2780    .ARM.Collect$$_printf_percent$$00000001  c_5.l(_printf_n.o)
    0x00024204   0x00024204   0x00000008   Code   RO         2781    .ARM.Collect$$_printf_percent$$00000002  c_5.l(_printf_p.o)
    0x0002420c   0x0002420c   0x00000008   Code   RO         2786    .ARM.Collect$$_printf_percent$$00000003  c_5.l(_printf_f.o)
    0x00024214   0x00024214   0x00000008   Code   RO         2787    .ARM.Collect$$_printf_percent$$00000004  c_5.l(_printf_e.o)
    0x0002421c   0x0002421c   0x00000008   Code   RO         2788    .ARM.Collect$$_printf_percent$$00000005  c_5.l(_printf_g.o)
    0x00024224   0x00024224   0x00000008   Code   RO         2789    .ARM.Collect$$_printf_percent$$00000006  c_5.l(_printf_a.o)
    0x0002422c   0x0002422c   0x0000000c   Code   RO         2794    .ARM.Collect$$_printf_percent$$00000007  c_5.l(_printf_ll.o)
    0x00024238   0x00024238   0x00000008   Code   RO         2783    .ARM.Collect$$_printf_percent$$00000008  c_5.l(_printf_i.o)
    0x00024240   0x00024240   0x00000008   Code   RO         2784    .ARM.Collect$$_printf_percent$$00000009  c_5.l(_printf_d.o)
    0x00024248   0x00024248   0x00000008   Code   RO         2785    .ARM.Collect$$_printf_percent$$0000000A  c_5.l(_printf_u.o)
    0x00024250   0x00024250   0x00000008   Code   RO         2782    .ARM.Collect$$_printf_percent$$0000000B  c_5.l(_printf_o.o)
    0x00024258   0x00024258   0x00000008   Code   RO         2679    .ARM.Collect$$_printf_percent$$0000000C  c_5.l(_printf_x.o)
    0x00024260   0x00024260   0x00000008   Code   RO         2791    .ARM.Collect$$_printf_percent$$0000000D  c_5.l(_printf_lli.o)
    0x00024268   0x00024268   0x00000008   Code   RO         2792    .ARM.Collect$$_printf_percent$$0000000E  c_5.l(_printf_lld.o)
    0x00024270   0x00024270   0x00000008   Code   RO         2793    .ARM.Collect$$_printf_percent$$0000000F  c_5.l(_printf_llu.o)
    0x00024278   0x00024278   0x00000008   Code   RO         2798    .ARM.Collect$$_printf_percent$$00000010  c_5.l(_printf_llo.o)
    0x00024280   0x00024280   0x00000008   Code   RO         2799    .ARM.Collect$$_printf_percent$$00000011  c_5.l(_printf_llx.o)
    0x00024288   0x00024288   0x0000000c   Code   RO         2795    .ARM.Collect$$_printf_percent$$00000012  c_5.l(_printf_l.o)
    0x00024294   0x00024294   0x00000008   Code   RO         2779    .ARM.Collect$$_printf_percent$$00000013  c_5.l(_printf_c.o)
    0x0002429c   0x0002429c   0x00000008   Code   RO         2678    .ARM.Collect$$_printf_percent$$00000014  c_5.l(_printf_s.o)
    0x000242a4   0x000242a4   0x00000008   Code   RO         2796    .ARM.Collect$$_printf_percent$$00000015  c_5.l(_printf_lc.o)
    0x000242ac   0x000242ac   0x00000008   Code   RO         2797    .ARM.Collect$$_printf_percent$$00000016  c_5.l(_printf_ls.o)
    0x000242b4   0x000242b4   0x00000008   Code   RO         2790    .ARM.Collect$$_printf_percent$$00000017  c_5.l(_printf_percent_end.o)
    0x000242bc   0x000242bc   0x00000002   Code   RO         2907    .ARM.Collect$$libinit$$00000000  c_5.l(libinit.o)
    0x000242be   0x000242be   0x00000000   Code   RO         2923    .ARM.Collect$$libinit$$00000002  c_5.l(libinit2.o)
    0x000242be   0x000242be   0x00000000   Code   RO         2925    .ARM.Collect$$libinit$$00000004  c_5.l(libinit2.o)
    0x000242be   0x000242be   0x00000000   Code   RO         2928    .ARM.Collect$$libinit$$0000000A  c_5.l(libinit2.o)
    0x000242be   0x000242be   0x00000000   Code   RO         2930    .ARM.Collect$$libinit$$0000000C  c_5.l(libinit2.o)
    0x000242be   0x000242be   0x00000000   Code   RO         2932    .ARM.Collect$$libinit$$0000000E  c_5.l(libinit2.o)
    0x000242be   0x000242be   0x00000006   Code   RO         2933    .ARM.Collect$$libinit$$0000000F  c_5.l(libinit2.o)
    0x000242c4   0x000242c4   0x00000000   Code   RO         2935    .ARM.Collect$$libinit$$00000011  c_5.l(libinit2.o)
    0x000242c4   0x000242c4   0x0000000c   Code   RO         2936    .ARM.Collect$$libinit$$00000012  c_5.l(libinit2.o)
    0x000242d0   0x000242d0   0x00000000   Code   RO         2937    .ARM.Collect$$libinit$$00000013  c_5.l(libinit2.o)
    0x000242d0   0x000242d0   0x00000000   Code   RO         2939    .ARM.Collect$$libinit$$00000015  c_5.l(libinit2.o)
    0x000242d0   0x000242d0   0x0000000a   Code   RO         2940    .ARM.Collect$$libinit$$00000016  c_5.l(libinit2.o)
    0x000242da   0x000242da   0x00000000   Code   RO         2941    .ARM.Collect$$libinit$$00000017  c_5.l(libinit2.o)
    0x000242da   0x000242da   0x00000000   Code   RO         2943    .ARM.Collect$$libinit$$00000019  c_5.l(libinit2.o)
    0x000242da   0x000242da   0x00000000   Code   RO         2945    .ARM.Collect$$libinit$$0000001B  c_5.l(libinit2.o)
    0x000242da   0x000242da   0x00000000   Code   RO         2947    .ARM.Collect$$libinit$$0000001D  c_5.l(libinit2.o)
    0x000242da   0x000242da   0x00000000   Code   RO         2949    .ARM.Collect$$libinit$$0000001F  c_5.l(libinit2.o)
    0x000242da   0x000242da   0x00000000   Code   RO         2951    .ARM.Collect$$libinit$$00000021  c_5.l(libinit2.o)
    0x000242da   0x000242da   0x00000000   Code   RO         2953    .ARM.Collect$$libinit$$00000023  c_5.l(libinit2.o)
    0x000242da   0x000242da   0x00000000   Code   RO         2955    .ARM.Collect$$libinit$$00000025  c_5.l(libinit2.o)
    0x000242da   0x000242da   0x00000000   Code   RO         2959    .ARM.Collect$$libinit$$0000002C  c_5.l(libinit2.o)
    0x000242da   0x000242da   0x00000000   Code   RO         2961    .ARM.Collect$$libinit$$0000002E  c_5.l(libinit2.o)
    0x000242da   0x000242da   0x00000000   Code   RO         2963    .ARM.Collect$$libinit$$00000030  c_5.l(libinit2.o)
    0x000242da   0x000242da   0x00000000   Code   RO         2965    .ARM.Collect$$libinit$$00000032  c_5.l(libinit2.o)
    0x000242da   0x000242da   0x00000002   Code   RO         2966    .ARM.Collect$$libinit$$00000033  c_5.l(libinit2.o)
    0x000242dc   0x000242dc   0x00000002   Code   RO         2986    .ARM.Collect$$libshutdown$$00000000  c_5.l(libshutdown.o)
    0x000242de   0x000242de   0x00000000   Code   RO         2999    .ARM.Collect$$libshutdown$$00000002  c_5.l(libshutdown2.o)
    0x000242de   0x000242de   0x00000000   Code   RO         3001    .ARM.Collect$$libshutdown$$00000004  c_5.l(libshutdown2.o)
    0x000242de   0x000242de   0x00000000   Code   RO         3004    .ARM.Collect$$libshutdown$$00000007  c_5.l(libshutdown2.o)
    0x000242de   0x000242de   0x00000000   Code   RO         3007    .ARM.Collect$$libshutdown$$0000000A  c_5.l(libshutdown2.o)
    0x000242de   0x000242de   0x00000000   Code   RO         3009    .ARM.Collect$$libshutdown$$0000000C  c_5.l(libshutdown2.o)
    0x000242de   0x000242de   0x00000000   Code   RO         3012    .ARM.Collect$$libshutdown$$0000000F  c_5.l(libshutdown2.o)
    0x000242de   0x000242de   0x00000002   Code   RO         3013    .ARM.Collect$$libshutdown$$00000010  c_5.l(libshutdown2.o)
    0x000242e0   0x000242e0   0x00000000   Code   RO         2751    .ARM.Collect$$rtentry$$00000000  c_5.l(__rtentry.o)
    0x000242e0   0x000242e0   0x00000000   Code   RO         2828    .ARM.Collect$$rtentry$$00000002  c_5.l(__rtentry2.o)
    0x000242e0   0x000242e0   0x00000008   Code   RO         2840    .ARM.Collect$$rtentry$$00000004  c_5.l(__rtentry4.o)
    0x000242e8   0x000242e8   0x00000000   Code   RO         2830    .ARM.Collect$$rtentry$$00000009  c_5.l(__rtentry2.o)
    0x000242e8   0x000242e8   0x00000004   Code   RO         2831    .ARM.Collect$$rtentry$$0000000A  c_5.l(__rtentry2.o)
    0x000242ec   0x000242ec   0x00000000   Code   RO         2833    .ARM.Collect$$rtentry$$0000000C  c_5.l(__rtentry2.o)
    0x000242ec   0x000242ec   0x00000028   Code   RO         2834    .ARM.Collect$$rtentry$$0000000D  c_5.l(__rtentry2.o)
    0x00024314   0x00024314   0x00000004   Code   RO         2917    .ARM.Collect$$rtexit$$00000000  c_5.l(rtexit.o)
    0x00024318   0x00024318   0x00000000   Code   RO         2968    .ARM.Collect$$rtexit$$00000002  c_5.l(rtexit2.o)
    0x00024318   0x00024318   0x00000004   Code   RO         2969    .ARM.Collect$$rtexit$$00000003  c_5.l(rtexit2.o)
    0x0002431c   0x0002431c   0x00000008   Code   RO         2970    .ARM.Collect$$rtexit$$00000004  c_5.l(rtexit2.o)
    0x00024324   0x00024324   0x00000750   Code   RO            5    .text               arch_main_1.o
    0x00024a74   0x00024a74   0x0000005c   Code   RO          421    .text               mesh_log.o
    0x00024ad0   0x00024ad0   0x00000038   Code   RO          452    .text               rwble_hl.o
    0x00024b08   0x00024b08   0x00000330   Code   RO          479    .text               rwble.o
    0x00024e38   0x00024e38   0x00000440   Code   RO          601    .text               rwip.o
    0x00025278   0x00025278   0x000001a8   Code   RO          679    .text               icu.o
    0x00025420   0x00025420   0x000000d4   Code   RO          707    .text               intc.o
    0x000254f4   0x000254f4   0x00000564   Code   RO          749    .text               uart.o
    0x00025a58   0x00025a58   0x00000018   Code   RO          832    .text               emi.o
    0x00025a70   0x00025a70   0x0000067c   Code   RO          844    .text               flash.o
    0x000260ec   0x000260ec   0x0000002c   Code   RO          874    .text               timer.o
    0x00026118   0x00026118   0x000004a8   Code   RO          895    .text               rf_xvr.o
    0x000265c0   0x000265c0   0x0000008c   Code   RO          917    .text               wdt.o
    0x0002664c   0x0002664c   0x00000304   Code   RO          935    .text               gpio.o
    0x00026950   0x00026950   0x000001b4   Code   RO          965    .text               pwm.o
    0x00026b04   0x00026b04   0x00000444   Code   RO          987    .text               bass.o
    0x00026f48   0x00026f48   0x000002a4   Code   RO         1025    .text               bass_task.o
    0x000271ec   0x000271ec   0x00000180   Code   RO         1063    .text               diss.o
    0x0002736c   0x0002736c   0x000001d0   Code   RO         1086    .text               diss_task.o
    0x0002753c   0x0002753c   0x00000210   Code   RO         1123    .text               fff0s.o
    0x0002774c   0x0002774c   0x00000228   Code   RO         1149    .text               fff0s_task.o
    0x00027974   0x00027974   0x000008c8   Code   RO         1171    .text               oads.o
    0x0002823c   0x0002823c   0x0000031c   Code   RO         1207    .text               oads_task.o
    0x00028558   0x00028558   0x00000328   Code   RO         1241    .text               prf.o
    0x00028880   0x00028880   0x00000060   Code   RO         1267    .text               prf_utils.o
    0x000288e0   0x000288e0   0x00000170   Code   RO         1279    .text               app.o
    0x00028a50   0x00028a50   0x00000884   Code   RO         1332    .text               app_task.o
    0x000292d4   0x000292d4   0x00000abc   Code   RO         1369    .text               app_mesh.o
    0x00029d90   0x00029d90   0x00000614   Code   RO         1453    .text               app_mm_msg.o
    0x0002a3a4   0x0002a3a4   0x00000124   Code   RO         1484    .text               mesh_general_api.o
    0x0002a4c8   0x0002a4c8   0x000000dc   Code   RO         1507    .text               app_batt.o
    0x0002a5a4   0x0002a5a4   0x0000012c   Code   RO         1531    .text               app_dis.o
    0x0002a6d0   0x0002a6d0   0x0000018c   Code   RO         1552    .text               app_fff0.o
    0x0002a85c   0x0002a85c   0x000001f0   Code   RO         1582    .text               app_oads.o
    0x0002aa4c   0x0002aa4c   0x00000474   Code   RO         1607    .text               oad_common.o
    0x0002aec0   0x0002aec0   0x0000019c   Code   RO         1631    .text               ali_config.o
    0x0002b05c   0x0002b05c   0x000008d4   Code   RO         1648    .text               app_light_ali_server.o
    0x0002b930   0x0002b930   0x00000eb0   Code   RO         1736    .text               led.o
    0x0002c7e0   0x0002c7e0   0x000005d0   Code   RO         1793    .text               m_api.o
    0x0002cdb0   0x0002cdb0   0x00000624   Code   RO         1839    .text               m_api_msg.o
    0x0002d3d4   0x0002d3d4   0x000000cc   Code   RO         1864    .text               mesh_api.o
    0x0002d4a0   0x0002d4a0   0x00000140   Code   RO         1889    .text               mesh_api_msg.o
    0x0002d5e0   0x0002d5e0   0x00000040   Code   RO         1907    .text               mesh_param_int.o
    0x0002d620   0x0002d620   0x00000278   Code   RO         1929    .text               mm_api_msg.o
    0x0002d898   0x0002d898   0x0000026c   Code   RO         1947    .text               mm_api.o
    0x0002db04   0x0002db04   0x000005b8   Code   RO         1972    .text               m_fnd_blob_transfer.o
    0x0002e0bc   0x0002e0bc   0x00000330   Code   RO         2023    .text               m_fnd_fw_update.o
    0x0002e3ec   0x0002e3ec   0x000003bc   Code   RO         2044    .text               m_fnd_scenes.o
    0x0002e7a8   0x0002e7a8   0x00000688   Code   RO         2070    .text               mm_vendors.o
    0x0002ee30   0x0002ee30   0x000000a4   Code   RO         2097    .text               mm_gens.o
    0x0002eed4   0x0002eed4   0x00000454   Code   RO         2158    .text               mm_gens_oo.o
    0x0002f328   0x0002f328   0x00000638   Code   RO         2205    .text               mm_lights.o
    0x0002f960   0x0002f960   0x00000d1c   Code   RO         2223    .text               mm_lights_ctl.o
    0x0003067c   0x0003067c   0x0000113c   Code   RO         2240    .text               mm_lights_hsl.o
    0x000317b8   0x000317b8   0x00000a30   Code   RO         2261    .text               mm_lights_ln.o
    0x000321e8   0x000321e8   0x00000c98   Code   RO         2279    .text               aes.o
    0x00032e80   0x00032e80   0x000001b8   Code   RO         2304    .text               ais.o
    0x00033038   0x00033038   0x0000022c   Code   RO         2331    .text               ais_task.o
    0x00033264   0x00033264   0x00000078   Code   RO         2354    .text               app_ais.o
    0x000332dc   0x000332dc   0x00001c40   Code   RO         2378    .text               gma.o
    0x00034f1c   0x00034f1c   0x000002b0   Code   RO         2407    .text               sha256.o
    0x000351cc   0x000351cc   0x000002fc   Code   RO         2425    .text               bk3435_pn9_mode.lib(rf_pn9_test.o)
    0x000354c8   0x000354c8   0x00000e3c   Code   RO         2428    .text               bk3435_ble_mesh_log_warning.lib(lld_adv_test.o)
    0x00036304   0x00036304   0x00000170   Code   RO         2433    .text               bk3435_ble_mesh_log_warning.lib(mal.o)
    0x00036474   0x00036474   0x00000164   Code   RO         2437    .text               bk3435_ble_mesh_log_warning.lib(mal_timer.o)
    0x000365d8   0x000365d8   0x00000070   Code   RO         2439    .text               bk3435_ble_mesh_log_warning.lib(mesh_tb.o)
    0x00036648   0x00036648   0x00000670   Code   RO         2441    .text               bk3435_ble_mesh_log_warning.lib(mesh_tb_buf.o)
    0x00036cb8   0x00036cb8   0x000001b8   Code   RO         2448    .text               bk3435_ble_mesh_log_warning.lib(mesh_tb_timer.o)
    0x00036e70   0x00036e70   0x00000a64   Code   RO         2451    .text               bk3435_ble_mesh_log_warning.lib(m_bcn.o)
    0x000378d4   0x000378d4   0x00000630   Code   RO         2457    .text               bk3435_ble_mesh_log_warning.lib(m_bearer.o)
    0x00037f04   0x00037f04   0x00000050   Code   RO         2462    .text               bk3435_ble_mesh_log_warning.lib(m_fnd.o)
    0x00037f54   0x00037f54   0x0000039c   Code   RO         2464    .text               bk3435_ble_mesh_log_warning.lib(m_fnd_hlths.o)
    0x000382f0   0x000382f0   0x00000170   Code   RO         2468    .text               bk3435_ble_mesh_log_warning.lib(m_lay.o)
    0x00038460   0x00038460   0x00000a48   Code   RO         2470    .text               bk3435_ble_mesh_log_warning.lib(m_lay_access.o)
    0x00038ea8   0x00038ea8   0x00000be8   Code   RO         2476    .text               bk3435_ble_mesh_log_warning.lib(m_lay_proxy.o)
    0x00039a90   0x00039a90   0x00001a2c   Code   RO         2482    .text               bk3435_ble_mesh_log_warning.lib(m_prov.o)
    0x0003b4bc   0x0003b4bc   0x00000424   Code   RO         2487    .text               bk3435_ble_mesh_log_warning.lib(m_prov_bearer.o)
    0x0003b8e0   0x0003b8e0   0x00000090   Code   RO         2491    .text               bk3435_ble_mesh_log_warning.lib(m_tb.o)
    0x0003b970   0x0003b970   0x0000185c   Code   RO         2493    .text               bk3435_ble_mesh_log_warning.lib(m_tb_key.o)
    0x0003d1cc   0x0003d1cc   0x00000a64   Code   RO         2498    .text               bk3435_ble_mesh_log_warning.lib(m_tb_mio.o)
    0x0003dc30   0x0003dc30   0x00000c24   Code   RO         2502    .text               bk3435_ble_mesh_log_warning.lib(m_tb_store_nvds.o)
    0x0003e854   0x0003e854   0x00000644   Code   RO         2507    .text               bk3435_ble_mesh_log_warning.lib(m_tb_state.o)
    0x0003ee98   0x0003ee98   0x00000114   Code   RO         2512    .text               bk3435_ble_mesh_log_warning.lib(mm_tb.o)
    0x0003efac   0x0003efac   0x000007e4   Code   RO         2514    .text               bk3435_ble_mesh_log_warning.lib(mm_tb_bind.o)
    0x0003f790   0x0003f790   0x00000184   Code   RO         2518    .text               bk3435_ble_mesh_log_warning.lib(mm_tb_replay.o)
    0x0003f914   0x0003f914   0x00000210   Code   RO         2521    .text               bk3435_ble_mesh_log_warning.lib(mm_route.o)
    0x0003fb24   0x0003fb24   0x000001a8   Code   RO         2526    .text               bk3435_ble_mesh_log_warning.lib(mm_tb_state.o)
    0x0003fccc   0x0003fccc   0x0000027c   Code   RO         2530    .text               bk3435_ble_mesh_log_warning.lib(mal_adv.o)
    0x0003ff48   0x0003ff48   0x000009f4   Code   RO         2534    .text               bk3435_ble_mesh_log_warning.lib(mal_con.o)
    0x0004093c   0x0004093c   0x000000a8   Code   RO         2538    .text               bk3435_ble_mesh_log_warning.lib(mal_djob.o)
    0x000409e4   0x000409e4   0x000001bc   Code   RO         2540    .text               bk3435_ble_mesh_log_warning.lib(mal_sec.o)
    0x00040ba0   0x00040ba0   0x0000017c   Code   RO         2542    .text               bk3435_ble_mesh_log_warning.lib(mal_task.o)
    0x00040d1c   0x00040d1c   0x0000034c   Code   RO         2547    .text               bk3435_ble_mesh_log_warning.lib(mesh_tb_sec.o)
    0x00041068   0x00041068   0x000000a0   Code   RO         2551    .text               bk3435_ble_mesh_log_warning.lib(mesh.o)
    0x00041108   0x00041108   0x00000420   Code   RO         2553    .text               bk3435_ble_mesh_log_warning.lib(m_bearer_adv.o)
    0x00041528   0x00041528   0x000003d4   Code   RO         2556    .text               bk3435_ble_mesh_log_warning.lib(m_bearer_gatt.o)
    0x000418fc   0x000418fc   0x00001be0   Code   RO         2560    .text               bk3435_ble_mesh_log_warning.lib(m_fnd_confs.o)
    0x000434dc   0x000434dc   0x000001f8   Code   RO         2565    .text               bk3435_ble_mesh_log_warning.lib(m_lay_hb.o)
    0x000436d4   0x000436d4   0x00000d7c   Code   RO         2571    .text               bk3435_ble_mesh_log_warning.lib(m_lay_ltrans.o)
    0x00044450   0x00044450   0x00000f3c   Code   RO         2578    .text               bk3435_ble_mesh_log_warning.lib(m_lay_net.o)
    0x0004538c   0x0004538c   0x000008ac   Code   RO         2584    .text               bk3435_ble_mesh_log_warning.lib(m_lay_utrans.o)
    0x00045c38   0x00045c38   0x00000984   Code   RO         2591    .text               bk3435_ble_mesh_log_warning.lib(m_prov_adv_trans.o)
    0x000465bc   0x000465bc   0x000001f0   Code   RO         2595    .text               bk3435_ble_mesh_log_warning.lib(aes.o)
    0x000467ac   0x000467ac   0x00000378   Code   RO         2599    .text               bk3435_ble_mesh_log_warning.lib(aes_ccm.o)
    0x00046b24   0x00046b24   0x000001a8   Code   RO         2602    .text               bk3435_ble_mesh_log_warning.lib(aes_cmac.o)
    0x00046ccc   0x00046ccc   0x00000070   Code   RO         2605    .text               bk3435_ble_mesh_log_warning.lib(aes_k1.o)
    0x00046d3c   0x00046d3c   0x00000150   Code   RO         2607    .text               bk3435_ble_mesh_log_warning.lib(aes_k2.o)
    0x00046e8c   0x00046e8c   0x0000009c   Code   RO         2610    .text               bk3435_ble_mesh_log_warning.lib(aes_k3.o)
    0x00046f28   0x00046f28   0x000000a4   Code   RO         2613    .text               bk3435_ble_mesh_log_warning.lib(aes_k4.o)
    0x00046fcc   0x00046fcc   0x00000058   Code   RO         2616    .text               bk3435_ble_mesh_log_warning.lib(aes_s1.o)
    0x00047024   0x00047024   0x00000018   Code   RO         2621    .text               c_5.l(llmul.o)
    0x0004703c   0x0004703c   0x00000038   Code   RO         2625    .text               c_5.l(vsnprintf.o)
    0x00047074   0x00047074   0x0000002c   Code   RO         2627    .text               c_5.l(__2sprintf.o)
    0x000470a0   0x000470a0   0x0000004e   Code   RO         2633    .text               c_5.l(_printf_pad.o)
    0x000470ee   0x000470ee   0x00000052   Code   RO         2635    .text               c_5.l(_printf_str.o)
    0x00047140   0x00047140   0x00000008   Ven    RO         2655    .text               c_5.l(_printf_hex_int_ll_ptr.o)
    0x00047148   0x00047148   0x00000098   Code   RO         2655    .text               c_5.l(_printf_hex_int_ll_ptr.o)
    0x000471e0   0x000471e0   0x00000188   Code   RO         2675    .text               c_5.l(__printf_flags_ss_wp.o)
    0x00047368   0x00047368   0x000000f4   Code   RO         2689    .text               c_5.l(strcmp.o)
    0x0004745c   0x0004745c   0x00000020   Code   RO         2691    .text               c_5.l(uread4.o)
    0x0004747c   0x0004747c   0x00000020   Code   RO         2693    .text               c_5.l(uwrite4.o)
    0x0004749c   0x0004749c   0x0000002c   Code   RO         2752    .text               c_5.l(_printf_truncate.o)
    0x000474c8   0x000474c8   0x000000b0   Code   RO         2754    .text               c_5.l(_printf_intcommon.o)
    0x00047578   0x00047578   0x00000008   Ven    RO         2756    .text               c_5.l(_printf_dec.o)
    0x00047580   0x00047580   0x0000006c   Code   RO         2756    .text               c_5.l(_printf_dec.o)
    0x000475ec   0x000475ec   0x00000008   Ven    RO         2758    .text               c_5.l(_printf_charcount.o)
    0x000475f4   0x000475f4   0x00000026   Code   RO         2758    .text               c_5.l(_printf_charcount.o)
    0x0004761a   0x0004761a   0x00000002   PAD
    0x0004761c   0x0004761c   0x00000030   Code   RO         2760    .text               c_5.l(_printf_char_common.o)
    0x0004764c   0x0004764c   0x0000000a   Code   RO         2762    .text               c_5.l(_sputc.o)
    0x00047656   0x00047656   0x00000010   Code   RO         2764    .text               c_5.l(_snputc.o)
    0x00047666   0x00047666   0x00000002   PAD
    0x00047668   0x00047668   0x00000008   Ven    RO         2766    .text               c_5.l(_printf_char.o)
    0x00047670   0x00047670   0x0000002e   Code   RO         2766    .text               c_5.l(_printf_char.o)
    0x0004769e   0x0004769e   0x00000002   PAD
    0x000476a0   0x000476a0   0x000000bc   Code   RO         2768    .text               c_5.l(_printf_wctomb.o)
    0x0004775c   0x0004775c   0x00000008   Ven    RO         2771    .text               c_5.l(_printf_longlong_dec.o)
    0x00047764   0x00047764   0x00000070   Code   RO         2771    .text               c_5.l(_printf_longlong_dec.o)
    0x000477d4   0x000477d4   0x00000008   Ven    RO         2777    .text               c_5.l(_printf_oct_int_ll.o)
    0x000477dc   0x000477dc   0x00000070   Code   RO         2777    .text               c_5.l(_printf_oct_int_ll.o)
    0x0004784c   0x0004784c   0x00000098   Code   RO         2842    .text               c_5.l(lludiv10.o)
    0x000478e4   0x000478e4   0x00000414   Code   RO         2844    .text               c_5.l(_printf_fp_dec.o)
    0x00047cf8   0x00047cf8   0x00000008   Ven    RO         2846    .text               c_5.l(_printf_fp_hex.o)
    0x00047d00   0x00047d00   0x000002d8   Code   RO         2846    .text               c_5.l(_printf_fp_hex.o)
    0x00047fd8   0x00047fd8   0x00000008   Ven    RO         2851    .text               c_5.l(_printf_wchar.o)
    0x00047fe0   0x00047fe0   0x0000002e   Code   RO         2851    .text               c_5.l(_printf_wchar.o)
    0x0004800e   0x0004800e   0x00000040   Code   RO         2853    .text               c_5.l(_wcrtomb.o)
    0x0004804e   0x0004804e   0x00000002   PAD
    0x00048050   0x00048050   0x0000002c   Code   RO         2855    .text               c_5.l(rtudiv10.o)
    0x0004807c   0x0004807c   0x00000060   Code   RO         2861    .text               c_5.l(sys_stackheap_outer.o)
    0x000480dc   0x000480dc   0x00000014   Code   RO         2863    .text               c_5.l(rt_ctype_table.o)
    0x000480f0   0x000480f0   0x0000000c   Code   RO         2868    .text               c_5.l(rt_locale_intlibspace.o)
    0x000480fc   0x000480fc   0x00000088   Code   RO         2870    .text               c_5.l(_printf_fp_infnan.o)
    0x00048184   0x00048184   0x000000d8   Code   RO         2872    .text               c_5.l(bigflt0.o)
    0x0004825c   0x0004825c   0x00000010   Code   RO         2900    .text               c_5.l(exit.o)
    0x0004826c   0x0004826c   0x0000000c   Code   RO         2914    .text               c_5.l(libspace.o)
    0x00048278   0x00048278   0x0000000c   Code   RO         2978    .text               c_5.l(sys_exit.o)
    0x00048284   0x00048284   0x00000004   Code   RO         2989    .text               c_5.l(use_no_semi.o)
    0x00048288   0x00048288   0x00000000   Code   RO         2991    .text               c_5.l(indicate_semi.o)
    0x00048288   0x00048288   0x00000038   Code   RO         2875    CL$$btod_d2e        c_5.l(btod.o)
    0x000482c0   0x000482c0   0x00000054   Code   RO         2877    CL$$btod_d2e_denorm_low  c_5.l(btod.o)
    0x00048314   0x00048314   0x00000068   Code   RO         2876    CL$$btod_d2e_norm_op1  c_5.l(btod.o)
    0x0004837c   0x0004837c   0x00000348   Code   RO         2885    CL$$btod_div_common  c_5.l(btod.o)
    0x000486c4   0x000486c4   0x000000f4   Code   RO         2882    CL$$btod_e2e        c_5.l(btod.o)
    0x000487b8   0x000487b8   0x00000034   Code   RO         2879    CL$$btod_ediv       c_5.l(btod.o)
    0x000487ec   0x000487ec   0x00000034   Code   RO         2878    CL$$btod_emul       c_5.l(btod.o)
    0x00048820   0x00048820   0x00000264   Code   RO         2884    CL$$btod_mult_common  c_5.l(btod.o)
    0x00048a84   0x00048a84   0x00000008   Ven    RO         3065    Veneer$$Code        anon$$obj.o
    0x00048a8c   0x00048a8c   0x00000008   Ven    RO         3066    Veneer$$Code        anon$$obj.o
    0x00048a94   0x00048a94   0x00000008   Ven    RO         3067    Veneer$$Code        anon$$obj.o
    0x00048a9c   0x00048a9c   0x00000008   Ven    RO         3068    Veneer$$Code        anon$$obj.o
    0x00048aa4   0x00048aa4   0x00000008   Ven    RO         3069    Veneer$$Code        anon$$obj.o
    0x00048aac   0x00048aac   0x00000008   Ven    RO         3070    Veneer$$Code        anon$$obj.o
    0x00048ab4   0x00048ab4   0x0000003a   Code   RO         2455    i.__ARM_common_ctz  bk3435_ble_mesh_log_warning.lib(m_bcn.o)
    0x00048aee   0x00048aee   0x00000002   PAD
    0x00048af0   0x00048af0   0x00000030   Code   RO         2912    i.__ARM_fpclassify  m_5s.l(fpclassify.o)
    0x00048b20   0x00048b20   0x0000000e   Code   RO         2668    i._is_digit         c_5.l(__printf_wp.o)
    0x00048b2e   0x00048b2e   0x00000002   PAD
    0x00048b30   0x00048b30   0x0000012c   Code   RO         2746    i.ceil              m_5s.l(ceil.o)
    0x00048c5c   0x00048c5c   0x000000dc   Code   RO         2749    i.round             m_5s.l(round.o)
    0x00048d38   0x00048d38   0x00000048   Code   RO         2898    locale$$code        c_5.l(lc_numeric_c.o)
    0x00048d80   0x00048d80   0x00000048   Code   RO         2920    locale$$code        c_5.l(lc_ctype_c.o)
    0x00048dc8   0x00048dc8   0x0000006c   Code   RO         2697    x$fpl$d2f           fz_5s.l(d2f.o)
    0x00048e34   0x00048e34   0x00000154   Code   RO         2699    x$fpl$dadd          fz_5s.l(daddsub_clz.o)
    0x00048f88   0x00048f88   0x00000010   Code   RO         2800    x$fpl$dcheck1       fz_5s.l(dcheck1.o)
    0x00048f98   0x00048f98   0x0000001c   Code   RO         2857    x$fpl$dcmpinf       fz_5s.l(dcmpi.o)
    0x00048fb4   0x00048fb4   0x000002d0   Code   RO         2706    x$fpl$ddiv          fz_5s.l(ddiv.o)
    0x00049284   0x00049284   0x00000070   Code   RO         2709    x$fpl$dfixu         fz_5s.l(dfixu.o)
    0x000492f4   0x000492f4   0x00000034   Code   RO         2714    x$fpl$dflt          fz_5s.l(dflt_clz.o)
    0x00049328   0x00049328   0x0000002c   Code   RO         2713    x$fpl$dfltu         fz_5s.l(dflt_clz.o)
    0x00049354   0x00049354   0x00000094   Code   RO         2802    x$fpl$dleqf         fz_5s.l(dleqf.o)
    0x000493e8   0x000493e8   0x00000178   Code   RO         2719    x$fpl$dmul          fz_5s.l(dmul.o)
    0x00049560   0x00049560   0x000000b8   Code   RO         2804    x$fpl$dnaninf       fz_5s.l(dnaninf.o)
    0x00049618   0x00049618   0x00000010   Code   RO         2806    x$fpl$dretinf       fz_5s.l(dretinf.o)
    0x00049628   0x00049628   0x0000008c   Code   RO         2808    x$fpl$drleqf        fz_5s.l(drleqf.o)
    0x000496b4   0x000496b4   0x000000c0   Code   RO         2810    x$fpl$drnd          fz_5s.l(drnd.o)
    0x00049774   0x00049774   0x00000018   Code   RO         2700    x$fpl$drsb          fz_5s.l(daddsub_clz.o)
    0x0004978c   0x0004978c   0x00000200   Code   RO         2701    x$fpl$dsub          fz_5s.l(daddsub_clz.o)
    0x0004998c   0x0004998c   0x00000064   Code   RO         2721    x$fpl$f2d           fz_5s.l(f2d.o)
    0x000499f0   0x000499f0   0x000000c4   Code   RO         2723    x$fpl$fadd          fz_5s.l(faddsub_clz.o)
    0x00049ab4   0x00049ab4   0x0000000c   Code   RO         2812    x$fpl$fcheck1       fz_5s.l(fcheck1.o)
    0x00049ac0   0x00049ac0   0x00000190   Code   RO         2730    x$fpl$fdiv          fz_5s.l(fdiv.o)
    0x00049c50   0x00049c50   0x00000028   Code   RO         2733    x$fpl$ffltu         fz_5s.l(fflt_clz.o)
    0x00049c78   0x00049c78   0x00000100   Code   RO         2739    x$fpl$fmul          fz_5s.l(fmul.o)
    0x00049d78   0x00049d78   0x000000a0   Code   RO         2814    x$fpl$fnaninf       fz_5s.l(fnaninf.o)
    0x00049e18   0x00049e18   0x00000010   Code   RO         2816    x$fpl$fretinf       fz_5s.l(fretinf.o)
    0x00049e28   0x00049e28   0x00000014   Code   RO         2724    x$fpl$frsb          fz_5s.l(faddsub_clz.o)
    0x00049e3c   0x00049e3c   0x00000100   Code   RO         2725    x$fpl$fsub          fz_5s.l(faddsub_clz.o)
    0x00049f3c   0x00049f3c   0x00000008   Code   RO         2908    x$fpl$ieeestatus    fz_5s.l(istatus.o)
    0x00049f44   0x00049f44   0x00000004   Code   RO         2818    x$fpl$printf1       fz_5s.l(printf1.o)
    0x00049f48   0x00049f48   0x00000004   Code   RO         2820    x$fpl$printf2       fz_5s.l(printf2.o)
    0x00049f4c   0x00049f4c   0x00000074   Code   RO         2859    x$fpl$retnan        fz_5s.l(retnan.o)
    0x00049fc0   0x00049fc0   0x00000068   Code   RO         2741    x$fpl$scalbn        fz_5s.l(scalbn.o)
    0x0004a028   0x0004a028   0x0000005c   Code   RO         2743    x$fpl$scalbnf       fz_5s.l(scalbnf.o)
    0x0004a084   0x0004a084   0x0000003c   Code   RO         2910    x$fpl$trapveneer    fz_5s.l(trapv.o)
    0x0004a0c0   0x0004a0c0   0x00000000   Code   RO         2826    x$fpl$usenofp       fz_5s.l(usenofp.o)
    0x0004a0c0   0x0004a0c0   0x0000002e   Data   RO            7    .constdata          arch_main_1.o
    0x0004a0ee   0x0004a0ee   0x00000011   Data   RO          423    .constdata          mesh_log.o
    0x0004a0ff   0x0004a0ff   0x00000001   PAD
    0x0004a100   0x0004a100   0x00000038   Data   RO          988    .constdata          bass.o
    0x0004a138   0x0004a138   0x00000030   Data   RO         1026    .constdata          bass_task.o
    0x0004a168   0x0004a168   0x00000008   Data   RO         1027    .constdata          bass_task.o
    0x0004a170   0x0004a170   0x000000a8   Data   RO         1064    .constdata          diss.o
    0x0004a218   0x0004a218   0x00000018   Data   RO         1087    .constdata          diss_task.o
    0x0004a230   0x0004a230   0x00000008   Data   RO         1088    .constdata          diss_task.o
    0x0004a238   0x0004a238   0x00000040   Data   RO         1124    .constdata          fff0s.o
    0x0004a278   0x0004a278   0x00000028   Data   RO         1150    .constdata          fff0s_task.o
    0x0004a2a0   0x0004a2a0   0x00000008   Data   RO         1151    .constdata          fff0s_task.o
    0x0004a2a8   0x0004a2a8   0x0000007e   Data   RO         1173    .constdata          oads.o
    0x0004a326   0x0004a326   0x00000002   PAD
    0x0004a328   0x0004a328   0x00000030   Data   RO         1208    .constdata          oads_task.o
    0x0004a358   0x0004a358   0x00000008   Data   RO         1209    .constdata          oads_task.o
    0x0004a360   0x0004a360   0x00000032   Data   RO         1210    .constdata          oads_task.o
    0x0004a392   0x0004a392   0x00000002   PAD
    0x0004a394   0x0004a394   0x00000028   Data   RO         1281    .constdata          app.o
    0x0004a3bc   0x0004a3bc   0x00000088   Data   RO         1333    .constdata          app_task.o
    0x0004a444   0x0004a444   0x00000008   Data   RO         1334    .constdata          app_task.o
    0x0004a44c   0x0004a44c   0x000000b5   Data   RO         1335    .constdata          app_task.o
    0x0004a501   0x0004a501   0x00000003   PAD
    0x0004a504   0x0004a504   0x00000050   Data   RO         1371    .constdata          app_mesh.o
    0x0004a554   0x0004a554   0x00000008   Data   RO         1372    .constdata          app_mesh.o
    0x0004a55c   0x0004a55c   0x00000092   Data   RO         1373    .constdata          app_mesh.o
    0x0004a5ee   0x0004a5ee   0x00000002   PAD
    0x0004a5f0   0x0004a5f0   0x00000020   Data   RO         1508    .constdata          app_batt.o
    0x0004a610   0x0004a610   0x00000008   Data   RO         1509    .constdata          app_batt.o
    0x0004a618   0x0004a618   0x00000008   Data   RO         1532    .constdata          app_dis.o
    0x0004a620   0x0004a620   0x00000008   Data   RO         1533    .constdata          app_dis.o
    0x0004a628   0x0004a628   0x00000028   Data   RO         1553    .constdata          app_fff0.o
    0x0004a650   0x0004a650   0x00000008   Data   RO         1554    .constdata          app_fff0.o
    0x0004a658   0x0004a658   0x0000001a   Data   RO         1555    .constdata          app_fff0.o
    0x0004a672   0x0004a672   0x00000002   PAD
    0x0004a674   0x0004a674   0x00000030   Data   RO         1583    .constdata          app_oads.o
    0x0004a6a4   0x0004a6a4   0x00000008   Data   RO         1584    .constdata          app_oads.o
    0x0004a6ac   0x0004a6ac   0x000000a8   Data   RO         1585    .constdata          app_oads.o
    0x0004a754   0x0004a754   0x00000014   Data   RO         1609    .constdata          oad_common.o
    0x0004a768   0x0004a768   0x00000053   Data   RO         1632    .constdata          ali_config.o
    0x0004a7bb   0x0004a7bb   0x00000035   Data   RO         1650    .constdata          app_light_ali_server.o
    0x0004a7f0   0x0004a7f0   0x00000304   Data   RO         1740    .constdata          led.o
    0x0004aaf4   0x0004aaf4   0x0000008b   Data   RO         1794    .constdata          m_api.o
    0x0004ab7f   0x0004ab7f   0x00000001   PAD
    0x0004ab80   0x0004ab80   0x00000048   Data   RO         1840    .constdata          m_api_msg.o
    0x0004abc8   0x0004abc8   0x00000004   Data   RO         1890    .constdata          mesh_api_msg.o
    0x0004abcc   0x0004abcc   0x00000037   Data   RO         1930    .constdata          mm_api_msg.o
    0x0004ac03   0x0004ac03   0x00000001   PAD
    0x0004ac04   0x0004ac04   0x00000010   Data   RO         1974    .constdata          m_fnd_blob_transfer.o
    0x0004ac14   0x0004ac14   0x00000010   Data   RO         2025    .constdata          m_fnd_fw_update.o
    0x0004ac24   0x0004ac24   0x00000010   Data   RO         2045    .constdata          m_fnd_scenes.o
    0x0004ac34   0x0004ac34   0x00000014   Data   RO         2098    .constdata          mm_gens.o
    0x0004ac48   0x0004ac48   0x0000003d   Data   RO         2159    .constdata          mm_gens_oo.o
    0x0004ac85   0x0004ac85   0x0000005f   Data   RO         2206    .constdata          mm_lights.o
    0x0004ace4   0x0004ace4   0x0000007d   Data   RO         2224    .constdata          mm_lights_ctl.o
    0x0004ad61   0x0004ad61   0x00000150   Data   RO         2241    .constdata          mm_lights_hsl.o
    0x0004aeb1   0x0004aeb1   0x0000008a   Data   RO         2262    .constdata          mm_lights_ln.o
    0x0004af3b   0x0004af3b   0x00000001   PAD
    0x0004af3c   0x0004af3c   0x00002128   Data   RO         2280    .constdata          aes.o
    0x0004d064   0x0004d064   0x00000078   Data   RO         2305    .constdata          ais.o
    0x0004d0dc   0x0004d0dc   0x00000028   Data   RO         2332    .constdata          ais_task.o
    0x0004d104   0x0004d104   0x00000008   Data   RO         2333    .constdata          ais_task.o
    0x0004d10c   0x0004d10c   0x00000010   Data   RO         2355    .constdata          app_ais.o
    0x0004d11c   0x0004d11c   0x00000008   Data   RO         2356    .constdata          app_ais.o
    0x0004d124   0x0004d124   0x00000100   Data   RO         2408    .constdata          sha256.o
    0x0004d224   0x0004d224   0x00000010   Data   RO         2434    .constdata          bk3435_ble_mesh_log_warning.lib(mal.o)
    0x0004d234   0x0004d234   0x000000cf   Data   RO         2442    .constdata          bk3435_ble_mesh_log_warning.lib(mesh_tb_buf.o)
    0x0004d303   0x0004d303   0x00000001   PAD
    0x0004d304   0x0004d304   0x00000063   Data   RO         2452    .constdata          bk3435_ble_mesh_log_warning.lib(m_bcn.o)
    0x0004d367   0x0004d367   0x00000001   PAD
    0x0004d368   0x0004d368   0x00000008   Data   RO         2458    .constdata          bk3435_ble_mesh_log_warning.lib(m_bearer.o)
    0x0004d370   0x0004d370   0x00000052   Data   RO         2459    .constdata          bk3435_ble_mesh_log_warning.lib(m_bearer.o)
    0x0004d3c2   0x0004d3c2   0x00000002   PAD
    0x0004d3c4   0x0004d3c4   0x0000007b   Data   RO         2465    .constdata          bk3435_ble_mesh_log_warning.lib(m_fnd_hlths.o)
    0x0004d43f   0x0004d43f   0x00000001   PAD
    0x0004d440   0x0004d440   0x00000008   Data   RO         2471    .constdata          bk3435_ble_mesh_log_warning.lib(m_lay_access.o)
    0x0004d448   0x0004d448   0x0000007a   Data   RO         2472    .constdata          bk3435_ble_mesh_log_warning.lib(m_lay_access.o)
    0x0004d4c2   0x0004d4c2   0x00000002   PAD
    0x0004d4c4   0x0004d4c4   0x00000010   Data   RO         2477    .constdata          bk3435_ble_mesh_log_warning.lib(m_lay_proxy.o)
    0x0004d4d4   0x0004d4d4   0x000000d3   Data   RO         2478    .constdata          bk3435_ble_mesh_log_warning.lib(m_lay_proxy.o)
    0x0004d5a7   0x0004d5a7   0x00000001   PAD
    0x0004d5a8   0x0004d5a8   0x000002b0   Data   RO         2483    .constdata          bk3435_ble_mesh_log_warning.lib(m_prov.o)
    0x0004d858   0x0004d858   0x00000089   Data   RO         2488    .constdata          bk3435_ble_mesh_log_warning.lib(m_prov_bearer.o)
    0x0004d8e1   0x0004d8e1   0x000000b9   Data   RO         2494    .constdata          bk3435_ble_mesh_log_warning.lib(m_tb_key.o)
    0x0004d99a   0x0004d99a   0x0000004a   Data   RO         2499    .constdata          bk3435_ble_mesh_log_warning.lib(m_tb_mio.o)
    0x0004d9e4   0x0004d9e4   0x00000063   Data   RO         2503    .constdata          bk3435_ble_mesh_log_warning.lib(m_tb_store_nvds.o)
    0x0004da47   0x0004da47   0x00000092   Data   RO         2508    .constdata          bk3435_ble_mesh_log_warning.lib(m_tb_state.o)
    0x0004dad9   0x0004dad9   0x0000008f   Data   RO         2515    .constdata          bk3435_ble_mesh_log_warning.lib(mm_tb_bind.o)
    0x0004db68   0x0004db68   0x00000010   Data   RO         2522    .constdata          bk3435_ble_mesh_log_warning.lib(mm_route.o)
    0x0004db78   0x0004db78   0x00000053   Data   RO         2523    .constdata          bk3435_ble_mesh_log_warning.lib(mm_route.o)
    0x0004dbcb   0x0004dbcb   0x00000028   Data   RO         2527    .constdata          bk3435_ble_mesh_log_warning.lib(mm_tb_state.o)
    0x0004dbf3   0x0004dbf3   0x00000001   PAD
    0x0004dbf4   0x0004dbf4   0x0000000c   Data   RO         2531    .constdata          bk3435_ble_mesh_log_warning.lib(mal_adv.o)
    0x0004dc00   0x0004dc00   0x00000060   Data   RO         2535    .constdata          bk3435_ble_mesh_log_warning.lib(mal_con.o)
    0x0004dc60   0x0004dc60   0x00000010   Data   RO         2536    .constdata          bk3435_ble_mesh_log_warning.lib(mal_con.o)
    0x0004dc70   0x0004dc70   0x00000048   Data   RO         2543    .constdata          bk3435_ble_mesh_log_warning.lib(mal_task.o)
    0x0004dcb8   0x0004dcb8   0x00000008   Data   RO         2544    .constdata          bk3435_ble_mesh_log_warning.lib(mal_task.o)
    0x0004dcc0   0x0004dcc0   0x00000014   Data   RO         2548    .constdata          bk3435_ble_mesh_log_warning.lib(mesh_tb_sec.o)
    0x0004dcd4   0x0004dcd4   0x00000039   Data   RO         2554    .constdata          bk3435_ble_mesh_log_warning.lib(m_bearer_adv.o)
    0x0004dd0d   0x0004dd0d   0x00000003   PAD
    0x0004dd10   0x0004dd10   0x00000092   Data   RO         2557    .constdata          bk3435_ble_mesh_log_warning.lib(m_bearer_gatt.o)
    0x0004dda2   0x0004dda2   0x00000002   PAD
    0x0004dda4   0x0004dda4   0x00000471   Data   RO         2561    .constdata          bk3435_ble_mesh_log_warning.lib(m_fnd_confs.o)
    0x0004e215   0x0004e215   0x00000003   PAD
    0x0004e218   0x0004e218   0x00000008   Data   RO         2566    .constdata          bk3435_ble_mesh_log_warning.lib(m_lay_hb.o)
    0x0004e220   0x0004e220   0x00000004   Data   RO         2567    .constdata          bk3435_ble_mesh_log_warning.lib(m_lay_hb.o)
    0x0004e224   0x0004e224   0x0000000e   Data   RO         2568    .constdata          bk3435_ble_mesh_log_warning.lib(m_lay_hb.o)
    0x0004e232   0x0004e232   0x00000002   PAD
    0x0004e234   0x0004e234   0x00000004   Data   RO         2572    .constdata          bk3435_ble_mesh_log_warning.lib(m_lay_ltrans.o)
    0x0004e238   0x0004e238   0x00000010   Data   RO         2573    .constdata          bk3435_ble_mesh_log_warning.lib(m_lay_ltrans.o)
    0x0004e248   0x0004e248   0x0000005c   Data   RO         2574    .constdata          bk3435_ble_mesh_log_warning.lib(m_lay_ltrans.o)
    0x0004e2a4   0x0004e2a4   0x00000004   Data   RO         2579    .constdata          bk3435_ble_mesh_log_warning.lib(m_lay_net.o)
    0x0004e2a8   0x0004e2a8   0x00000010   Data   RO         2580    .constdata          bk3435_ble_mesh_log_warning.lib(m_lay_net.o)
    0x0004e2b8   0x0004e2b8   0x0000010b   Data   RO         2581    .constdata          bk3435_ble_mesh_log_warning.lib(m_lay_net.o)
    0x0004e3c3   0x0004e3c3   0x00000001   PAD
    0x0004e3c4   0x0004e3c4   0x00000004   Data   RO         2585    .constdata          bk3435_ble_mesh_log_warning.lib(m_lay_utrans.o)
    0x0004e3c8   0x0004e3c8   0x00000008   Data   RO         2586    .constdata          bk3435_ble_mesh_log_warning.lib(m_lay_utrans.o)
    0x0004e3d0   0x0004e3d0   0x000000b0   Data   RO         2587    .constdata          bk3435_ble_mesh_log_warning.lib(m_lay_utrans.o)
    0x0004e480   0x0004e480   0x0000017c   Data   RO         2592    .constdata          bk3435_ble_mesh_log_warning.lib(m_prov_adv_trans.o)
    0x0004e5fc   0x0004e5fc   0x0000000a   Data   RO         2597    .constdata          bk3435_ble_mesh_log_warning.lib(aes.o)
    0x0004e606   0x0004e606   0x00000008   Data   RO         2600    .constdata          bk3435_ble_mesh_log_warning.lib(aes_ccm.o)
    0x0004e60e   0x0004e60e   0x00000019   Data   RO         2603    .constdata          bk3435_ble_mesh_log_warning.lib(aes_cmac.o)
    0x0004e627   0x0004e627   0x00000010   Data   RO         2608    .constdata          bk3435_ble_mesh_log_warning.lib(aes_k2.o)
    0x0004e637   0x0004e637   0x0000001c   Data   RO         2611    .constdata          bk3435_ble_mesh_log_warning.lib(aes_k3.o)
    0x0004e653   0x0004e653   0x0000001b   Data   RO         2614    .constdata          bk3435_ble_mesh_log_warning.lib(aes_k4.o)
    0x0004e66e   0x0004e66e   0x00000007   Data   RO         2617    .constdata          bk3435_ble_mesh_log_warning.lib(aes_s1.o)
    0x0004e675   0x0004e675   0x00000028   Data   RO         2656    .constdata          c_5.l(_printf_hex_int_ll_ptr.o)
    0x0004e69d   0x0004e69d   0x00000011   Data   RO         2676    .constdata          c_5.l(__printf_flags_ss_wp.o)
    0x0004e6ae   0x0004e6ae   0x00000002   PAD
    0x0004e6b0   0x0004e6b0   0x00000008   Data   RO         2769    .constdata          c_5.l(_printf_wctomb.o)
    0x0004e6b8   0x0004e6b8   0x00000026   Data   RO         2847    .constdata          c_5.l(_printf_fp_hex.o)
    0x0004e6de   0x0004e6de   0x00000002   PAD
    0x0004e6e0   0x0004e6e0   0x00000094   Data   RO         2873    .constdata          c_5.l(bigflt0.o)
    0x0004e774   0x0004e774   0x00000107   Data   RO            8    .conststring        arch_main_1.o
    0x0004e87b   0x0004e87b   0x00000001   PAD
    0x0004e87c   0x0004e87c   0x00000042   Data   RO         1282    .conststring        app.o
    0x0004e8be   0x0004e8be   0x00000002   PAD
    0x0004e8c0   0x0004e8c0   0x00000090   Data   RO         1336    .conststring        app_task.o
    0x0004e950   0x0004e950   0x000000ca   Data   RO         1374    .conststring        app_mesh.o
    0x0004ea1a   0x0004ea1a   0x00000002   PAD
    0x0004ea1c   0x0004ea1c   0x00000042   Data   RO         1454    .conststring        app_mm_msg.o
    0x0004ea5e   0x0004ea5e   0x00000002   PAD
    0x0004ea60   0x0004ea60   0x00000043   Data   RO         1651    .conststring        app_light_ali_server.o
    0x0004eaa3   0x0004eaa3   0x00000001   PAD
    0x0004eaa4   0x0004eaa4   0x00000113   Data   RO         2071    .conststring        mm_vendors.o
    0x0004ebb7   0x0004ebb7   0x00000001   PAD
    0x0004ebb8   0x0004ebb8   0x0000004d   Data   RO         2099    .conststring        mm_gens.o
    0x0004ec05   0x0004ec05   0x00000003   PAD
    0x0004ec08   0x0004ec08   0x00000107   Data   RO         2207    .conststring        mm_lights.o
    0x0004ed0f   0x0004ed0f   0x00000001   PAD
    0x0004ed10   0x0004ed10   0x00000162   Data   RO         2263    .conststring        mm_lights_ln.o
    0x0004ee72   0x0004ee72   0x00000002   PAD
    0x0004ee74   0x0004ee74   0x0000004e   Data   RO         2380    .conststring        gma.o
    0x0004eec2   0x0004eec2   0x00000002   PAD
    0x0004eec4   0x0004eec4   0x00000041   Data   RO         2443    .conststring        bk3435_ble_mesh_log_warning.lib(mesh_tb_buf.o)
    0x0004ef05   0x0004ef05   0x00000003   PAD
    0x0004ef08   0x0004ef08   0x0000019f   Data   RO         2473    .conststring        bk3435_ble_mesh_log_warning.lib(m_lay_access.o)
    0x0004f0a7   0x0004f0a7   0x00000001   PAD
    0x0004f0a8   0x0004f0a8   0x00000052   Data   RO         2479    .conststring        bk3435_ble_mesh_log_warning.lib(m_lay_proxy.o)
    0x0004f0fa   0x0004f0fa   0x00000002   PAD
    0x0004f0fc   0x0004f0fc   0x000001b1   Data   RO         2484    .conststring        bk3435_ble_mesh_log_warning.lib(m_prov.o)
    0x0004f2ad   0x0004f2ad   0x00000003   PAD
    0x0004f2b0   0x0004f2b0   0x00000048   Data   RO         2489    .conststring        bk3435_ble_mesh_log_warning.lib(m_prov_bearer.o)
    0x0004f2f8   0x0004f2f8   0x00000042   Data   RO         2495    .conststring        bk3435_ble_mesh_log_warning.lib(m_tb_key.o)
    0x0004f33a   0x0004f33a   0x00000002   PAD
    0x0004f33c   0x0004f33c   0x00000056   Data   RO         2504    .conststring        bk3435_ble_mesh_log_warning.lib(m_tb_store_nvds.o)
    0x0004f392   0x0004f392   0x00000002   PAD
    0x0004f394   0x0004f394   0x00000099   Data   RO         2509    .conststring        bk3435_ble_mesh_log_warning.lib(m_tb_state.o)
    0x0004f42d   0x0004f42d   0x00000003   PAD
    0x0004f430   0x0004f430   0x00000042   Data   RO         2545    .conststring        bk3435_ble_mesh_log_warning.lib(mal_task.o)
    0x0004f472   0x0004f472   0x00000002   PAD
    0x0004f474   0x0004f474   0x00000046   Data   RO         2558    .conststring        bk3435_ble_mesh_log_warning.lib(m_bearer_gatt.o)
    0x0004f4ba   0x0004f4ba   0x00000002   PAD
    0x0004f4bc   0x0004f4bc   0x00000097   Data   RO         2562    .conststring        bk3435_ble_mesh_log_warning.lib(m_fnd_confs.o)
    0x0004f553   0x0004f553   0x00000001   PAD
    0x0004f554   0x0004f554   0x00000042   Data   RO         2575    .conststring        bk3435_ble_mesh_log_warning.lib(m_lay_ltrans.o)
    0x0004f596   0x0004f596   0x00000002   PAD
    0x0004f598   0x0004f598   0x00000046   Data   RO         2588    .conststring        bk3435_ble_mesh_log_warning.lib(m_lay_utrans.o)
    0x0004f5de   0x0004f5de   0x00000002   PAD
    0x0004f5e0   0x0004f5e0   0x00000020   Data   RO         3044    Region$$Table       anon$$obj.o
    0x0004f600   0x0004f600   0x0000001c   Data   RO         2897    locale$$data        c_5.l(lc_numeric_c.o)
    0x0004f61c   0x0004f61c   0x00000110   Data   RO         2919    locale$$data        c_5.l(lc_ctype_c.o)


    Execution Region RAM_DATA (Exec base: 0x00400c00, Load base: 0x0004f72c, Size: 0x000001bc, Max: 0xffffffff, ABSOLUTE, COMPRESSED[0x00000094])

    Exec Addr    Load Addr    Size         Type   Attr      Idx    E Section Name        Object

    0x00400c00   COMPRESSED   0x00000008   Data   RW           10    .data               arch_main_1.o
    0x00400c08   COMPRESSED   0x00000002   Data   RW          680    .data               icu.o
    0x00400c0a   COMPRESSED   0x00000002   PAD
    0x00400c0c   COMPRESSED   0x00000018   Data   RW          752    .data               uart.o
    0x00400c24   COMPRESSED   0x00000008   Data   RW          846    .data               flash.o
    0x00400c2c   COMPRESSED   0x00000002   Data   RW          918    .data               wdt.o
    0x00400c2e   COMPRESSED   0x00000002   PAD
    0x00400c30   COMPRESSED   0x0000002c   Data   RW          937    .data               gpio.o
    0x00400c5c   COMPRESSED   0x00000008   Data   RW         1174    .data               oads.o
    0x00400c64   COMPRESSED   0x00000001   Data   RW         1337    .data               app_task.o
    0x00400c65   COMPRESSED   0x00000001   Data   RW         1338    .data               app_task.o
    0x00400c66   COMPRESSED   0x0000000e   Data   RW         1375    .data               app_mesh.o
    0x00400c74   COMPRESSED   0x00000002   Data   RW         1510    .data               app_batt.o
    0x00400c76   COMPRESSED   0x00000002   Data   RW         1556    .data               app_fff0.o
    0x00400c78   COMPRESSED   0x00000001   Data   RW         1586    .data               app_oads.o
    0x00400c79   COMPRESSED   0x00000001   PAD
    0x00400c7a   COMPRESSED   0x0000000c   Data   RW         1654    .data               app_light_ali_server.o
    0x00400c86   COMPRESSED   0x00000001   Data   RW         1658    .data               app_light_ali_server.o
    0x00400c87   COMPRESSED   0x00000001   PAD
    0x00400c88   COMPRESSED   0x0000002a   Data   RW         1741    .data               led.o
    0x00400cb2   COMPRESSED   0x00000002   PAD
    0x00400cb4   COMPRESSED   0x00000008   Data   RW         1795    .data               m_api.o
    0x00400cbc   COMPRESSED   0x00000004   Data   RW         1865    .data               mesh_api.o
    0x00400cc0   COMPRESSED   0x00000004   Data   RW         1948    .data               mm_api.o
    0x00400cc4   COMPRESSED   0x00000004   Data   RW         1975    .data               m_fnd_blob_transfer.o
    0x00400cc8   COMPRESSED   0x00000008   Data   RW         2026    .data               m_fnd_fw_update.o
    0x00400cd0   COMPRESSED   0x00000004   Data   RW         2046    .data               m_fnd_scenes.o
    0x00400cd4   COMPRESSED   0x00000002   Data   RW         2072    .data               mm_vendors.o
    0x00400cd6   COMPRESSED   0x00000001   Data   RW         2334    .data               ais_task.o
    0x00400cd7   COMPRESSED   0x00000001   PAD
    0x00400cd8   COMPRESSED   0x00000047   Data   RW         2381    .data               gma.o
    0x00400d1f   COMPRESSED   0x00000001   PAD
    0x00400d20   COMPRESSED   0x00000026   Data   RW         2426    .data               bk3435_pn9_mode.lib(rf_pn9_test.o)
    0x00400d46   COMPRESSED   0x00000003   Data   RW         2431    .data               bk3435_ble_mesh_log_warning.lib(lld_adv_test.o)
    0x00400d49   COMPRESSED   0x00000003   PAD
    0x00400d4c   COMPRESSED   0x00000004   Data   RW         2435    .data               bk3435_ble_mesh_log_warning.lib(mal.o)
    0x00400d50   COMPRESSED   0x00000004   Data   RW         2444    .data               bk3435_ble_mesh_log_warning.lib(mesh_tb_buf.o)
    0x00400d54   COMPRESSED   0x00000004   Data   RW         2449    .data               bk3435_ble_mesh_log_warning.lib(mesh_tb_timer.o)
    0x00400d58   COMPRESSED   0x00000004   Data   RW         2453    .data               bk3435_ble_mesh_log_warning.lib(m_bcn.o)
    0x00400d5c   COMPRESSED   0x00000004   Data   RW         2460    .data               bk3435_ble_mesh_log_warning.lib(m_bearer.o)
    0x00400d60   COMPRESSED   0x00000004   Data   RW         2466    .data               bk3435_ble_mesh_log_warning.lib(m_fnd_hlths.o)
    0x00400d64   COMPRESSED   0x00000004   Data   RW         2474    .data               bk3435_ble_mesh_log_warning.lib(m_lay_access.o)
    0x00400d68   COMPRESSED   0x00000004   Data   RW         2480    .data               bk3435_ble_mesh_log_warning.lib(m_lay_proxy.o)
    0x00400d6c   COMPRESSED   0x00000008   Data   RW         2485    .data               bk3435_ble_mesh_log_warning.lib(m_prov.o)
    0x00400d74   COMPRESSED   0x00000004   Data   RW         2496    .data               bk3435_ble_mesh_log_warning.lib(m_tb_key.o)
    0x00400d78   COMPRESSED   0x00000004   Data   RW         2500    .data               bk3435_ble_mesh_log_warning.lib(m_tb_mio.o)
    0x00400d7c   COMPRESSED   0x00000008   Data   RW         2505    .data               bk3435_ble_mesh_log_warning.lib(m_tb_store_nvds.o)
    0x00400d84   COMPRESSED   0x00000004   Data   RW         2510    .data               bk3435_ble_mesh_log_warning.lib(m_tb_state.o)
    0x00400d88   COMPRESSED   0x00000004   Data   RW         2516    .data               bk3435_ble_mesh_log_warning.lib(mm_tb_bind.o)
    0x00400d8c   COMPRESSED   0x00000004   Data   RW         2519    .data               bk3435_ble_mesh_log_warning.lib(mm_tb_replay.o)
    0x00400d90   COMPRESSED   0x00000004   Data   RW         2524    .data               bk3435_ble_mesh_log_warning.lib(mm_route.o)
    0x00400d94   COMPRESSED   0x00000004   Data   RW         2528    .data               bk3435_ble_mesh_log_warning.lib(mm_tb_state.o)
    0x00400d98   COMPRESSED   0x00000004   Data   RW         2532    .data               bk3435_ble_mesh_log_warning.lib(mal_adv.o)
    0x00400d9c   COMPRESSED   0x00000004   Data   RW         2549    .data               bk3435_ble_mesh_log_warning.lib(mesh_tb_sec.o)
    0x00400da0   COMPRESSED   0x00000004   Data   RW         2563    .data               bk3435_ble_mesh_log_warning.lib(m_fnd_confs.o)
    0x00400da4   COMPRESSED   0x00000004   Data   RW         2569    .data               bk3435_ble_mesh_log_warning.lib(m_lay_hb.o)
    0x00400da8   COMPRESSED   0x00000004   Data   RW         2576    .data               bk3435_ble_mesh_log_warning.lib(m_lay_ltrans.o)
    0x00400dac   COMPRESSED   0x00000008   Data   RW         2582    .data               bk3435_ble_mesh_log_warning.lib(m_lay_net.o)
    0x00400db4   COMPRESSED   0x00000004   Data   RW         2589    .data               bk3435_ble_mesh_log_warning.lib(m_lay_utrans.o)
    0x00400db8   COMPRESSED   0x00000001   Data   RW         2593    .data               bk3435_ble_mesh_log_warning.lib(m_prov_adv_trans.o)


    Execution Region RAM_BSS (Exec base: 0x00400dbc, Load base: 0x0004f7c0, Size: 0x000093dc, Max: 0xffffffff, ABSOLUTE)

    Exec Addr    Load Addr    Size         Type   Attr      Idx    E Section Name        Object

    0x00400dbc        -       0x00000010   Zero   RW            6    .bss                arch_main_1.o
    0x00400dcc        -       0x00000081   Zero   RW          422    .bss                mesh_log.o
    0x00400e4d   0x0004f7c0   0x00000003   PAD
    0x00400e50        -       0x000070b0   Zero   RW          602    .bss                rwip.o
    0x00407f00        -       0x0000032c   Zero   RW          751    .bss                uart.o
    0x0040822c        -       0x0000000c   Zero   RW          845    .bss                flash.o
    0x00408238        -       0x00000040   Zero   RW          896    .bss                rf_xvr.o
    0x00408278        -       0x00000028   Zero   RW          936    .bss                gpio.o
    0x004082a0        -       0x00000014   Zero   RW          966    .bss                pwm.o
    0x004082b4        -       0x000000c0   Zero   RW         1172    .bss                oads.o
    0x00408374        -       0x000000f0   Zero   RW         1242    .bss                prf.o
    0x00408464        -       0x00000028   Zero   RW         1280    .bss                app.o
    0x0040848c        -       0x0000001c   Zero   RW         1370    .bss                app_mesh.o
    0x004084a8        -       0x00000410   Zero   RW         1608    .bss                oad_common.o
    0x004088b8        -       0x000000a2   Zero   RW         1649    .bss                app_light_ali_server.o
    0x0040895a   0x0004f7c0   0x00000002   PAD
    0x0040895c        -       0x00000074   Zero   RW         1737    .bss                led.o
    0x004089d0        -       0x00000030   Zero   RW         1908    .bss                mesh_param_int.o
    0x00408a00        -       0x0000101b   Zero   RW         1973    .bss                m_fnd_blob_transfer.o
    0x00409a1b        -       0x0000001b   Zero   RW         2024    .bss                m_fnd_fw_update.o
    0x00409a36   0x0004f7c0   0x00000002   PAD
    0x00409a38        -       0x00000416   Zero   RW         2379    .bss                gma.o
    0x00409e4e   0x0004f7c0   0x00000002   PAD
    0x00409e50        -       0x000001d0   Zero   RW         2429    .bss                bk3435_ble_mesh_log_warning.lib(lld_adv_test.o)
    0x0040a020        -       0x00000018   Zero   RW         2596    .bss                bk3435_ble_mesh_log_warning.lib(aes.o)
    0x0040a038        -       0x00000060   Zero   RW         2915    .bss                c_5.l(libspace.o)
    0x0040a098        -       0x00000100   Zero   RW          414    Myheap              boot_handlers.o


    Execution Region RAM_STACK_UNUSED (Exec base: 0x0040a4fc, Load base: 0x0004f7c0, Size: 0x00000100, Max: 0x00000100, ABSOLUTE)

    Exec Addr    Load Addr    Size         Type   Attr      Idx    E Section Name        Object

    0x0040a4fc        -       0x00000100   Zero   RW            1    RAM_STACK_UNUSED.bss  anon$$obj.o


    Execution Region RAM_STACK_FIQ (Exec base: 0x0040a5fc, Load base: 0x0004f7c0, Size: 0x00000500, Max: 0x00000500, ABSOLUTE)

    Exec Addr    Load Addr    Size         Type   Attr      Idx    E Section Name        Object

    0x0040a5fc        -       0x00000500   Zero   RW            2    RAM_STACK_FIQ.bss   anon$$obj.o


    Execution Region RAM_STACK_IRQ (Exec base: 0x0040aafc, Load base: 0x0004f7c0, Size: 0x00000500, Max: 0x00000500, ABSOLUTE)

    Exec Addr    Load Addr    Size         Type   Attr      Idx    E Section Name        Object

    0x0040aafc        -       0x00000500   Zero   RW            3    RAM_STACK_IRQ.bss   anon$$obj.o


    Execution Region RAM_STACK_SVC (Exec base: 0x0040affc, Load base: 0x0004f7c0, Size: 0x00001000, Max: 0x00001000, ABSOLUTE)

    Exec Addr    Load Addr    Size         Type   Attr      Idx    E Section Name        Object

    0x0040affc        -       0x00001000   Zero   RW            4    RAM_STACK_SVC.bss   anon$$obj.o


==============================================================================

Image component sizes


      Code (inc. data)   RO Data    RW Data    ZI Data      Debug   Object Name

      3224         90       8488          0          0       8730   aes.o
       440         48        120          0          0       5979   ais.o
       556         50         48          1          0       5413   ais_task.o
       412        150         83          0          0       2277   ali_config.o
       368         30        106          0         40       6452   app.o
       120         10         24          0          0       2448   app_ais.o
       220         56         40          2          0       3491   app_batt.o
       300        126         16          0          0       2116   app_dis.o
       396        144         74          2          0       5475   app_fff0.o
      2260        966        120         13        162      12624   app_light_ali_server.o
      2748       1298        436         14         28      41450   app_mesh.o
      1556       1020         66          0          0       5814   app_mm_msg.o
       496        182        224          1          0       4595   app_oads.o
      2180       1032        469          2          0       9086   app_task.o
      1872        928        309          8         16     144018   arch_main_1.o
      1092         86         56          0          0      11870   bass.o
       676         14         56          0          0      14579   bass_task.o
       512         80          0          0        256        380   boot_handlers.o
        92         32          0          0          0        328   boot_vectors.o
       384         12        168          0          0       7434   diss.o
       464          8         32          0          0      10396   diss_task.o
        24          4          0          0          0        535   emi.o
       528         50         64          0          0       6665   fff0s.o
       552          8         48          0          0       6164   fff0s_task.o
      1660        176          0          8         12       9124   flash.o
      7232       1606         78         71       1046      20344   gma.o
       772         20          0         44         40       4184   gpio.o
       424         36          0          2          0       3432   icu.o
       244         18          0          0          0       3752   intc.o
      3760       1342        772         42        116      14544   led.o
      1488        328        139          8          0      11685   m_api.o
      1572        196         72          0          0      10806   m_api_msg.o
      1464         56         16          4       4123      18092   m_fnd_blob_transfer.o
       816         58         16          8         27       7138   m_fnd_fw_update.o
       956         22         16          4          0      11165   m_fnd_scenes.o
       204         14          0          4          0       3446   mesh_api.o
       320         18          4          0          0       3783   mesh_api_msg.o
       292         92          0          0          0       4782   mesh_general_api.o
        92         10         17          0        129       1563   mesh_log.o
        64         10          0          0         48       1760   mesh_param_int.o
       620         68          0          4          0       6292   mm_api.o
       632         48         55          0          0       6529   mm_api_msg.o
       164         26         97          0          0       4400   mm_gens.o
      1108        232         61          0          0       6234   mm_gens_oo.o
      1592        290        358          0          0       4843   mm_lights.o
      3356        302        125          0          0      16559   mm_lights_ctl.o
      4412        472        336          0          0      23666   mm_lights_hsl.o
      2608        400        492          0          0      11669   mm_lights_ln.o
      1672        224        275          2          0      12762   mm_vendors.o
      1140        706         20          0       1040       5844   oad_common.o
      2248        720        126          8        192      15583   oads.o
       796        150        106          0          0      12179   oads_task.o
       808        178          0          0        240       5760   prf.o
        96          0          0          0          0       2305   prf_utils.o
       436         18          0          0         20       3378   pwm.o
      1192        260          0          0         64     110134   rf_xvr.o
       816         26          0          0          0     117738   rwble.o
        56          0          0          0          0        611   rwble_hl.o
      1088         96          0          0      28848     113506   rwip.o
       688         38        256          0          0       3022   sha256.o
        44          4          0          0          0       3469   timer.o
      1380        188          0         24        812      52428   uart.o
       140         10          0          2          0       1239   wdt.o

    ----------------------------------------------------------------------
     70028      14926      14548        288      44180     988069   Object Totals
        88         44         32          0       6912          0   (incl. Generated)
        16          0         32         10          9          0   (incl. Padding)

    ----------------------------------------------------------------------

      Code (inc. data)   RO Data    RW Data    ZI Data      Debug   Library Member Name

       496         96         10          0         24        308   aes.o
       888         58          8          0          0        216   aes_ccm.o
       424         46         25          0          0        140   aes_cmac.o
       112          6          0          0          0        108   aes_k1.o
       336         20         16          0          0        116   aes_k2.o
       156         46         28          0          0        100   aes_k3.o
       164         44         27          0          0        104   aes_k4.o
        88         48          7          0          0         72   aes_s1.o
      3644        696          0          3        464        436   lld_adv_test.o
      2718        370         99          4          0        788   m_bcn.o
      1584        376         90          4          0        512   m_bearer.o
      1056        104         57          0          0        368   m_bearer_adv.o
       980        286        216          0          0        376   m_bearer_gatt.o
        80          0          0          0          0        104   m_fnd.o
      7136       1432       1288          4          0       1524   m_fnd_confs.o
       924        120        123          4          0        480   m_fnd_hlths.o
       368         54          0          0          0        104   m_lay.o
      2632        828        545          4          0        532   m_lay_access.o
       504         56         26          4          0        380   m_lay_hb.o
      3452        530        178          4          0        624   m_lay_ltrans.o
      3900        544        287          8          0        924   m_lay_net.o
      3048        412        309          4          0        824   m_lay_proxy.o
      2220        586        258          4          0        540   m_lay_utrans.o
      6700       2198       1121          8          0       1440   m_prov.o
      2436        272        380          1          0        356   m_prov_adv_trans.o
      1060        360        209          0          0        460   m_prov_bearer.o
       144          0          0          0          0        104   m_tb.o
      6236       1040        251          4          0       1672   m_tb_key.o
      2660        160         74          4          0       1224   m_tb_mio.o
      1604        214        299          4          0       1024   m_tb_state.o
      3108        264        185          8          0        896   m_tb_store_nvds.o
       368         12         16          4          0        396   mal.o
       636         58         12          4          0        484   mal_adv.o
      2548         86        112          0          0        592   mal_con.o
       168          8          0          0          0        184   mal_djob.o
       444         14          0          0          0        476   mal_sec.o
       380         44        146          0          0        276   mal_task.o
       356         16          0          0          0        332   mal_timer.o
       160          6          0          0          0        128   mesh.o
       112          0          0          0          0        104   mesh_tb.o
      1648        358        272          4          0        624   mesh_tb_buf.o
       844        140         20          4          0        456   mesh_tb_sec.o
       440         10          0          4          0        388   mesh_tb_timer.o
       528         96         99          4          0        392   mm_route.o
       276         24          0          0          0        188   mm_tb.o
      2020        226        143          4          0        664   mm_tb_bind.o
       388          8          0          4          0        276   mm_tb_replay.o
       424         74         40          4          0        348   mm_tb_state.o
       764        190          0         38          0        344   rf_pn9_test.o
        44          4          0          0          0         84   __2sprintf.o
        92          0          0          0          0          0   __dczerorl2.o
         8          0          0          0          0         68   __main.o
       392          6         17          0          0         76   __printf_flags_ss_wp.o
        14          0          0          0          0         60   __printf_wp.o
         0          0          0          0          0          0   __rtentry.o
        44          4          0          0          0          0   __rtentry2.o
         8          0          0          0          0          0   __rtentry4.o
        60          8          0          0          0          0   __scatter.o
        44          0          0          0          0          0   __scatter_zi.o
         8          0          0          0          0          0   _printf_a.o
         8          0          0          0          0          0   _printf_c.o
        54          0          0          0          0        100   _printf_char.o
        48          6          0          0          0         88   _printf_char_common.o
        46          0          0          0          0         60   _printf_charcount.o
         8          0          0          0          0          0   _printf_d.o
       116         18          0          0          0         76   _printf_dec.o
         8          0          0          0          0          0   _printf_e.o
         8          0          0          0          0          0   _printf_f.o
      1044         12          0          0          0        176   _printf_fp_dec.o
       736         10         38          0          0         84   _printf_fp_hex.o
       136         16          0          0          0         76   _printf_fp_infnan.o
         8          0          0          0          0          0   _printf_g.o
       160          4         40          0          0        148   _printf_hex_int_ll_ptr.o
         8          0          0          0          0          0   _printf_i.o
       176          0          0          0          0         84   _printf_intcommon.o
        12          0          0          0          0          0   _printf_l.o
         8          0          0          0          0          0   _printf_lc.o
        12          0          0          0          0          0   _printf_ll.o
         8          0          0          0          0          0   _printf_lld.o
         8          0          0          0          0          0   _printf_lli.o
         8          0          0          0          0          0   _printf_llo.o
         8          0          0          0          0          0   _printf_llu.o
         8          0          0          0          0          0   _printf_llx.o
       120         18          0          0          0         76   _printf_longlong_dec.o
         8          0          0          0          0          0   _printf_ls.o
         8          0          0          0          0          0   _printf_n.o
         8          0          0          0          0          0   _printf_o.o
       120         10          0          0          0        112   _printf_oct_int_ll.o
         8          0          0          0          0          0   _printf_p.o
        78          0          0          0          0        100   _printf_pad.o
         0          0          0          0          0          0   _printf_percent.o
         8          0          0          0          0          0   _printf_percent_end.o
         8          0          0          0          0          0   _printf_s.o
        82          0          0          0          0         72   _printf_str.o
        44          0          0          0          0         76   _printf_truncate.o
         8          0          0          0          0          0   _printf_u.o
        54          0          0          0          0        100   _printf_wchar.o
       188          6          8          0          0         80   _printf_wctomb.o
         8          0          0          0          0          0   _printf_x.o
        16          0          0          0          0         60   _snputc.o
        10          0          0          0          0         60   _sputc.o
        64          0          0          0          0         72   _wcrtomb.o
       216          6        148          0          0         80   bigflt0.o
      2044        128          0          0          0        672   btod.o
        16          0          0          0          0         68   exit.o
         0          0          0          0          0          0   indicate_semi.o
        72          8        272          0          0         76   lc_ctype_c.o
        72          8         28          0          0         76   lc_numeric_c.o
         2          0          0          0          0          0   libinit.o
        30          0          0          0          0          0   libinit2.o
         2          0          0          0          0          0   libshutdown.o
         2          0          0          0          0          0   libshutdown2.o
        12          4          0          0         96         68   libspace.o
        24          0          0          0          0         76   llmul.o
       152          0          0          0          0         80   lludiv10.o
        20          4          0          0          0         76   rt_ctype_table.o
        12          4          0          0          0         68   rt_locale_intlibspace.o
         4          0          0          0          0          0   rtexit.o
        12          0          0          0          0          0   rtexit2.o
        44          0          0          0          0         68   rtudiv10.o
       244          4          0          0          0         80   strcmp.o
        12          4          0          0          0         60   sys_exit.o
        96          0          0          0          0         80   sys_stackheap_outer.o
        32          0          0          0          0         68   uread4.o
         4          0          0          0          0         68   use_no_semi.o
        32          0          0          0          0         68   uwrite4.o
        56          6          0          0          0         72   vsnprintf.o
       108          4          0          0          0         92   d2f.o
       876         16          0          0          0        352   daddsub_clz.o
        16          4          0          0          0         68   dcheck1.o
        28          0          0          0          0         68   dcmpi.o
       720        140          0          0          0        208   ddiv.o
       112          4          0          0          0         92   dfixu.o
        96          0          0          0          0        136   dflt_clz.o
       148          4          0          0          0         92   dleqf.o
       376         16          0          0          0        104   dmul.o
       184          0          0          0          0         92   dnaninf.o
        16          0          0          0          0         68   dretinf.o
       140          0          0          0          0         80   drleqf.o
       192          4          0          0          0         80   drnd.o
       100          4          0          0          0         84   f2d.o
       472          8          0          0          0        236   faddsub_clz.o
        12          4          0          0          0         68   fcheck1.o
       400         76          0          0          0         96   fdiv.o
        40          0          0          0          0         68   fflt_clz.o
       256          4          0          0          0         84   fmul.o
       160          0          0          0          0         84   fnaninf.o
        16          0          0          0          0         68   fretinf.o
         8          0          0          0          0         68   istatus.o
         4          0          0          0          0         68   printf1.o
         4          0          0          0          0         68   printf2.o
       116          0          0          0          0         68   retnan.o
       104          0          0          0          0         68   scalbn.o
        92          0          0          0          0         68   scalbnf.o
        60          0          0          0          0         68   trapv.o
         0          0          0          0          0          0   usenofp.o
       300         20          0          0          0         84   ceil.o
        48          4          0          0          0         68   fpclassify.o
       220          4          0          0          0         88   round.o

    ----------------------------------------------------------------------
     86200      13250       7576        156        584      30436   Library Totals
        12          0         49          6          0          0   (incl. Padding)

    ----------------------------------------------------------------------

      Code (inc. data)   RO Data    RW Data    ZI Data      Debug   Library Name

     72598      12446       6976        112        488      23164   bk3435_ble_mesh_log_warning.lib
       764        190          0         38          0        344   bk3435_pn9_mode.lib
      7402        298        551          0         96       3892   c_5.l
      4856        288          0          0          0       2796   fz_5s.l
       568         28          0          0          0        240   m_5s.l

    ----------------------------------------------------------------------
     86200      13250       7576        156        584      30436   Library Totals

    ----------------------------------------------------------------------

==============================================================================


      Code (inc. data)   RO Data    RW Data    ZI Data      Debug   

    156228      28176      22124        444      44764    1003821   Grand Totals
    156228      28176      22124        148      44764    1003821   ELF Image Totals (compressed)
    156228      28176      22124        148          0          0   ROM Totals

==============================================================================

    Total RO  Size (Code + RO Data)               178352 ( 174.17kB)
    Total RW  Size (RW Data + ZI Data)             45208 (  44.15kB)
    Total ROM Size (Code + RO Data + RW Data)     178500 ( 174.32kB)

==============================================================================

