<html>
<body>
<pre>
<h1>µVision Build Log</h1>
<h2>Tool Versions:</h2>
IDE-Version: ¦ÌVision V5.26.2.0
Copyright (C) 2018 ARM Ltd and ARM Germany GmbH. All rights reserved.
License Information: Huang Yulong, Beken, LIC=8VRDY-IWGV8-2YKV0-BXUW4-Y0SQA-VKNDC
 
Tool Versions:
Toolchain:       MDK-ARM Plus  Version: 5.26.2.0
Toolchain Path:  D:\Software\Keil_v5\ARM\ARMCC\Bin
C Compiler:      Armcc.exe V5.06 update 6 (build 750)
Assembler:       Armasm.exe V5.06 update 6 (build 750)
Linker/Locator:  ArmLink.exe V5.06 update 6 (build 750)
Library Manager: ArmAr.exe V5.06 update 6 (build 750)
Hex Converter:   FromElf.exe V5.06 update 6 (build 750)
CPU DLL:         SARM.DLL V5.26.2.0
Dialog DLL:      DARMP3.DLL
Target DLL:      Segger\JLTAgdi.dll V1.61.0.0
Dialog DLL:      TARMP3.DLL V1.4.0.0
 
<h2>Project:</h2>
D:\YL_Work\code\bk3435\projects\ble_app_mesh_sdk_morenode\bk3435.uvproj
Project File Date:  03/23/2020

<h2>Output:</h2>
*** Using Compiler 'V5.06 update 6 (build 750)', folder: 'D:\Software\Keil_v5\ARM\ARMCC\Bin'
Build target 'BK3435_app'
assembling boot_handlers.s...
assembling boot_vectors.s...
compiling rwble_hl.c...
compiling mesh_log.c...
compiling icu.c...
compiling emi.c...
compiling intc.c...
compiling timer.c...
compiling rwble.c...
compiling flash.c...
compiling arch_main.c...
compiling rwip.c...
compiling wdt.c...
compiling uart.c...
compiling gpio.c...
compiling uart2.c...
compiling pwm.c...
compiling bass_task.c...
compiling rf_xvr.c...
compiling bass.c...
compiling diss.c...
compiling diss_task.c...
compiling fff0s.c...
compiling fff0s_task.c...
compiling prf_utils.c...
compiling oads_task.c...
compiling prf.c...
compiling app_batt.c...
compiling oads.c...
compiling app_dis.c...
compiling app_light_server.c...
compiling app.c...
compiling app_fff0.c...
compiling oad_common.c...
compiling led.c...
compiling app_oads.c...
compiling m_api.c...
compiling mesh_api.c...
compiling mesh_general_api.c...
compiling app_mesh.c...
compiling m_api_msg.c...
compiling app_mm_msg.c...
compiling app_task.c...
compiling mesh_api_msg.c...
compiling mesh_param_int.c...
compiling mm_api.c...
compiling mm_api_msg.c...
compiling m_fnd_Scenes.c...
compiling mm_gens.c...
compiling mm_gens_bat.c...
compiling mm_gens_dtt.c...
compiling mm_gens_loc.c...
compiling mm_gens_lvl.c...
compiling mm_gens_poo.c...
compiling mm_gens_prop.c...
compiling mm_vendors_TRSPX.c...
compiling mm_gens_plvl.c...
compiling mm_lights.c...
compiling mm_vendors_morenode.c...
compiling mm_genc.c...
compiling mm_genc_bat.c...
compiling mm_lights_ln.c...
compiling mm_lights_ctl.c...
compiling mm_gens_oo_morenode.c...
compiling mm_lights_hsl.c...
compiling mm_genc_dtt.c...
compiling mm_genc_lvl.c...
compiling mm_genc_loc.c...
compiling mm_genc_plvl.c...
compiling mm_genc_oo.c...
compiling mm_genc_poo.c...
compiling mm_genc_prop.c...
compiling mm_lightc.c...
compiling mm_lightc_ctl.c...
compiling mm_lightc_hsl.c...
compiling mm_lightc_ln.c...
compiling mm_lightc_xyl.c...
linking...
Program Size: Code=146280 RO-data=13636 RW-data=452 ZI-data=39760  
After Build - User command #1: fromelf --bin --output .\output\app\bk3435_ble_app.bin .\obj\bk3435_ble_app.axf
After Build - User command #2: .\output\encrypt_app.bat
D:\YL_Work\code\bk3435\projects\ble_app_mesh_sdk_morenode>.\output\BinConvert_3435_OAD  -oad .\output\bim\bk3435_ble_bim.bin  .\output\stack\bk3435_ble_stack.bin  .\output\app\bk3435_ble_app.bin -m 0x2F00 -l 0x23E00 -v 0x1111 -rom_v 0x0007 -e 00000000 00000000 00000000 00000000 
cmd_bin_oad.stack_file_addr :0x2f00
binary version hex:0x1111; dec:4369
Arm Image Binary will be converted to OAD format binary file.....
cmd_bin_oad.stack_file_addr=2f00
boot_bin_len=1fbc
add stack bin start
        Encrypt Seccessfully!
        File Size: 0x4fa9a
oad_stack_app_bin_len=4c900
oad_app_bin_len=29910
f4 af e2 15 11 11 44 a6 42 42 42 42 ff ff 07 00 /**< @CREATE_FILE_SUCCESS */
/**< @Download flash file:.\output\app\bk3435_ble_app_merge_crc.bin
/**< @OAD file :.\output\app\bk3435_ble_app_stack_oad.bin,CRC = 0xb735db5b
/**< @OAD file :.\output\app\bk3435_ble_app_oad.bin,CRC = 0x15e2aff4
/**< @author <gang.cheng@bekencorp.com> */
/**< @version v0.3 */
".\obj\bk3435_ble_app.axf" - 0 Error(s), 0 Warning(s).
Build Time Elapsed:  00:00:08
</pre>
</body>
</html>
