Component: ARM Compiler 5.06 update 6 (build 750) Tool: armlink [4d35ed]

==============================================================================

Section Cross References

    arch_main.o(.text) refers to uart.o(.text) for uart_printf
    arch_main.o(.text) refers to wdt.o(.text) for wdt_enable
    arch_main.o(.text) refers to rwip.o(.text) for rwip_schedule
    arch_main.o(.text) refers to oads.o(.text) for oad_updating_user_section_pro
    arch_main.o(.text) refers to flash.o(.text) for flash_read_data
    arch_main.o(.text) refers to gpio.o(.text) for gpio_init
    arch_main.o(.text) refers to icu.o(.text) for system_sleep_init
    arch_main.o(.text) refers to emi.o(.text) for emi_init
    arch_main.o(.text) refers to timer.o(.text) for timer_init
    arch_main.o(.text) refers to intc.o(.text) for intc_init
    arch_main.o(.text) refers to led.o(.text) for light_status_init
    arch_main.o(.text) refers to rf_pn9_test.o(.text) for rw_pn9_enter
    arch_main.o(.text) refers to arch_main.o(.constdata) for .constdata
    arch_main.o(.text) refers to arch_main.o(.data) for .data
    arch_main.o(.text) refers to prf.o(.text) for prf_get_id_from_task
    arch_main.o(.text) refers to rwble_hl.o(.text) for rwble_hl_reset
    arch_main.o(.text) refers to lld_adv_test.o(.text) for lld_adv_test_rx_isr_cb
    arch_main.o(.text) refers to arch_main.o(.bss) for .bss
    arch_main.o(.text) refers to arch_main.o(.conststring) for .conststring
    arch_main.o(.text) refers to boot_handlers.o(SYS_BOOT) for boot_stack_base_UNUSED
    boot_handlers.o(SYS_BOOT) refers to __main.o(!!!main) for __main
    boot_handlers.o(SYS_BOOT) refers to boot_handlers.o(Myheap) for bottom_of_heap
    boot_vectors.o(SYS_BOOT) refers to boot_handlers.o(SYS_BOOT) for sys_Reset
    boot_vectors.o(SYS_BOOT) refers to intc.o(sys_irq_entry) for SYSirq_IRQ_Handler
    boot_vectors.o(SYS_BOOT) refers to intc.o(sys_fiq_entry) for SYSirq_FIQ_Handler
    mesh_log.o(.text) refers to mesh_log.o(.bss) for .bss
    mesh_log.o(.text) refers to mesh_log.o(.constdata) for .constdata
    rwble.o(.text) refers to lld_adv_test.o(.text) for lld_adv_test_init
    rwble.o(.text) refers to rwip.o(.text) for rwip_wakeup
    rwble.o(.text) refers to wdt.o(.text) for wdt_feed
    rwble.o(.text) refers to arch_main.o(.text) for assert_param
    rwip.o(.text) refers to rf_xvr.o(.text) for rf_init
    rwip.o(.text) refers to arch_main.o(.text) for rwip_eif_get
    rwip.o(.text) refers to rwble_hl.o(.text) for rwble_hl_init
    rwip.o(.text) refers to rwble.o(.text) for rwble_init
    rwip.o(.text) refers to app.o(.text) for appm_init
    rwip.o(.text) refers to uart.o(.text) for check_uart_stop
    rwip.o(.text) refers to wdt.o(.text) for wdt_feed
    rwip.o(.text) refers to rwip.o(.bss) for .bss
    rwip.o(.text) refers to rwip.o(ke_heap) for ke_heap
    rwip.o(.text) refers to uart.o(.data) for cur_read_buf_idx
    icu.o(.text) refers to icu.o(.data) for .data
    icu.o(.text) refers to rf_xvr.o(.bss) for XVR_ANALOG_REG_BAK
    intc.o(.text) refers to icu.o(.text) for cpu_wakeup
    intc.o(.text) refers to uart.o(.text) for uart_isr
    intc.o(.text) refers to gpio.o(.text) for gpio_isr
    intc.o(.text) refers to pwm.o(.text) for pwm_isr
    intc.o(.text) refers to led.o(.text) for pwm6_irq_done
    intc.o(.text) refers to rwble.o(.text) for rwble_isr
    intc.o(sys_fiq_entry) refers to intc.o(.text) for FIQ_Exception
    intc.o(sys_irq_entry) refers to intc.o(.text) for IRQ_Exception
    uart.o(.text) refers to vsnprintf.o(.text) for vsnprintf
    uart.o(.text) refers to arch_main.o(.text) for assert_err
    uart.o(.text) refers to uart.o(.data) for .data
    uart.o(.text) refers to uart.o(.bss) for .bss
    uart.o(.text) refers to rf_pn9_test.o(.text) for pn9_test_process
    flash.o(.text) refers to uart.o(.text) for uart_printf
    flash.o(.text) refers to flash.o(.data) for .data
    flash.o(.text) refers to flash.o(.bss) for .bss
    rf_xvr.o(.text) refers to rf_xvr.o(.bss) for .bss
    wdt.o(.text) refers to wdt.o(.data) for .data
    gpio.o(.text) refers to gpio.o(.data) for .data
    gpio.o(.text) refers to gpio.o(.bss) for .bss
    pwm.o(.text) refers to pwm.o(.bss) for .bss
    bass.o(.text) refers to arch_main.o(.text) for assert_err
    bass.o(.text) refers to prf.o(.text) for prf_env_get
    bass.o(.text) refers to bass.o(.constdata) for .constdata
    bass.o(.text) refers to bass_task.o(.constdata) for bass_default_handler
    bass.o(.constdata) refers to bass.o(.text) for bass_init
    bass_task.o(.text) refers to prf.o(.text) for prf_env_get
    bass_task.o(.text) refers to bass.o(.text) for bass_exe_operation
    bass_task.o(.text) refers to prf_utils.o(.text) for prf_pack_char_pres_fmt
    bass_task.o(.constdata) refers to bass_task.o(.text) for bass_enable_req_handler
    bass_task.o(.constdata) refers to bass_task.o(.constdata) for bass_default_state
    diss.o(.text) refers to diss.o(.constdata) for .constdata
[...]
    fff0s_default_state                      0x00043ea8   Data          40  fff0s_task.o(.constdata)
    fff0s_default_handler                    0x00043ed0   Data           8  fff0s_task.o(.constdata)
    oads_att_db                              0x00043ed8   Data          72  oads.o(.constdata)
    oads_itf                                 0x00043f20   Data          16  oads.o(.constdata)
    oads_default_state                       0x00043f58   Data          48  oads_task.o(.constdata)
    braces_default_handler                   0x00043f88   Data           8  oads_task.o(.constdata)
    app_batt_msg_handler_list                0x00044014   Data          32  app_batt.o(.constdata)
    app_batt_table_handler                   0x00044034   Data           8  app_batt.o(.constdata)
    app_dis_msg_handler_list                 0x0004403c   Data           8  app_dis.o(.constdata)
    app_dis_table_handler                    0x00044044   Data           8  app_dis.o(.constdata)
    app_fff0_msg_handler_list                0x0004404c   Data          40  app_fff0.o(.constdata)
    app_fff0_table_handler                   0x00044074   Data           8  app_fff0.o(.constdata)
    app_oads_msg_handler_list                0x00044098   Data          48  app_oads.o(.constdata)
    app_oads_table_handler                   0x000440c8   Data           8  app_oads.o(.constdata)
    appm_default_state                       0x00044178   Data         136  app_task.o(.constdata)
    appm_default_handler                     0x00044200   Data           8  app_task.o(.constdata)
    app_mesh_msg_handler_list                0x000442c0   Data          80  app_mesh.o(.constdata)
    app_mesh_table_handler                   0x00044310   Data           8  app_mesh.o(.constdata)
    mal_adv_api                              0x000448dc   Data          12  mal_adv.o(.constdata)
    m_bcn_cb                                 0x000449b8   Data          16  m_bcn.o(.constdata)
    m_bearer_api                             0x00044a28   Data           8  m_bearer.o(.constdata)
    m_fnd_hlths_cb                           0x00044a84   Data          16  m_fnd_hlths.o(.constdata)
    m_lay_access_cb                          0x00044b00   Data           8  m_lay_access.o(.constdata)
    m_lay_proxy_cb_net                       0x00044b9c   Data          16  m_lay_proxy.o(.constdata)
    m_prov_bearer_cb                         0x00044f30   Data          16  m_prov_bearer.o(.constdata)
    mm_route_cb                              0x00045280   Data          16  mm_route.o(.constdata)
    mal_con_api                              0x00045394   Data          16  mal_con.o(.constdata)
    m_fnd_confs_cb                           0x000454f8   Data          16  m_fnd_confs.o(.constdata)
    m_lay_hb_cb                              0x000459f4   Data           8  m_lay_hb.o(.constdata)
    m_lay_hb_state_cb                        0x000459fc   Data           4  m_lay_hb.o(.constdata)
    m_lay_ltrans_api                         0x00045a10   Data           4  m_lay_ltrans.o(.constdata)
    m_lay_ltrans_cb                          0x00045a14   Data          16  m_lay_ltrans.o(.constdata)
    m_lay_net_api                            0x00045a80   Data           4  m_lay_net.o(.constdata)
    m_lay_net_cb                             0x00045a84   Data          16  m_lay_net.o(.constdata)
    m_lay_utrans_api                         0x00045ba0   Data           4  m_lay_utrans.o(.constdata)
    m_lay_utrans_cb                          0x00045ba4   Data           8  m_lay_utrans.o(.constdata)
    aes_cmac_zero                            0x00045de0   Data          16  aes_cmac.o(.constdata)
    aes_k2_salt                              0x00045df9   Data          16  aes_k2.o(.constdata)
    aes_k3_id64                              0x00045e09   Data           5  aes_k3.o(.constdata)
    aes_k3_salt                              0x00045e15   Data          16  aes_k3.o(.constdata)
    aes_k4_id6                               0x00045e25   Data           4  aes_k4.o(.constdata)
    aes_k4_salt                              0x00045e30   Data          16  aes_k4.o(.constdata)
    Region$$Table$$Base                      0x00046d44   Number         0  anon$$obj.o(Region$$Table)
    Region$$Table$$Limit                     0x00046d74   Number         0  anon$$obj.o(Region$$Table)
    __ctype                                  0x00046d9d   Data           0  lc_ctype_c.o(locale$$data)
    Load$$RAM_DATA$$Base                     0x00046ea0   Number         0  anon$$obj.o ABSOLUTE
    dbg_state                                0x00400028   Data           0  stack_rom_symbol.txt ABSOLUTE
    co_default_bdaddr                        0x00400029   Data           0  stack_rom_symbol.txt ABSOLUTE
    llc_state                                0x0040002f   Data           0  stack_rom_symbol.txt ABSOLUTE
    latency_disable_state                    0x00400034   Data           0  stack_rom_symbol.txt ABSOLUTE
    system_sleep_flag                        0x00400035   Data           0  stack_rom_symbol.txt ABSOLUTE
    lld_sleep_env                            0x00400038   Data           0  stack_rom_symbol.txt ABSOLUTE
    system_mode                              0x0040003c   Data           0  stack_rom_symbol.txt ABSOLUTE
    llm_state                                0x0040003d   Data           0  stack_rom_symbol.txt ABSOLUTE
    gapm_state                               0x0040003f   Data           0  stack_rom_symbol.txt ABSOLUTE
    gapc_state                               0x00400040   Data           0  stack_rom_symbol.txt ABSOLUTE
    gattc_state                              0x00400045   Data           0  stack_rom_symbol.txt ABSOLUTE
    gattm_state                              0x0040004a   Data           0  stack_rom_symbol.txt ABSOLUTE
    l2cc_state                               0x0040004b   Data           0  stack_rom_symbol.txt ABSOLUTE
    ke_env                                   0x00400054   Data           0  stack_rom_symbol.txt ABSOLUTE
    sw_to_hw                                 0x004001a4   Data           0  stack_rom_symbol.txt ABSOLUTE
    rwip_rf                                  0x004001e8   Data           0  stack_rom_symbol.txt ABSOLUTE
    rom_env                                  0x0040021c   Data           0  stack_rom_symbol.txt ABSOLUTE
    em_buf_env                               0x00400270   Data           0  stack_rom_symbol.txt ABSOLUTE
    llc_env                                  0x00400580   Data           0  stack_rom_symbol.txt ABSOLUTE
    lld_evt_env                              0x00400594   Data           0  stack_rom_symbol.txt ABSOLUTE
    llm_le_env                               0x004005fc   Data           0  stack_rom_symbol.txt ABSOLUTE
    gapm_env                                 0x00400718   Data           0  stack_rom_symbol.txt ABSOLUTE
    gapc_env                                 0x004007a4   Data           0  stack_rom_symbol.txt ABSOLUTE
    gattc_env                                0x004007b8   Data           0  stack_rom_symbol.txt ABSOLUTE
    gattm_env                                0x004007cc   Data           0  stack_rom_symbol.txt ABSOLUTE
    l2cc_env                                 0x004007ec   Data           0  stack_rom_symbol.txt ABSOLUTE
    l2cm_env                                 0x00400800   Data           0  stack_rom_symbol.txt ABSOLUTE
    hci_env                                  0x0040080c   Data           0  stack_rom_symbol.txt ABSOLUTE
    hci_fc_env                               0x0040081c   Data           0  stack_rom_symbol.txt ABSOLUTE
    Image$$RAM_DATA$$Base                    0x00400c00   Number         0  anon$$obj.o ABSOLUTE
    loop                                     0x00400c00   Data           4  arch_main.o(.data)
    loop1                                    0x00400c04   Data           4  arch_main.o(.data)
    uart_rx_done                             0x00400c0c   Data           1  uart.o(.data)
    cur_read_buf_idx                         0x00400c0d   Data           1  uart.o(.data)
    uart_dut_reg_flag                        0x00400c0e   Data           1  uart.o(.data)
    pbuff_write                              0x00400c10   Data           2  uart.o(.data)
    pbuff_read                               0x00400c12   Data           2  uart.o(.data)
    uart_write_index                         0x00400c18   Data           4  uart.o(.data)
    ph4tl_env                                0x00400c20   Data           4  uart.o(.data)
    flash_enable_write_flag1                 0x00400c24   Data           1  flash.o(.data)
    flash_enable_write_flag2                 0x00400c25   Data           1  flash.o(.data)
    flash_mid                                0x00400c28   Data           4  flash.o(.data)
    wdt_disable_flag                         0x00400c2c   Data           1  wdt.o(.data)
    GPIO_CFG                                 0x00400c34   Data          20  gpio.o(.data)
    GPIO_DATA                                0x00400c48   Data          20  gpio.o(.data)
    oad_firmware_type                        0x00400c5d   Data           1  oads.o(.data)
    g_vdr_lid                                0x00400c68   Data           1  app_switch_server.o(.data)
    g_oo_mdl_lid                             0x00400c69   Data           1  app_switch_server.o(.data)
    g_oo_mdl_lid2                            0x00400c6a   Data           1  app_switch_server.o(.data)
    g_oo_mdl_lid3                            0x00400c6b   Data           1  app_switch_server.o(.data)
    g_oo_mdl_lid4                            0x00400c6c   Data           1  app_switch_server.o(.data)
    app_batt_env                             0x00400c6d   Data           2  app_batt.o(.data)
    app_fff0_env                             0x00400c6f   Data           2  app_fff0.o(.data)
    app_oads_env                             0x00400c71   Data           1  app_oads.o(.data)
    appm_state                               0x00400c73   Data           1  app_task.o(.data)
    light_mode                               0x00400c84   Data           1  led.o(.data)
    light_state                              0x00400c85   Data           1  led.o(.data)
    led_timer_status                         0x00400c86   Data           1  led.o(.data)
    ctl_temperature                          0x00400c88   Data           2  led.o(.data)
    ctl_delta_uv                             0x00400c8a   Data           2  led.o(.data)
    quick_onoff_count                        0x00400c8c   Data           2  led.o(.data)
    light_lightness                          0x00400c8e   Data           2  led.o(.data)
    ctl_lightness                            0x00400c90   Data           2  led.o(.data)
    hsl_lightness                            0x00400c92   Data           2  led.o(.data)
    hsl_hue                                  0x00400c94   Data           2  led.o(.data)
    hsl_saturation                           0x00400c96   Data           2  led.o(.data)
    pwm_move_step                            0x00400c9c   Data           4  led.o(.data)
    min_move_step_num                        0x00400ca0   Data           4  led.o(.data)
    light_cwrgb                              0x00400ca4   Data          10  led.o(.data)
    p_m_api_cb                               0x00400cb0   Data           4  m_api.o(.data)
    p_m_api_fault_cb                         0x00400cb4   Data           4  m_api.o(.data)
    p_mesh_api_cb                            0x00400cb8   Data           4  mesh_api.o(.data)
    p_mm_api_cb                              0x00400cbc   Data           4  mm_api.o(.data)
    p_APB_XVER_ADDR                          0x00400cc8   Data           4  rf_pn9_test.o(.data)
    tx_rsp_buffer                            0x00400ccc   Data           7  rf_pn9_test.o(.data)
    rx_rsp_buffer                            0x00400cd3   Data           7  rf_pn9_test.o(.data)
    error_cmd_rsp                            0x00400cda   Data           7  rf_pn9_test.o(.data)
    test_end_rsp_buffer                      0x00400ce1   Data           9  rf_pn9_test.o(.data)
    is_evt_end_isr                           0x00400cea   Data           1  lld_adv_test.o(.data)
    lld_scan_act_id                          0x00400ceb   Data           1  lld_adv_test.o(.data)
    lld_scan_win_size                        0x00400cec   Data           1  lld_adv_test.o(.data)
    p_mal_env                                0x00400cf0   Data           4  mal.o(.data)
    p_m_bearer_env                           0x00400d04   Data           4  m_bearer.o(.data)
    p_m_lay_proxy_env                        0x00400d10   Data           4  m_lay_proxy.o(.data)
    link_open_dis                            0x00400d14   Data           1  m_prov.o(.data)
    p_m_prov_env                             0x00400d18   Data           4  m_prov.o(.data)
    trans_count                              0x00400d58   Data           1  m_prov_adv_trans.o(.data)
    Image$$RAM_BSS$$Base                     0x00400d5c   Number         0  anon$$obj.o ABSOLUTE
    uart_api                                 0x00400d5c   Data          16  arch_main.o(.bss)
    rwip_heap_env                            0x00400e00   Data         924  rwip.o(.bss)
    rwip_heap_db                             0x0040119c   Data       20492  rwip.o(.bss)
    rwip_heap_msg                            0x004061a8   Data        2972  rwip.o(.bss)
    uart_rx_buf                              0x00406d44   Data         256  uart.o(.bss)
    uart_env                                 0x00406e44   Data          44  uart.o(.bss)
    uart_buff                                0x00406e70   Data         256  uart.o(.bss)
    temp_buf                                 0x00406f70   Data         256  uart.o(.bss)
    flash_env                                0x00407070   Data          12  flash.o(.bss)
    XVR_ANALOG_REG_BAK                       0x0040707c   Data          64  rf_xvr.o(.bss)
    GPIO_CFG_BACKUP                          0x004070bc   Data          20  gpio.o(.bss)
    GPIO_DATA_BACKUP                         0x004070d0   Data          20  gpio.o(.bss)
    bsec                                     0x004070f8   Data         192  oads.o(.bss)
    prf_env                                  0x004071b8   Data         240  prf.o(.bss)
    quick_onoff_timer                        0x004072a8   Data          24  app_switch_server.o(.bss)
    light_state_store_timer                  0x004072c0   Data          24  app_switch_server.o(.bss)
    light_prov_timer                         0x004072d8   Data          24  app_switch_server.o(.bss)
    light_unbind_timer                       0x004072f0   Data          24  app_switch_server.o(.bss)
    light_prov_timeout_timer                 0x00407308   Data          24  app_switch_server.o(.bss)
    app_env                                  0x00407320   Data          40  app.o(.bss)
    app_mesh_env                             0x00407348   Data          28  app_mesh.o(.bss)
    pwm1                                     0x00407378   Data          16  led.o(.bss)
    pwm2                                     0x00407388   Data          16  led.o(.bss)
    pwm3                                     0x00407398   Data          16  led.o(.bss)
    pwm4                                     0x004073a8   Data          16  led.o(.bss)
    pwm5                                     0x004073b8   Data          16  led.o(.bss)
    pwm6                                     0x004073c8   Data          16  led.o(.bss)
    crc32_table                              0x004073d8   Data        1024  oad_common.o(.bss)
    hdr_back                                 0x004077d8   Data          16  oad_common.o(.bss)
    m_stack_param                            0x004077e8   Data          48  mesh_param_int.o(.bss)
    lld_adv_test_env                         0x00407818   Data         452  lld_adv_test.o(.bss)
    aes_env                                  0x004079dc   Data          24  aes.o(.bss)
    __libspace_start                         0x004079f4   Data          96  libspace.o(.bss)
    __temporary_stack_top$libspace           0x00407a54   Data           0  libspace.o(.bss)
    Image$$RAM_STACK_UNUSED$$Base            0x0040a4fc   Number         0  anon$$obj.o ABSOLUTE
    Image$$RAM_STACK_FIQ$$Base               0x0040a5fc   Number         0  anon$$obj.o ABSOLUTE
    Image$$RAM_STACK_IRQ$$Base               0x0040aafc   Number         0  anon$$obj.o ABSOLUTE
    Image$$RAM_STACK_SVC$$Base               0x0040affc   Number         0  anon$$obj.o ABSOLUTE
    rwip_heap_non_ret                        0x00815500   Data        9740  rwip.o(ke_heap)



==============================================================================

Memory Map of the image

  Image Entry point : 0x00023e84

  Load Region SECTIONS (Base: 0x00023e00, Size: 0x000231fc, Max: 0xffffffff, ABSOLUTE, COMPRESSED[0x000230f4])

    Execution Region ROM_SYS (Exec base: 0x00023e00, Load base: 0x00023e00, Size: 0x00000284, Max: 0xffffffff, ABSOLUTE)

    Exec Addr    Load Addr    Size         Type   Attr      Idx    E Section Name        Object

    0x00023e00   0x00023e00   0x0000005c   Code   RO          409  * SYS_BOOT            boot_vectors.o
    0x00023e5c   0x00023e5c   0x00000200   Code   RO          404  * SYS_BOOT            boot_handlers.o
    0x0002405c   0x0002405c   0x00000008   Ven    RO         2666    Veneer$$Code        anon$$obj.o
    0x00024064   0x00024064   0x00000008   Ven    RO         2667    Veneer$$Code        anon$$obj.o
    0x0002406c   0x0002406c   0x00000008   Ven    RO         2668    Veneer$$Code        anon$$obj.o
    0x00024074   0x00024074   0x00000008   Ven    RO         2669    Veneer$$Code        anon$$obj.o
    0x0002407c   0x0002407c   0x00000008   Ven    RO         2670    Veneer$$Code        anon$$obj.o


    Execution Region FAST_CALL_SEG (Exec base: 0x00024100, Load base: 0x00024100, Size: 0x00000030, Max: 0xffffffff, ABSOLUTE, FIXED)

    Exec Addr    Load Addr    Size         Type   Attr      Idx    E Section Name        Object

    0x00024100   0x00024100   0x00000010   Code   RO          655    sys_fiq_entry       intc.o
    0x00024110   0x00024110   0x00000010   PAD
    0x00024120   0x00024120   0x00000010   Code   RO          656    sys_irq_entry       intc.o


    Execution Region ROM (Exec base: 0x00024130, Load base: 0x00024130, Size: 0x00022d70, Max: 0xffffffff, ABSOLUTE)

    Exec Addr    Load Addr    Size         Type   Attr      Idx    E Section Name        Object

    0x00024130   0x00024130   0x00000008   Code   RO         2249  * !!!main             c_5.l(__main.o)
    0x00024138   0x00024138   0x0000003c   Code   RO         2654    !!!scatter          c_5.l(__scatter.o)
    0x00024174   0x00024174   0x0000005c   Code   RO         2652    !!dczerorl2         c_5.l(__dczerorl2.o)
    0x000241d0   0x000241d0   0x0000002c   Code   RO         2656    !!handler_zi        c_5.l(__scatter_zi.o)
    0x000241fc   0x000241fc   0x00000000   Code   RO         2389    .ARM.Collect$$_printf_percent$$00000000  c_5.l(_printf_percent.o)
    0x000241fc   0x000241fc   0x00000008   Code   RO         2378    .ARM.Collect$$_printf_percent$$00000001  c_5.l(_printf_n.o)
    0x00024204   0x00024204   0x00000008   Code   RO         2380    .ARM.Collect$$_printf_percent$$00000002  c_5.l(_printf_p.o)
    0x0002420c   0x0002420c   0x00000008   Code   RO         2385    .ARM.Collect$$_printf_percent$$00000003  c_5.l(_printf_f.o)
    0x00024214   0x00024214   0x00000008   Code   RO         2386    .ARM.Collect$$_printf_percent$$00000004  c_5.l(_printf_e.o)
    0x0002421c   0x0002421c   0x00000008   Code   RO         2387    .ARM.Collect$$_printf_percent$$00000005  c_5.l(_printf_g.o)
    0x00024224   0x00024224   0x00000008   Code   RO         2388    .ARM.Collect$$_printf_percent$$00000006  c_5.l(_printf_a.o)
    0x0002422c   0x0002422c   0x0000000c   Code   RO         2393    .ARM.Collect$$_printf_percent$$00000007  c_5.l(_printf_ll.o)
    0x00024238   0x00024238   0x00000008   Code   RO         2382    .ARM.Collect$$_printf_percent$$00000008  c_5.l(_printf_i.o)
    0x00024240   0x00024240   0x00000008   Code   RO         2383    .ARM.Collect$$_printf_percent$$00000009  c_5.l(_printf_d.o)
    0x00024248   0x00024248   0x00000008   Code   RO         2384    .ARM.Collect$$_printf_percent$$0000000A  c_5.l(_printf_u.o)
    0x00024250   0x00024250   0x00000008   Code   RO         2381    .ARM.Collect$$_printf_percent$$0000000B  c_5.l(_printf_o.o)
    0x00024258   0x00024258   0x00000008   Code   RO         2379    .ARM.Collect$$_printf_percent$$0000000C  c_5.l(_printf_x.o)
    0x00024260   0x00024260   0x00000008   Code   RO         2390    .ARM.Collect$$_printf_percent$$0000000D  c_5.l(_printf_lli.o)
    0x00024268   0x00024268   0x00000008   Code   RO         2391    .ARM.Collect$$_printf_percent$$0000000E  c_5.l(_printf_lld.o)
    0x00024270   0x00024270   0x00000008   Code   RO         2392    .ARM.Collect$$_printf_percent$$0000000F  c_5.l(_printf_llu.o)
    0x00024278   0x00024278   0x00000008   Code   RO         2397    .ARM.Collect$$_printf_percent$$00000010  c_5.l(_printf_llo.o)
    0x00024280   0x00024280   0x00000008   Code   RO         2398    .ARM.Collect$$_printf_percent$$00000011  c_5.l(_printf_llx.o)
    0x00024288   0x00024288   0x0000000c   Code   RO         2394    .ARM.Collect$$_printf_percent$$00000012  c_5.l(_printf_l.o)
    0x00024294   0x00024294   0x00000008   Code   RO         2376    .ARM.Collect$$_printf_percent$$00000013  c_5.l(_printf_c.o)
    0x0002429c   0x0002429c   0x00000008   Code   RO         2377    .ARM.Collect$$_printf_percent$$00000014  c_5.l(_printf_s.o)
    0x000242a4   0x000242a4   0x00000008   Code   RO         2395    .ARM.Collect$$_printf_percent$$00000015  c_5.l(_printf_lc.o)
    0x000242ac   0x000242ac   0x00000008   Code   RO         2396    .ARM.Collect$$_printf_percent$$00000016  c_5.l(_printf_ls.o)
    0x000242b4   0x000242b4   0x00000008   Code   RO         2456    .ARM.Collect$$_printf_percent$$00000017  c_5.l(_printf_percent_end.o)
    0x000242bc   0x000242bc   0x00000002   Code   RO         2511    .ARM.Collect$$libinit$$00000000  c_5.l(libinit.o)
    0x000242be   0x000242be   0x00000000   Code   RO         2529    .ARM.Collect$$libinit$$00000002  c_5.l(libinit2.o)
    0x000242be   0x000242be   0x00000000   Code   RO         2531    .ARM.Collect$$libinit$$00000004  c_5.l(libinit2.o)
    0x000242be   0x000242be   0x00000000   Code   RO         2534    .ARM.Collect$$libinit$$0000000A  c_5.l(libinit2.o)
    0x000242be   0x000242be   0x00000000   Code   RO         2536    .ARM.Collect$$libinit$$0000000C  c_5.l(libinit2.o)
    0x000242be   0x000242be   0x00000000   Code   RO         2538    .ARM.Collect$$libinit$$0000000E  c_5.l(libinit2.o)
    0x000242be   0x000242be   0x00000006   Code   RO         2539    .ARM.Collect$$libinit$$0000000F  c_5.l(libinit2.o)
    0x000242c4   0x000242c4   0x00000000   Code   RO         2541    .ARM.Collect$$libinit$$00000011  c_5.l(libinit2.o)
    0x000242c4   0x000242c4   0x0000000c   Code   RO         2542    .ARM.Collect$$libinit$$00000012  c_5.l(libinit2.o)
    0x000242d0   0x000242d0   0x00000000   Code   RO         2543    .ARM.Collect$$libinit$$00000013  c_5.l(libinit2.o)
    0x000242d0   0x000242d0   0x00000000   Code   RO         2545    .ARM.Collect$$libinit$$00000015  c_5.l(libinit2.o)
    0x000242d0   0x000242d0   0x0000000a   Code   RO         2546    .ARM.Collect$$libinit$$00000016  c_5.l(libinit2.o)
    0x000242da   0x000242da   0x00000000   Code   RO         2547    .ARM.Collect$$libinit$$00000017  c_5.l(libinit2.o)
    0x000242da   0x000242da   0x00000000   Code   RO         2549    .ARM.Collect$$libinit$$00000019  c_5.l(libinit2.o)
    0x000242da   0x000242da   0x00000000   Code   RO         2551    .ARM.Collect$$libinit$$0000001B  c_5.l(libinit2.o)
    0x000242da   0x000242da   0x00000000   Code   RO         2553    .ARM.Collect$$libinit$$0000001D  c_5.l(libinit2.o)
    0x000242da   0x000242da   0x00000000   Code   RO         2555    .ARM.Collect$$libinit$$0000001F  c_5.l(libinit2.o)
    0x000242da   0x000242da   0x00000000   Code   RO         2557    .ARM.Collect$$libinit$$00000021  c_5.l(libinit2.o)
    0x000242da   0x000242da   0x00000000   Code   RO         2559    .ARM.Collect$$libinit$$00000023  c_5.l(libinit2.o)
    0x000242da   0x000242da   0x00000000   Code   RO         2561    .ARM.Collect$$libinit$$00000025  c_5.l(libinit2.o)
    0x000242da   0x000242da   0x00000000   Code   RO         2565    .ARM.Collect$$libinit$$0000002C  c_5.l(libinit2.o)
    0x000242da   0x000242da   0x00000000   Code   RO         2567    .ARM.Collect$$libinit$$0000002E  c_5.l(libinit2.o)
    0x000242da   0x000242da   0x00000000   Code   RO         2569    .ARM.Collect$$libinit$$00000030  c_5.l(libinit2.o)
    0x000242da   0x000242da   0x00000000   Code   RO         2571    .ARM.Collect$$libinit$$00000032  c_5.l(libinit2.o)
    0x000242da   0x000242da   0x00000002   Code   RO         2572    .ARM.Collect$$libinit$$00000033  c_5.l(libinit2.o)
    0x000242dc   0x000242dc   0x00000002   Code   RO         2592    .ARM.Collect$$libshutdown$$00000000  c_5.l(libshutdown.o)
    0x000242de   0x000242de   0x00000000   Code   RO         2605    .ARM.Collect$$libshutdown$$00000002  c_5.l(libshutdown2.o)
    0x000242de   0x000242de   0x00000000   Code   RO         2607    .ARM.Collect$$libshutdown$$00000004  c_5.l(libshutdown2.o)
    0x000242de   0x000242de   0x00000000   Code   RO         2610    .ARM.Collect$$libshutdown$$00000007  c_5.l(libshutdown2.o)
    0x000242de   0x000242de   0x00000000   Code   RO         2613    .ARM.Collect$$libshutdown$$0000000A  c_5.l(libshutdown2.o)
    0x000242de   0x000242de   0x00000000   Code   RO         2615    .ARM.Collect$$libshutdown$$0000000C  c_5.l(libshutdown2.o)
    0x000242de   0x000242de   0x00000000   Code   RO         2618    .ARM.Collect$$libshutdown$$0000000F  c_5.l(libshutdown2.o)
    0x000242de   0x000242de   0x00000002   Code   RO         2619    .ARM.Collect$$libshutdown$$00000010  c_5.l(libshutdown2.o)
    0x000242e0   0x000242e0   0x00000000   Code   RO         2305    .ARM.Collect$$rtentry$$00000000  c_5.l(__rtentry.o)
    0x000242e0   0x000242e0   0x00000000   Code   RO         2427    .ARM.Collect$$rtentry$$00000002  c_5.l(__rtentry2.o)
    0x000242e0   0x000242e0   0x00000008   Code   RO         2439    .ARM.Collect$$rtentry$$00000004  c_5.l(__rtentry4.o)
    0x000242e8   0x000242e8   0x00000000   Code   RO         2429    .ARM.Collect$$rtentry$$00000009  c_5.l(__rtentry2.o)
    0x000242e8   0x000242e8   0x00000004   Code   RO         2430    .ARM.Collect$$rtentry$$0000000A  c_5.l(__rtentry2.o)
    0x000242ec   0x000242ec   0x00000000   Code   RO         2432    .ARM.Collect$$rtentry$$0000000C  c_5.l(__rtentry2.o)
    0x000242ec   0x000242ec   0x00000028   Code   RO         2433    .ARM.Collect$$rtentry$$0000000D  c_5.l(__rtentry2.o)
    0x00024314   0x00024314   0x00000004   Code   RO         2521    .ARM.Collect$$rtexit$$00000000  c_5.l(rtexit.o)
    0x00024318   0x00024318   0x00000000   Code   RO         2574    .ARM.Collect$$rtexit$$00000002  c_5.l(rtexit2.o)
    0x00024318   0x00024318   0x00000004   Code   RO         2575    .ARM.Collect$$rtexit$$00000003  c_5.l(rtexit2.o)
    0x0002431c   0x0002431c   0x00000008   Code   RO         2576    .ARM.Collect$$rtexit$$00000004  c_5.l(rtexit2.o)
    0x00024324   0x00024324   0x00000754   Code   RO            5    .text               arch_main.o
    0x00024a78   0x00024a78   0x0000005c   Code   RO          412    .text               mesh_log.o
    0x00024ad4   0x00024ad4   0x00000038   Code   RO          437    .text               rwble_hl.o
    0x00024b0c   0x00024b0c   0x00000330   Code   RO          464    .text               rwble.o
    0x00024e3c   0x00024e3c   0x00000444   Code   RO          561    .text               rwip.o
    0x00025280   0x00025280   0x000001a8   Code   RO          636    .text               icu.o
    0x00025428   0x00025428   0x000000d4   Code   RO          654    .text               intc.o
    0x000254fc   0x000254fc   0x00000564   Code   RO          692    .text               uart.o
    0x00025a60   0x00025a60   0x00000018   Code   RO          778    .text               emi.o
    0x00025a78   0x00025a78   0x0000067c   Code   RO          790    .text               flash.o
    0x000260f4   0x000260f4   0x0000002c   Code   RO          810    .text               timer.o
    0x00026120   0x00026120   0x000004a8   Code   RO          831    .text               rf_xvr.o
    0x000265c8   0x000265c8   0x0000008c   Code   RO          853    .text               wdt.o
    0x00026654   0x00026654   0x00000318   Code   RO          871    .text               gpio.o
    0x0002696c   0x0002696c   0x000001b4   Code   RO          891    .text               pwm.o
    0x00026b20   0x00026b20   0x00000444   Code   RO          909    .text               bass.o
    0x00026f64   0x00026f64   0x000002a4   Code   RO          947    .text               bass_task.o
    0x00027208   0x00027208   0x00000180   Code   RO          985    .text               diss.o
    0x00027388   0x00027388   0x000001d0   Code   RO         1018    .text               diss_task.o
    0x00027558   0x00027558   0x00000210   Code   RO         1055    .text               fff0s.o
    0x00027768   0x00027768   0x00000228   Code   RO         1077    .text               fff0s_task.o
    0x00027990   0x00027990   0x000008c8   Code   RO         1095    .text               oads.o
    0x00028258   0x00028258   0x0000031c   Code   RO         1127    .text               oads_task.o
    0x00028574   0x00028574   0x0000031c   Code   RO         1157    .text               prf.o
    0x00028890   0x00028890   0x00000060   Code   RO         1179    .text               prf_utils.o
    0x000288f0   0x000288f0   0x000006ca   Code   RO         1191    .text               app_switch_server.o
    0x00028fba   0x00028fba   0x00000002   PAD
    0x00028fbc   0x00028fbc   0x00000174   Code   RO         1250    .text               app.o
    0x00029130   0x00029130   0x000000dc   Code   RO         1295    .text               app_batt.o
    0x0002920c   0x0002920c   0x0000012c   Code   RO         1319    .text               app_dis.o
    0x00029338   0x00029338   0x0000018c   Code   RO         1344    .text               app_fff0.o
    0x000294c4   0x000294c4   0x000001ec   Code   RO         1370    .text               app_oads.o
    0x000296b0   0x000296b0   0x00000890   Code   RO         1391    .text               app_task.o
    0x00029f40   0x00029f40   0x00000a74   Code   RO         1419    .text               app_mesh.o
    0x0002a9b4   0x0002a9b4   0x00000e8c   Code   RO         1497    .text               led.o
    0x0002b840   0x0002b840   0x000005d0   Code   RO         1530    .text               app_mm_msg.o
    0x0002be10   0x0002be10   0x00000474   Code   RO         1550    .text               oad_common.o
    0x0002c284   0x0002c284   0x000002a8   Code   RO         1570    .text               mesh_general_api.o
    0x0002c52c   0x0002c52c   0x000005d0   Code   RO         1590    .text               m_api.o
    0x0002cafc   0x0002cafc   0x00000624   Code   RO         1632    .text               m_api_msg.o
    0x0002d120   0x0002d120   0x000000cc   Code   RO         1653    .text               mesh_api.o
    0x0002d1ec   0x0002d1ec   0x00000140   Code   RO         1674    .text               mesh_api_msg.o
    0x0002d32c   0x0002d32c   0x00000040   Code   RO         1688    .text               mesh_param_int.o
    0x0002d36c   0x0002d36c   0x00000238   Code   RO         1706    .text               mm_api.o
    0x0002d5a4   0x0002d5a4   0x00000278   Code   RO         1727    .text               mm_api_msg.o
    0x0002d81c   0x0002d81c   0x00000adc   Code   RO         1830    .text               mm_vendors.o
    0x0002e2f8   0x0002e2f8   0x000000a4   Code   RO         1854    .text               mm_gens.o
    0x0002e39c   0x0002e39c   0x00000678   Code   RO         1895    .text               mm_gens_oo.o
    0x0002ea14   0x0002ea14   0x000002fc   Code   RO         2047    .text               bk3435_pn9_mode.lib(rf_pn9_test.o)
    0x0002ed10   0x0002ed10   0x00000ec0   Code   RO         2050    .text               bk3435_ble_mesh_log_warning.lib(lld_adv_test.o)
    0x0002fbd0   0x0002fbd0   0x00000170   Code   RO         2055    .text               bk3435_ble_mesh_log_warning.lib(mal.o)
    0x0002fd40   0x0002fd40   0x000002a0   Code   RO         2059    .text               bk3435_ble_mesh_log_warning.lib(mal_adv.o)
    0x0002ffe0   0x0002ffe0   0x00000164   Code   RO         2063    .text               bk3435_ble_mesh_log_warning.lib(mal_timer.o)
    0x00030144   0x00030144   0x00000070   Code   RO         2065    .text               bk3435_ble_mesh_log_warning.lib(mesh_tb.o)
    0x000301b4   0x000301b4   0x00000670   Code   RO         2067    .text               bk3435_ble_mesh_log_warning.lib(mesh_tb_buf.o)
    0x00030824   0x00030824   0x000001a8   Code   RO         2074    .text               bk3435_ble_mesh_log_warning.lib(mesh_tb_timer.o)
    0x000309cc   0x000309cc   0x00000a90   Code   RO         2077    .text               bk3435_ble_mesh_log_warning.lib(m_bcn.o)
    0x0003145c   0x0003145c   0x000005ec   Code   RO         2083    .text               bk3435_ble_mesh_log_warning.lib(m_bearer.o)
    0x00031a48   0x00031a48   0x00000050   Code   RO         2088    .text               bk3435_ble_mesh_log_warning.lib(m_fnd.o)
    0x00031a98   0x00031a98   0x0000039c   Code   RO         2090    .text               bk3435_ble_mesh_log_warning.lib(m_fnd_hlths.o)
    0x00031e34   0x00031e34   0x00000170   Code   RO         2094    .text               bk3435_ble_mesh_log_warning.lib(m_lay.o)
    0x00031fa4   0x00031fa4   0x00000af0   Code   RO         2096    .text               bk3435_ble_mesh_log_warning.lib(m_lay_access.o)
    0x00032a94   0x00032a94   0x00000bd4   Code   RO         2102    .text               bk3435_ble_mesh_log_warning.lib(m_lay_proxy.o)
    0x00033668   0x00033668   0x00001a2c   Code   RO         2108    .text               bk3435_ble_mesh_log_warning.lib(m_prov.o)
    0x00035094   0x00035094   0x00000380   Code   RO         2113    .text               bk3435_ble_mesh_log_warning.lib(m_prov_bearer.o)
    0x00035414   0x00035414   0x00000090   Code   RO         2117    .text               bk3435_ble_mesh_log_warning.lib(m_tb.o)
    0x000354a4   0x000354a4   0x0000185c   Code   RO         2119    .text               bk3435_ble_mesh_log_warning.lib(m_tb_key.o)
    0x00036d00   0x00036d00   0x00000a64   Code   RO         2124    .text               bk3435_ble_mesh_log_warning.lib(m_tb_mio.o)
    0x00037764   0x00037764   0x00000c24   Code   RO         2128    .text               bk3435_ble_mesh_log_warning.lib(m_tb_store_nvds.o)
    0x00038388   0x00038388   0x00000664   Code   RO         2133    .text               bk3435_ble_mesh_log_warning.lib(m_tb_state.o)
    0x000389ec   0x000389ec   0x00000114   Code   RO         2138    .text               bk3435_ble_mesh_log_warning.lib(mm_tb.o)
    0x00038b00   0x00038b00   0x00000830   Code   RO         2140    .text               bk3435_ble_mesh_log_warning.lib(mm_tb_bind.o)
    0x00039330   0x00039330   0x00000184   Code   RO         2144    .text               bk3435_ble_mesh_log_warning.lib(mm_tb_replay.o)
    0x000394b4   0x000394b4   0x00000240   Code   RO         2147    .text               bk3435_ble_mesh_log_warning.lib(mm_route.o)
    0x000396f4   0x000396f4   0x000001a8   Code   RO         2152    .text               bk3435_ble_mesh_log_warning.lib(mm_tb_state.o)
    0x0003989c   0x0003989c   0x00000220   Code   RO         2156    .text               bk3435_ble_mesh_log_warning.lib(aes.o)
    0x00039abc   0x00039abc   0x00000a24   Code   RO         2160    .text               bk3435_ble_mesh_log_warning.lib(mal_con.o)
    0x0003a4e0   0x0003a4e0   0x00000080   Code   RO         2164    .text               bk3435_ble_mesh_log_warning.lib(mal_djob.o)
    0x0003a560   0x0003a560   0x000001bc   Code   RO         2166    .text               bk3435_ble_mesh_log_warning.lib(mal_sec.o)
    0x0003a71c   0x0003a71c   0x0000016c   Code   RO         2168    .text               bk3435_ble_mesh_log_warning.lib(mal_task.o)
    0x0003a888   0x0003a888   0x0000034c   Code   RO         2173    .text               bk3435_ble_mesh_log_warning.lib(mesh_tb_sec.o)
    0x0003abd4   0x0003abd4   0x000000a0   Code   RO         2177    .text               bk3435_ble_mesh_log_warning.lib(mesh.o)
    0x0003ac74   0x0003ac74   0x00000408   Code   RO         2179    .text               bk3435_ble_mesh_log_warning.lib(m_bearer_adv.o)
    0x0003b07c   0x0003b07c   0x000003cc   Code   RO         2182    .text               bk3435_ble_mesh_log_warning.lib(m_bearer_gatt.o)
    0x0003b448   0x0003b448   0x00002016   Code   RO         2186    .text               bk3435_ble_mesh_log_warning.lib(m_fnd_confs.o)
    0x0003d45e   0x0003d45e   0x00000002   PAD
    0x0003d460   0x0003d460   0x000001f8   Code   RO         2191    .text               bk3435_ble_mesh_log_warning.lib(m_lay_hb.o)
    0x0003d658   0x0003d658   0x00000d7c   Code   RO         2197    .text               bk3435_ble_mesh_log_warning.lib(m_lay_ltrans.o)
    0x0003e3d4   0x0003e3d4   0x00000e5a   Code   RO         2204    .text               bk3435_ble_mesh_log_warning.lib(m_lay_net.o)
    0x0003f22e   0x0003f22e   0x00000002   PAD
    0x0003f230   0x0003f230   0x000008ac   Code   RO         2210    .text               bk3435_ble_mesh_log_warning.lib(m_lay_utrans.o)
    0x0003fadc   0x0003fadc   0x00000984   Code   RO         2217    .text               bk3435_ble_mesh_log_warning.lib(m_prov_adv_trans.o)
    0x00040460   0x00040460   0x00000378   Code   RO         2221    .text               bk3435_ble_mesh_log_warning.lib(aes_ccm.o)
    0x000407d8   0x000407d8   0x000001a8   Code   RO         2224    .text               bk3435_ble_mesh_log_warning.lib(aes_cmac.o)
    0x00040980   0x00040980   0x00000070   Code   RO         2227    .text               bk3435_ble_mesh_log_warning.lib(aes_k1.o)
    0x000409f0   0x000409f0   0x00000150   Code   RO         2229    .text               bk3435_ble_mesh_log_warning.lib(aes_k2.o)
    0x00040b40   0x00040b40   0x0000009c   Code   RO         2232    .text               bk3435_ble_mesh_log_warning.lib(aes_k3.o)
    0x00040bdc   0x00040bdc   0x000000a4   Code   RO         2235    .text               bk3435_ble_mesh_log_warning.lib(aes_k4.o)
    0x00040c80   0x00040c80   0x00000058   Code   RO         2238    .text               bk3435_ble_mesh_log_warning.lib(aes_s1.o)
    0x00040cd8   0x00040cd8   0x00000038   Code   RO         2243    .text               c_5.l(vsnprintf.o)
    0x00040d10   0x00040d10   0x0000004e   Code   RO         2308    .text               c_5.l(_printf_pad.o)
    0x00040d5e   0x00040d5e   0x0000002c   Code   RO         2310    .text               c_5.l(_printf_truncate.o)
    0x00040d8a   0x00040d8a   0x00000052   Code   RO         2312    .text               c_5.l(_printf_str.o)
    0x00040ddc   0x00040ddc   0x00000008   Ven    RO         2314    .text               c_5.l(_printf_dec.o)
    0x00040de4   0x00040de4   0x0000006c   Code   RO         2314    .text               c_5.l(_printf_dec.o)
    0x00040e50   0x00040e50   0x00000008   Ven    RO         2316    .text               c_5.l(_printf_charcount.o)
    0x00040e58   0x00040e58   0x00000026   Code   RO         2316    .text               c_5.l(_printf_charcount.o)
    0x00040e7e   0x00040e7e   0x00000002   PAD
    0x00040e80   0x00040e80   0x00000030   Code   RO         2318    .text               c_5.l(_printf_char_common.o)
    0x00040eb0   0x00040eb0   0x0000000a   Code   RO         2320    .text               c_5.l(_sputc.o)
    0x00040eba   0x00040eba   0x00000010   Code   RO         2322    .text               c_5.l(_snputc.o)
    0x00040eca   0x00040eca   0x00000002   PAD
    0x00040ecc   0x00040ecc   0x000000bc   Code   RO         2324    .text               c_5.l(_printf_wctomb.o)
    0x00040f88   0x00040f88   0x00000008   Ven    RO         2327    .text               c_5.l(_printf_longlong_dec.o)
    0x00040f90   0x00040f90   0x00000070   Code   RO         2327    .text               c_5.l(_printf_longlong_dec.o)
    0x00041000   0x00041000   0x00000008   Ven    RO         2333    .text               c_5.l(_printf_oct_int_ll.o)
    0x00041008   0x00041008   0x00000070   Code   RO         2333    .text               c_5.l(_printf_oct_int_ll.o)
    0x00041078   0x00041078   0x00000008   Ven    RO         2353    .text               c_5.l(_printf_hex_int_ll_ptr.o)
    0x00041080   0x00041080   0x00000098   Code   RO         2353    .text               c_5.l(_printf_hex_int_ll_ptr.o)
    0x00041118   0x00041118   0x00000188   Code   RO         2373    .text               c_5.l(__printf_flags_ss_wp.o)
    0x000412a0   0x000412a0   0x00000098   Code   RO         2441    .text               c_5.l(lludiv10.o)
    0x00041338   0x00041338   0x000000b0   Code   RO         2443    .text               c_5.l(_printf_intcommon.o)
    0x000413e8   0x000413e8   0x00000414   Code   RO         2445    .text               c_5.l(_printf_fp_dec.o)
    0x000417fc   0x000417fc   0x00000008   Ven    RO         2447    .text               c_5.l(_printf_fp_hex.o)
    0x00041804   0x00041804   0x000002d8   Code   RO         2447    .text               c_5.l(_printf_fp_hex.o)
    0x00041adc   0x00041adc   0x00000008   Ven    RO         2452    .text               c_5.l(_printf_char.o)
    0x00041ae4   0x00041ae4   0x0000002e   Code   RO         2452    .text               c_5.l(_printf_char.o)
    0x00041b12   0x00041b12   0x00000002   PAD
    0x00041b14   0x00041b14   0x00000008   Ven    RO         2454    .text               c_5.l(_printf_wchar.o)
    0x00041b1c   0x00041b1c   0x0000002e   Code   RO         2454    .text               c_5.l(_printf_wchar.o)
    0x00041b4a   0x00041b4a   0x00000040   Code   RO         2457    .text               c_5.l(_wcrtomb.o)
    0x00041b8a   0x00041b8a   0x00000002   PAD
    0x00041b8c   0x00041b8c   0x0000002c   Code   RO         2459    .text               c_5.l(rtudiv10.o)
    0x00041bb8   0x00041bb8   0x00000060   Code   RO         2465    .text               c_5.l(sys_stackheap_outer.o)
    0x00041c18   0x00041c18   0x00000014   Code   RO         2467    .text               c_5.l(rt_ctype_table.o)
    0x00041c2c   0x00041c2c   0x0000000c   Code   RO         2472    .text               c_5.l(rt_locale_intlibspace.o)
    0x00041c38   0x00041c38   0x00000088   Code   RO         2474    .text               c_5.l(_printf_fp_infnan.o)
    0x00041cc0   0x00041cc0   0x000000d8   Code   RO         2476    .text               c_5.l(bigflt0.o)
    0x00041d98   0x00041d98   0x00000010   Code   RO         2504    .text               c_5.l(exit.o)
    0x00041da8   0x00041da8   0x0000000c   Code   RO         2518    .text               c_5.l(libspace.o)
    0x00041db4   0x00041db4   0x000000f4   Code   RO         2526    .text               c_5.l(strcmp.o)
    0x00041ea8   0x00041ea8   0x0000000c   Code   RO         2584    .text               c_5.l(sys_exit.o)
    0x00041eb4   0x00041eb4   0x00000004   Code   RO         2595    .text               c_5.l(use_no_semi.o)
    0x00041eb8   0x00041eb8   0x00000000   Code   RO         2597    .text               c_5.l(indicate_semi.o)
    0x00041eb8   0x00041eb8   0x00000038   Code   RO         2479    CL$$btod_d2e        c_5.l(btod.o)
    0x00041ef0   0x00041ef0   0x00000054   Code   RO         2481    CL$$btod_d2e_denorm_low  c_5.l(btod.o)
    0x00041f44   0x00041f44   0x00000068   Code   RO         2480    CL$$btod_d2e_norm_op1  c_5.l(btod.o)
    0x00041fac   0x00041fac   0x00000348   Code   RO         2489    CL$$btod_div_common  c_5.l(btod.o)
    0x000422f4   0x000422f4   0x000000f4   Code   RO         2486    CL$$btod_e2e        c_5.l(btod.o)
    0x000423e8   0x000423e8   0x00000034   Code   RO         2483    CL$$btod_ediv       c_5.l(btod.o)
    0x0004241c   0x0004241c   0x00000034   Code   RO         2482    CL$$btod_emul       c_5.l(btod.o)
    0x00042450   0x00042450   0x00000264   Code   RO         2488    CL$$btod_mult_common  c_5.l(btod.o)
    0x000426b4   0x000426b4   0x00000008   Ven    RO         2671    Veneer$$Code        anon$$obj.o
    0x000426bc   0x000426bc   0x00000008   Ven    RO         2672    Veneer$$Code        anon$$obj.o
    0x000426c4   0x000426c4   0x00000008   Ven    RO         2673    Veneer$$Code        anon$$obj.o
    0x000426cc   0x000426cc   0x00000008   Ven    RO         2674    Veneer$$Code        anon$$obj.o
    0x000426d4   0x000426d4   0x00000008   Ven    RO         2675    Veneer$$Code        anon$$obj.o
    0x000426dc   0x000426dc   0x00000008   Ven    RO         2676    Veneer$$Code        anon$$obj.o
    0x000426e4   0x000426e4   0x0000003a   Code   RO         2081    i.__ARM_common_ctz  bk3435_ble_mesh_log_warning.lib(m_bcn.o)
    0x0004271e   0x0004271e   0x00000002   PAD
    0x00042720   0x00042720   0x00000030   Code   RO         2516    i.__ARM_fpclassify  m_5s.l(fpclassify.o)
    0x00042750   0x00042750   0x0000000e   Code   RO         2366    i._is_digit         c_5.l(__printf_wp.o)
    0x0004275e   0x0004275e   0x00000002   PAD
    0x00042760   0x00042760   0x0000012c   Code   RO         2300    i.ceil              m_5s.l(ceil.o)
    0x0004288c   0x0004288c   0x000000dc   Code   RO         2303    i.round             m_5s.l(round.o)
    0x00042968   0x00042968   0x00000048   Code   RO         2502    locale$$code        c_5.l(lc_numeric_c.o)
    0x000429b0   0x000429b0   0x00000048   Code   RO         2524    locale$$code        c_5.l(lc_ctype_c.o)
    0x000429f8   0x000429f8   0x0000006c   Code   RO         2251    x$fpl$d2f           fz_5s.l(d2f.o)
    0x00042a64   0x00042a64   0x00000154   Code   RO         2253    x$fpl$dadd          fz_5s.l(daddsub_clz.o)
    0x00042bb8   0x00042bb8   0x00000010   Code   RO         2399    x$fpl$dcheck1       fz_5s.l(dcheck1.o)
    0x00042bc8   0x00042bc8   0x0000001c   Code   RO         2461    x$fpl$dcmpinf       fz_5s.l(dcmpi.o)
    0x00042be4   0x00042be4   0x000002d0   Code   RO         2260    x$fpl$ddiv          fz_5s.l(ddiv.o)
    0x00042eb4   0x00042eb4   0x00000070   Code   RO         2263    x$fpl$dfixu         fz_5s.l(dfixu.o)
    0x00042f24   0x00042f24   0x00000034   Code   RO         2268    x$fpl$dflt          fz_5s.l(dflt_clz.o)
    0x00042f58   0x00042f58   0x0000002c   Code   RO         2267    x$fpl$dfltu         fz_5s.l(dflt_clz.o)
    0x00042f84   0x00042f84   0x00000094   Code   RO         2401    x$fpl$dleqf         fz_5s.l(dleqf.o)
    0x00043018   0x00043018   0x00000178   Code   RO         2273    x$fpl$dmul          fz_5s.l(dmul.o)
    0x00043190   0x00043190   0x000000b8   Code   RO         2403    x$fpl$dnaninf       fz_5s.l(dnaninf.o)
    0x00043248   0x00043248   0x00000010   Code   RO         2405    x$fpl$dretinf       fz_5s.l(dretinf.o)
    0x00043258   0x00043258   0x0000008c   Code   RO         2407    x$fpl$drleqf        fz_5s.l(drleqf.o)
    0x000432e4   0x000432e4   0x000000c0   Code   RO         2409    x$fpl$drnd          fz_5s.l(drnd.o)
    0x000433a4   0x000433a4   0x00000018   Code   RO         2254    x$fpl$drsb          fz_5s.l(daddsub_clz.o)
    0x000433bc   0x000433bc   0x00000200   Code   RO         2255    x$fpl$dsub          fz_5s.l(daddsub_clz.o)
    0x000435bc   0x000435bc   0x00000064   Code   RO         2275    x$fpl$f2d           fz_5s.l(f2d.o)
    0x00043620   0x00043620   0x000000c4   Code   RO         2277    x$fpl$fadd          fz_5s.l(faddsub_clz.o)
    0x000436e4   0x000436e4   0x0000000c   Code   RO         2411    x$fpl$fcheck1       fz_5s.l(fcheck1.o)
    0x000436f0   0x000436f0   0x00000190   Code   RO         2284    x$fpl$fdiv          fz_5s.l(fdiv.o)
    0x00043880   0x00043880   0x00000028   Code   RO         2287    x$fpl$ffltu         fz_5s.l(fflt_clz.o)
    0x000438a8   0x000438a8   0x00000100   Code   RO         2293    x$fpl$fmul          fz_5s.l(fmul.o)
    0x000439a8   0x000439a8   0x000000a0   Code   RO         2413    x$fpl$fnaninf       fz_5s.l(fnaninf.o)
    0x00043a48   0x00043a48   0x00000010   Code   RO         2415    x$fpl$fretinf       fz_5s.l(fretinf.o)
    0x00043a58   0x00043a58   0x00000014   Code   RO         2278    x$fpl$frsb          fz_5s.l(faddsub_clz.o)
    0x00043a6c   0x00043a6c   0x00000100   Code   RO         2279    x$fpl$fsub          fz_5s.l(faddsub_clz.o)
    0x00043b6c   0x00043b6c   0x00000008   Code   RO         2512    x$fpl$ieeestatus    fz_5s.l(istatus.o)
    0x00043b74   0x00043b74   0x00000004   Code   RO         2417    x$fpl$printf1       fz_5s.l(printf1.o)
    0x00043b78   0x00043b78   0x00000004   Code   RO         2419    x$fpl$printf2       fz_5s.l(printf2.o)
    0x00043b7c   0x00043b7c   0x00000074   Code   RO         2463    x$fpl$retnan        fz_5s.l(retnan.o)
    0x00043bf0   0x00043bf0   0x00000068   Code   RO         2295    x$fpl$scalbn        fz_5s.l(scalbn.o)
    0x00043c58   0x00043c58   0x0000005c   Code   RO         2297    x$fpl$scalbnf       fz_5s.l(scalbnf.o)
    0x00043cb4   0x00043cb4   0x0000003c   Code   RO         2514    x$fpl$trapveneer    fz_5s.l(trapv.o)
    0x00043cf0   0x00043cf0   0x00000000   Code   RO         2425    x$fpl$usenofp       fz_5s.l(usenofp.o)
    0x00043cf0   0x00043cf0   0x0000002e   Data   RO            7    .constdata          arch_main.o
    0x00043d1e   0x00043d1e   0x00000011   Data   RO          414    .constdata          mesh_log.o
    0x00043d2f   0x00043d2f   0x00000001   PAD
    0x00043d30   0x00043d30   0x00000038   Data   RO          910    .constdata          bass.o
    0x00043d68   0x00043d68   0x00000030   Data   RO          948    .constdata          bass_task.o
    0x00043d98   0x00043d98   0x00000008   Data   RO          949    .constdata          bass_task.o
    0x00043da0   0x00043da0   0x000000a8   Data   RO          986    .constdata          diss.o
    0x00043e48   0x00043e48   0x00000018   Data   RO         1019    .constdata          diss_task.o
    0x00043e60   0x00043e60   0x00000008   Data   RO         1020    .constdata          diss_task.o
    0x00043e68   0x00043e68   0x00000040   Data   RO         1056    .constdata          fff0s.o
    0x00043ea8   0x00043ea8   0x00000028   Data   RO         1078    .constdata          fff0s_task.o
    0x00043ed0   0x00043ed0   0x00000008   Data   RO         1079    .constdata          fff0s_task.o
    0x00043ed8   0x00043ed8   0x0000007e   Data   RO         1097    .constdata          oads.o
    0x00043f56   0x00043f56   0x00000002   PAD
    0x00043f58   0x00043f58   0x00000030   Data   RO         1128    .constdata          oads_task.o
    0x00043f88   0x00043f88   0x00000008   Data   RO         1129    .constdata          oads_task.o
    0x00043f90   0x00043f90   0x00000032   Data   RO         1130    .constdata          oads_task.o
    0x00043fc2   0x00043fc2   0x00000017   Data   RO         1193    .constdata          app_switch_server.o
    0x00043fd9   0x00043fd9   0x00000003   PAD
    0x00043fdc   0x00043fdc   0x00000036   Data   RO         1252    .constdata          app.o
    0x00044012   0x00044012   0x00000002   PAD
    0x00044014   0x00044014   0x00000020   Data   RO         1296    .constdata          app_batt.o
    0x00044034   0x00044034   0x00000008   Data   RO         1297    .constdata          app_batt.o
    0x0004403c   0x0004403c   0x00000008   Data   RO         1320    .constdata          app_dis.o
    0x00044044   0x00044044   0x00000008   Data   RO         1321    .constdata          app_dis.o
    0x0004404c   0x0004404c   0x00000028   Data   RO         1345    .constdata          app_fff0.o
    0x00044074   0x00044074   0x00000008   Data   RO         1346    .constdata          app_fff0.o
    0x0004407c   0x0004407c   0x0000001a   Data   RO         1347    .constdata          app_fff0.o
    0x00044096   0x00044096   0x00000002   PAD
    0x00044098   0x00044098   0x00000030   Data   RO         1371    .constdata          app_oads.o
    0x000440c8   0x000440c8   0x00000008   Data   RO         1372    .constdata          app_oads.o
    0x000440d0   0x000440d0   0x000000a8   Data   RO         1373    .constdata          app_oads.o
    0x00044178   0x00044178   0x00000088   Data   RO         1392    .constdata          app_task.o
    0x00044200   0x00044200   0x00000008   Data   RO         1393    .constdata          app_task.o
    0x00044208   0x00044208   0x000000b5   Data   RO         1394    .constdata          app_task.o
    0x000442bd   0x000442bd   0x00000003   PAD
    0x000442c0   0x000442c0   0x00000050   Data   RO         1421    .constdata          app_mesh.o
    0x00044310   0x00044310   0x00000008   Data   RO         1422    .constdata          app_mesh.o
    0x00044318   0x00044318   0x00000092   Data   RO         1423    .constdata          app_mesh.o
    0x000443aa   0x000443aa   0x00000002   PAD
    0x000443ac   0x000443ac   0x00000304   Data   RO         1501    .constdata          led.o
    0x000446b0   0x000446b0   0x00000014   Data   RO         1552    .constdata          oad_common.o
    0x000446c4   0x000446c4   0x00000013   Data   RO         1571    .constdata          mesh_general_api.o
    0x000446d7   0x000446d7   0x0000008b   Data   RO         1591    .constdata          m_api.o
    0x00044762   0x00044762   0x00000002   PAD
    0x00044764   0x00044764   0x00000048   Data   RO         1633    .constdata          m_api_msg.o
    0x000447ac   0x000447ac   0x00000004   Data   RO         1675    .constdata          mesh_api_msg.o
    0x000447b0   0x000447b0   0x00000037   Data   RO         1728    .constdata          mm_api_msg.o
    0x000447e7   0x000447e7   0x00000032   Data   RO         1831    .constdata          mm_vendors.o
    0x00044819   0x00044819   0x00000014   Data   RO         1855    .constdata          mm_gens.o
    0x0004482d   0x0004482d   0x0000009f   Data   RO         1896    .constdata          mm_gens_oo.o
    0x000448cc   0x000448cc   0x00000010   Data   RO         2056    .constdata          bk3435_ble_mesh_log_warning.lib(mal.o)
    0x000448dc   0x000448dc   0x0000000c   Data   RO         2060    .constdata          bk3435_ble_mesh_log_warning.lib(mal_adv.o)
    0x000448e8   0x000448e8   0x000000cf   Data   RO         2068    .constdata          bk3435_ble_mesh_log_warning.lib(mesh_tb_buf.o)
    0x000449b7   0x000449b7   0x00000001   PAD
    0x000449b8   0x000449b8   0x0000006e   Data   RO         2078    .constdata          bk3435_ble_mesh_log_warning.lib(m_bcn.o)
    0x00044a26   0x00044a26   0x00000002   PAD
    0x00044a28   0x00044a28   0x00000008   Data   RO         2084    .constdata          bk3435_ble_mesh_log_warning.lib(m_bearer.o)
    0x00044a30   0x00044a30   0x00000052   Data   RO         2085    .constdata          bk3435_ble_mesh_log_warning.lib(m_bearer.o)
    0x00044a82   0x00044a82   0x00000002   PAD
    0x00044a84   0x00044a84   0x0000007b   Data   RO         2091    .constdata          bk3435_ble_mesh_log_warning.lib(m_fnd_hlths.o)
    0x00044aff   0x00044aff   0x00000001   PAD
    0x00044b00   0x00044b00   0x00000008   Data   RO         2097    .constdata          bk3435_ble_mesh_log_warning.lib(m_lay_access.o)
    0x00044b08   0x00044b08   0x00000093   Data   RO         2098    .constdata          bk3435_ble_mesh_log_warning.lib(m_lay_access.o)
    0x00044b9b   0x00044b9b   0x00000001   PAD
    0x00044b9c   0x00044b9c   0x00000010   Data   RO         2103    .constdata          bk3435_ble_mesh_log_warning.lib(m_lay_proxy.o)
    0x00044bac   0x00044bac   0x000000d3   Data   RO         2104    .constdata          bk3435_ble_mesh_log_warning.lib(m_lay_proxy.o)
    0x00044c7f   0x00044c7f   0x00000001   PAD
    0x00044c80   0x00044c80   0x000002b0   Data   RO         2109    .constdata          bk3435_ble_mesh_log_warning.lib(m_prov.o)
    0x00044f30   0x00044f30   0x00000067   Data   RO         2114    .constdata          bk3435_ble_mesh_log_warning.lib(m_prov_bearer.o)
    0x00044f97   0x00044f97   0x000000b9   Data   RO         2120    .constdata          bk3435_ble_mesh_log_warning.lib(m_tb_key.o)
    0x00045050   0x00045050   0x0000004a   Data   RO         2125    .constdata          bk3435_ble_mesh_log_warning.lib(m_tb_mio.o)
    0x0004509a   0x0004509a   0x00000063   Data   RO         2129    .constdata          bk3435_ble_mesh_log_warning.lib(m_tb_store_nvds.o)
    0x000450fd   0x000450fd   0x000000ad   Data   RO         2134    .constdata          bk3435_ble_mesh_log_warning.lib(m_tb_state.o)
    0x000451aa   0x000451aa   0x000000d6   Data   RO         2141    .constdata          bk3435_ble_mesh_log_warning.lib(mm_tb_bind.o)
    0x00045280   0x00045280   0x00000010   Data   RO         2148    .constdata          bk3435_ble_mesh_log_warning.lib(mm_route.o)
    0x00045290   0x00045290   0x00000053   Data   RO         2149    .constdata          bk3435_ble_mesh_log_warning.lib(mm_route.o)
    0x000452e3   0x000452e3   0x00000028   Data   RO         2153    .constdata          bk3435_ble_mesh_log_warning.lib(mm_tb_state.o)
    0x0004530b   0x0004530b   0x0000000a   Data   RO         2158    .constdata          bk3435_ble_mesh_log_warning.lib(aes.o)
    0x00045315   0x00045315   0x00000001   PAD
    0x00045316   0x00045316   0x0000007d   Data   RO         2161    .constdata          bk3435_ble_mesh_log_warning.lib(mal_con.o)
    0x00045393   0x00045393   0x00000001   PAD
    0x00045394   0x00045394   0x00000010   Data   RO         2162    .constdata          bk3435_ble_mesh_log_warning.lib(mal_con.o)
    0x000453a4   0x000453a4   0x00000048   Data   RO         2169    .constdata          bk3435_ble_mesh_log_warning.lib(mal_task.o)
    0x000453ec   0x000453ec   0x00000008   Data   RO         2170    .constdata          bk3435_ble_mesh_log_warning.lib(mal_task.o)
    0x000453f4   0x000453f4   0x00000014   Data   RO         2174    .constdata          bk3435_ble_mesh_log_warning.lib(mesh_tb_sec.o)
    0x00045408   0x00045408   0x0000004b   Data   RO         2180    .constdata          bk3435_ble_mesh_log_warning.lib(m_bearer_adv.o)
    0x00045453   0x00045453   0x00000001   PAD
    0x00045454   0x00045454   0x00000092   Data   RO         2183    .constdata          bk3435_ble_mesh_log_warning.lib(m_bearer_gatt.o)
    0x000454e6   0x000454e6   0x00000002   PAD
    0x000454e8   0x000454e8   0x0000050a   Data   RO         2187    .constdata          bk3435_ble_mesh_log_warning.lib(m_fnd_confs.o)
    0x000459f2   0x000459f2   0x00000002   PAD
    0x000459f4   0x000459f4   0x00000008   Data   RO         2192    .constdata          bk3435_ble_mesh_log_warning.lib(m_lay_hb.o)
    0x000459fc   0x000459fc   0x00000004   Data   RO         2193    .constdata          bk3435_ble_mesh_log_warning.lib(m_lay_hb.o)
    0x00045a00   0x00045a00   0x0000000e   Data   RO         2194    .constdata          bk3435_ble_mesh_log_warning.lib(m_lay_hb.o)
    0x00045a0e   0x00045a0e   0x00000002   PAD
    0x00045a10   0x00045a10   0x00000004   Data   RO         2198    .constdata          bk3435_ble_mesh_log_warning.lib(m_lay_ltrans.o)
    0x00045a14   0x00045a14   0x00000010   Data   RO         2199    .constdata          bk3435_ble_mesh_log_warning.lib(m_lay_ltrans.o)
    0x00045a24   0x00045a24   0x0000005c   Data   RO         2200    .constdata          bk3435_ble_mesh_log_warning.lib(m_lay_ltrans.o)
    0x00045a80   0x00045a80   0x00000004   Data   RO         2205    .constdata          bk3435_ble_mesh_log_warning.lib(m_lay_net.o)
    0x00045a84   0x00045a84   0x00000010   Data   RO         2206    .constdata          bk3435_ble_mesh_log_warning.lib(m_lay_net.o)
    0x00045a94   0x00045a94   0x0000010b   Data   RO         2207    .constdata          bk3435_ble_mesh_log_warning.lib(m_lay_net.o)
    0x00045b9f   0x00045b9f   0x00000001   PAD
    0x00045ba0   0x00045ba0   0x00000004   Data   RO         2211    .constdata          bk3435_ble_mesh_log_warning.lib(m_lay_utrans.o)
    0x00045ba4   0x00045ba4   0x00000008   Data   RO         2212    .constdata          bk3435_ble_mesh_log_warning.lib(m_lay_utrans.o)
    0x00045bac   0x00045bac   0x000000b0   Data   RO         2213    .constdata          bk3435_ble_mesh_log_warning.lib(m_lay_utrans.o)
    0x00045c5c   0x00045c5c   0x0000017c   Data   RO         2218    .constdata          bk3435_ble_mesh_log_warning.lib(m_prov_adv_trans.o)
    0x00045dd8   0x00045dd8   0x00000008   Data   RO         2222    .constdata          bk3435_ble_mesh_log_warning.lib(aes_ccm.o)
    0x00045de0   0x00045de0   0x00000019   Data   RO         2225    .constdata          bk3435_ble_mesh_log_warning.lib(aes_cmac.o)
    0x00045df9   0x00045df9   0x00000010   Data   RO         2230    .constdata          bk3435_ble_mesh_log_warning.lib(aes_k2.o)
    0x00045e09   0x00045e09   0x0000001c   Data   RO         2233    .constdata          bk3435_ble_mesh_log_warning.lib(aes_k3.o)
    0x00045e25   0x00045e25   0x0000001b   Data   RO         2236    .constdata          bk3435_ble_mesh_log_warning.lib(aes_k4.o)
    0x00045e40   0x00045e40   0x00000007   Data   RO         2239    .constdata          bk3435_ble_mesh_log_warning.lib(aes_s1.o)
    0x00045e47   0x00045e47   0x00000001   PAD
    0x00045e48   0x00045e48   0x00000008   Data   RO         2325    .constdata          c_5.l(_printf_wctomb.o)
    0x00045e50   0x00045e50   0x00000028   Data   RO         2354    .constdata          c_5.l(_printf_hex_int_ll_ptr.o)
    0x00045e78   0x00045e78   0x00000011   Data   RO         2374    .constdata          c_5.l(__printf_flags_ss_wp.o)
    0x00045e89   0x00045e89   0x00000026   Data   RO         2448    .constdata          c_5.l(_printf_fp_hex.o)
    0x00045eaf   0x00045eaf   0x00000001   PAD
    0x00045eb0   0x00045eb0   0x00000094   Data   RO         2477    .constdata          c_5.l(bigflt0.o)
    0x00045f44   0x00045f44   0x00000107   Data   RO            8    .conststring        arch_main.o
    0x0004604b   0x0004604b   0x00000001   PAD
    0x0004604c   0x0004604c   0x00000043   Data   RO         1194    .conststring        app_switch_server.o
    0x0004608f   0x0004608f   0x00000001   PAD
    0x00046090   0x00046090   0x00000043   Data   RO         1253    .conststring        app.o
    0x000460d3   0x000460d3   0x00000001   PAD
    0x000460d4   0x000460d4   0x0000008e   Data   RO         1395    .conststring        app_task.o
    0x00046162   0x00046162   0x00000002   PAD
    0x00046164   0x00046164   0x000001a6   Data   RO         1424    .conststring        app_mesh.o
    0x0004630a   0x0004630a   0x00000002   PAD
    0x0004630c   0x0004630c   0x00000093   Data   RO         1502    .conststring        led.o
    0x0004639f   0x0004639f   0x00000001   PAD
    0x000463a0   0x000463a0   0x00000163   Data   RO         1832    .conststring        mm_vendors.o
    0x00046503   0x00046503   0x00000001   PAD
    0x00046504   0x00046504   0x0000004d   Data   RO         1856    .conststring        mm_gens.o
    0x00046551   0x00046551   0x00000003   PAD
    0x00046554   0x00046554   0x00000090   Data   RO         1897    .conststring        mm_gens_oo.o
    0x000465e4   0x000465e4   0x00000041   Data   RO         2069    .conststring        bk3435_ble_mesh_log_warning.lib(mesh_tb_buf.o)
    0x00046625   0x00046625   0x00000003   PAD
    0x00046628   0x00046628   0x0000019f   Data   RO         2099    .conststring        bk3435_ble_mesh_log_warning.lib(m_lay_access.o)
    0x000467c7   0x000467c7   0x00000001   PAD
    0x000467c8   0x000467c8   0x00000052   Data   RO         2105    .conststring        bk3435_ble_mesh_log_warning.lib(m_lay_proxy.o)
    0x0004681a   0x0004681a   0x00000002   PAD
    0x0004681c   0x0004681c   0x000001b1   Data   RO         2110    .conststring        bk3435_ble_mesh_log_warning.lib(m_prov.o)
    0x000469cd   0x000469cd   0x00000003   PAD
    0x000469d0   0x000469d0   0x00000048   Data   RO         2115    .conststring        bk3435_ble_mesh_log_warning.lib(m_prov_bearer.o)
    0x00046a18   0x00046a18   0x00000042   Data   RO         2121    .conststring        bk3435_ble_mesh_log_warning.lib(m_tb_key.o)
    0x00046a5a   0x00046a5a   0x00000002   PAD
    0x00046a5c   0x00046a5c   0x00000056   Data   RO         2130    .conststring        bk3435_ble_mesh_log_warning.lib(m_tb_store_nvds.o)
    0x00046ab2   0x00046ab2   0x00000002   PAD
    0x00046ab4   0x00046ab4   0x00000099   Data   RO         2135    .conststring        bk3435_ble_mesh_log_warning.lib(m_tb_state.o)
    0x00046b4d   0x00046b4d   0x00000003   PAD
    0x00046b50   0x00046b50   0x00000042   Data   RO         2171    .conststring        bk3435_ble_mesh_log_warning.lib(mal_task.o)
    0x00046b92   0x00046b92   0x00000002   PAD
    0x00046b94   0x00046b94   0x00000046   Data   RO         2184    .conststring        bk3435_ble_mesh_log_warning.lib(m_bearer_gatt.o)
    0x00046bda   0x00046bda   0x00000002   PAD
    0x00046bdc   0x00046bdc   0x000000db   Data   RO         2188    .conststring        bk3435_ble_mesh_log_warning.lib(m_fnd_confs.o)
    0x00046cb7   0x00046cb7   0x00000001   PAD
    0x00046cb8   0x00046cb8   0x00000042   Data   RO         2201    .conststring        bk3435_ble_mesh_log_warning.lib(m_lay_ltrans.o)
    0x00046cfa   0x00046cfa   0x00000002   PAD
    0x00046cfc   0x00046cfc   0x00000046   Data   RO         2214    .conststring        bk3435_ble_mesh_log_warning.lib(m_lay_utrans.o)
    0x00046d42   0x00046d42   0x00000002   PAD
    0x00046d44   0x00046d44   0x00000030   Data   RO         2650    Region$$Table       anon$$obj.o
    0x00046d74   0x00046d74   0x0000001c   Data   RO         2501    locale$$data        c_5.l(lc_numeric_c.o)
    0x00046d90   0x00046d90   0x00000110   Data   RO         2523    locale$$data        c_5.l(lc_ctype_c.o)


    Execution Region RAM_DATA (Exec base: 0x00400c00, Load base: 0x00046ea0, Size: 0x0000015c, Max: 0xffffffff, ABSOLUTE, COMPRESSED[0x00000054])

    Exec Addr    Load Addr    Size         Type   Attr      Idx    E Section Name        Object

    0x00400c00   COMPRESSED   0x00000008   Data   RW           10    .data               arch_main.o
    0x00400c08   COMPRESSED   0x00000002   Data   RW          637    .data               icu.o
    0x00400c0a   COMPRESSED   0x00000002   PAD
    0x00400c0c   COMPRESSED   0x00000018   Data   RW          695    .data               uart.o
    0x00400c24   COMPRESSED   0x00000008   Data   RW          792    .data               flash.o
    0x00400c2c   COMPRESSED   0x00000002   Data   RW          854    .data               wdt.o
    0x00400c2e   COMPRESSED   0x00000002   PAD
    0x00400c30   COMPRESSED   0x0000002c   Data   RW          873    .data               gpio.o
    0x00400c5c   COMPRESSED   0x00000008   Data   RW         1098    .data               oads.o
    0x00400c64   COMPRESSED   0x00000009   Data   RW         1197    .data               app_switch_server.o
    0x00400c6d   COMPRESSED   0x00000002   Data   RW         1298    .data               app_batt.o
    0x00400c6f   COMPRESSED   0x00000002   Data   RW         1348    .data               app_fff0.o
    0x00400c71   COMPRESSED   0x00000001   Data   RW         1374    .data               app_oads.o
    0x00400c72   COMPRESSED   0x00000001   Data   RW         1396    .data               app_task.o
    0x00400c73   COMPRESSED   0x00000001   Data   RW         1397    .data               app_task.o
    0x00400c74   COMPRESSED   0x0000000e   Data   RW         1425    .data               app_mesh.o
    0x00400c82   COMPRESSED   0x00000002   PAD
    0x00400c84   COMPRESSED   0x0000002a   Data   RW         1503    .data               led.o
    0x00400cae   COMPRESSED   0x00000002   PAD
    0x00400cb0   COMPRESSED   0x00000008   Data   RW         1592    .data               m_api.o
    0x00400cb8   COMPRESSED   0x00000004   Data   RW         1654    .data               mesh_api.o
    0x00400cbc   COMPRESSED   0x00000004   Data   RW         1707    .data               mm_api.o
    0x00400cc0   COMPRESSED   0x00000002   Data   RW         1833    .data               mm_vendors.o
    0x00400cc2   COMPRESSED   0x00000002   PAD
    0x00400cc4   COMPRESSED   0x00000026   Data   RW         2048    .data               bk3435_pn9_mode.lib(rf_pn9_test.o)
    0x00400cea   COMPRESSED   0x00000003   Data   RW         2053    .data               bk3435_ble_mesh_log_warning.lib(lld_adv_test.o)
    0x00400ced   COMPRESSED   0x00000003   PAD
    0x00400cf0   COMPRESSED   0x00000004   Data   RW         2057    .data               bk3435_ble_mesh_log_warning.lib(mal.o)
    0x00400cf4   COMPRESSED   0x00000004   Data   RW         2061    .data               bk3435_ble_mesh_log_warning.lib(mal_adv.o)
    0x00400cf8   COMPRESSED   0x00000004   Data   RW         2070    .data               bk3435_ble_mesh_log_warning.lib(mesh_tb_buf.o)
    0x00400cfc   COMPRESSED   0x00000004   Data   RW         2075    .data               bk3435_ble_mesh_log_warning.lib(mesh_tb_timer.o)
    0x00400d00   COMPRESSED   0x00000004   Data   RW         2079    .data               bk3435_ble_mesh_log_warning.lib(m_bcn.o)
    0x00400d04   COMPRESSED   0x00000004   Data   RW         2086    .data               bk3435_ble_mesh_log_warning.lib(m_bearer.o)
    0x00400d08   COMPRESSED   0x00000004   Data   RW         2092    .data               bk3435_ble_mesh_log_warning.lib(m_fnd_hlths.o)
    0x00400d0c   COMPRESSED   0x00000004   Data   RW         2100    .data               bk3435_ble_mesh_log_warning.lib(m_lay_access.o)
    0x00400d10   COMPRESSED   0x00000004   Data   RW         2106    .data               bk3435_ble_mesh_log_warning.lib(m_lay_proxy.o)
    0x00400d14   COMPRESSED   0x00000008   Data   RW         2111    .data               bk3435_ble_mesh_log_warning.lib(m_prov.o)
    0x00400d1c   COMPRESSED   0x00000004   Data   RW         2122    .data               bk3435_ble_mesh_log_warning.lib(m_tb_key.o)
    0x00400d20   COMPRESSED   0x00000004   Data   RW         2126    .data               bk3435_ble_mesh_log_warning.lib(m_tb_mio.o)
    0x00400d24   COMPRESSED   0x00000008   Data   RW         2131    .data               bk3435_ble_mesh_log_warning.lib(m_tb_store_nvds.o)
    0x00400d2c   COMPRESSED   0x00000004   Data   RW         2136    .data               bk3435_ble_mesh_log_warning.lib(m_tb_state.o)
    0x00400d30   COMPRESSED   0x00000004   Data   RW         2142    .data               bk3435_ble_mesh_log_warning.lib(mm_tb_bind.o)
    0x00400d34   COMPRESSED   0x00000004   Data   RW         2145    .data               bk3435_ble_mesh_log_warning.lib(mm_tb_replay.o)
    0x00400d38   COMPRESSED   0x00000004   Data   RW         2150    .data               bk3435_ble_mesh_log_warning.lib(mm_route.o)
    0x00400d3c   COMPRESSED   0x00000004   Data   RW         2154    .data               bk3435_ble_mesh_log_warning.lib(mm_tb_state.o)
    0x00400d40   COMPRESSED   0x00000004   Data   RW         2175    .data               bk3435_ble_mesh_log_warning.lib(mesh_tb_sec.o)
    0x00400d44   COMPRESSED   0x00000004   Data   RW         2189    .data               bk3435_ble_mesh_log_warning.lib(m_fnd_confs.o)
    0x00400d48   COMPRESSED   0x00000004   Data   RW         2195    .data               bk3435_ble_mesh_log_warning.lib(m_lay_hb.o)
    0x00400d4c   COMPRESSED   0x00000004   Data   RW         2202    .data               bk3435_ble_mesh_log_warning.lib(m_lay_ltrans.o)
    0x00400d50   COMPRESSED   0x00000004   Data   RW         2208    .data               bk3435_ble_mesh_log_warning.lib(m_lay_net.o)
    0x00400d54   COMPRESSED   0x00000004   Data   RW         2215    .data               bk3435_ble_mesh_log_warning.lib(m_lay_utrans.o)
    0x00400d58   COMPRESSED   0x00000001   Data   RW         2219    .data               bk3435_ble_mesh_log_warning.lib(m_prov_adv_trans.o)


    Execution Region RAM_BSS (Exec base: 0x00400d5c, Load base: 0x00046ef4, Size: 0x00006df8, Max: 0xffffffff, ABSOLUTE)

    Exec Addr    Load Addr    Size         Type   Attr      Idx    E Section Name        Object

    0x00400d5c        -       0x00000010   Zero   RW            6    .bss                arch_main.o
    0x00400d6c        -       0x00000081   Zero   RW          413    .bss                mesh_log.o
    0x00400ded   0x00046ef4   0x00000003   PAD
    0x00400df0        -       0x00005f54   Zero   RW          562    .bss                rwip.o
    0x00406d44        -       0x0000032c   Zero   RW          694    .bss                uart.o
    0x00407070        -       0x0000000c   Zero   RW          791    .bss                flash.o
    0x0040707c        -       0x00000040   Zero   RW          832    .bss                rf_xvr.o
    0x004070bc        -       0x00000028   Zero   RW          872    .bss                gpio.o
    0x004070e4        -       0x00000014   Zero   RW          892    .bss                pwm.o
    0x004070f8        -       0x000000c0   Zero   RW         1096    .bss                oads.o
    0x004071b8        -       0x000000f0   Zero   RW         1158    .bss                prf.o
    0x004072a8        -       0x00000078   Zero   RW         1192    .bss                app_switch_server.o
    0x00407320        -       0x00000028   Zero   RW         1251    .bss                app.o
    0x00407348        -       0x0000001c   Zero   RW         1420    .bss                app_mesh.o
    0x00407364        -       0x00000074   Zero   RW         1498    .bss                led.o
    0x004073d8        -       0x00000410   Zero   RW         1551    .bss                oad_common.o
    0x004077e8        -       0x00000030   Zero   RW         1689    .bss                mesh_param_int.o
    0x00407818        -       0x000001c4   Zero   RW         2051    .bss                bk3435_ble_mesh_log_warning.lib(lld_adv_test.o)
    0x004079dc        -       0x00000018   Zero   RW         2157    .bss                bk3435_ble_mesh_log_warning.lib(aes.o)
    0x004079f4        -       0x00000060   Zero   RW         2519    .bss                c_5.l(libspace.o)
    0x00407a54        -       0x00000100   Zero   RW          405    Myheap              boot_handlers.o


    Execution Region RAM_STACK_UNUSED (Exec base: 0x0040a4fc, Load base: 0x00046ef4, Size: 0x00000100, Max: 0x00000100, ABSOLUTE)

    Exec Addr    Load Addr    Size         Type   Attr      Idx    E Section Name        Object

    0x0040a4fc        -       0x00000100   Zero   RW            1    RAM_STACK_UNUSED.bss  anon$$obj.o


    Execution Region RAM_STACK_FIQ (Exec base: 0x0040a5fc, Load base: 0x00046ef4, Size: 0x00000500, Max: 0x00000500, ABSOLUTE)

    Exec Addr    Load Addr    Size         Type   Attr      Idx    E Section Name        Object

    0x0040a5fc        -       0x00000500   Zero   RW            2    RAM_STACK_FIQ.bss   anon$$obj.o


    Execution Region RAM_STACK_IRQ (Exec base: 0x0040aafc, Load base: 0x00046ef4, Size: 0x00000500, Max: 0x00000500, ABSOLUTE)

    Exec Addr    Load Addr    Size         Type   Attr      Idx    E Section Name        Object

    0x0040aafc        -       0x00000500   Zero   RW            3    RAM_STACK_IRQ.bss   anon$$obj.o


    Execution Region RAM_STACK_SVC (Exec base: 0x0040affc, Load base: 0x00046ef4, Size: 0x00001000, Max: 0x00001000, ABSOLUTE)

    Exec Addr    Load Addr    Size         Type   Attr      Idx    E Section Name        Object

    0x0040affc        -       0x00001000   Zero   RW            4    RAM_STACK_SVC.bss   anon$$obj.o


    Execution Region RAM_BSS_1 (Exec base: 0x00815500, Load base: 0x00046ef4, Size: 0x0000260c, Max: 0xffffffff, ABSOLUTE)

    Exec Addr    Load Addr    Size         Type   Attr      Idx    E Section Name        Object

    0x00815500        -       0x0000260c   Zero   RW          563    ke_heap             rwip.o


==============================================================================

Image component sizes


      Code (inc. data)   RO Data    RW Data    ZI Data      Debug   Object Name

       372         58        121          0         40       6480   app.o
       220         56         40          2          0       3623   app_batt.o
       300        126         16          0          0       2216   app_dis.o
       396        144         74          2          0       5643   app_fff0.o
      2676       1394        656         14         28      38611   app_mesh.o
      1488       1004          0          0          0       3851   app_mm_msg.o
       492        178        224          1          0       4735   app_oads.o
      1738        802         90          9        120       5857   app_switch_server.o
      2192       1044        467          2          0       9189   app_task.o
      1876       1026        309          8         16     134657   arch_main.o
      1092         86         56          0          0      12138   bass.o
       676         14         56          0          0      14851   bass_task.o
       512         80          0          0        256        416   boot_handlers.o
        92         32          0          0          0        364   boot_vectors.o
       384         12        168          0          0       8652   diss.o
       464          8         32          0          0      10664   diss_task.o
        24          4          0          0          0        567   emi.o
       528         50         64          0          0       6833   fff0s.o
       552          8         48          0          0       6300   fff0s_task.o
      1660        176          0          8         12       9228   flash.o
       792         22          0         44         40       4292   gpio.o
       424         36          0          2          0       3520   icu.o
       244         18          0          0          0       3880   intc.o
      3724       1330        919         42        116      14828   led.o
      1488        328        139          8          0      11789   m_api.o
      1572        196         72          0          0      10914   m_api_msg.o
       204         14          0          4          0       3546   mesh_api.o
       320         18          4          0          0       3883   mesh_api_msg.o
       680        402         19          0          0       4922   mesh_general_api.o
        92         10         17          0        129       1699   mesh_log.o
        64         10          0          0         48       1860   mesh_param_int.o
       568         68          0          4          0       6324   mm_api.o
       632         48         55          0          0       6637   mm_api_msg.o
       164         26         97          0          0       4504   mm_gens.o
      1656        584        303          0          0       6678   mm_gens_oo.o
      2780       1100        405          2          0      13110   mm_vendors.o
      1140        706         20          0       1040       5984   oad_common.o
      2248        720        126          8        192      11859   oads.o
       796        150        106          0          0      12391   oads_task.o
       796        176          0          0        240       5884   prf.o
        96          0          0          0          0       2373   prf_utils.o
       436         18          0          0         20       3474   pwm.o
      1192        260          0          0         64     110278   rf_xvr.o
       816         26          0          0          0     116956   rwble.o
        56          0          0          0          0        647   rwble_hl.o
      1092         98          0          0      34144     113650   rwip.o
        44          4          0          0          0       3537   timer.o
      1380        188          0         24        812      52876   uart.o
       140         10          0          2          0       1311   wdt.o

    ----------------------------------------------------------------------
     43476      12912       4780        196      44232     828481   Object Totals
        88         44         48          0       6912          0   (incl. Generated)
        18          0         29         10          3          0   (incl. Padding)

    ----------------------------------------------------------------------

      Code (inc. data)   RO Data    RW Data    ZI Data      Debug   Library Member Name

       544        124         10          0         24        308   aes.o
       888         58          8          0          0        216   aes_ccm.o
       424         46         25          0          0        140   aes_cmac.o
       112          6          0          0          0        108   aes_k1.o
       336         20         16          0          0        116   aes_k2.o
       156         46         28          0          0        100   aes_k3.o
       164         44         27          0          0        104   aes_k4.o
        88         48          7          0          0         72   aes_s1.o
      3776        734          0          3        452        452   lld_adv_test.o
      2762        402        110          4          0        796   m_bcn.o
      1516        378         90          4          0        524   m_bearer.o
      1032        150         75          0          0        368   m_bearer_adv.o
       972        286        216          0          0        376   m_bearer_gatt.o
        80          0          0          0          0        104   m_fnd.o
      8214       2104       1509          4          0       1524   m_fnd_confs.o
       924        120        123          4          0        480   m_fnd_hlths.o
       368         54          0          0          0        104   m_lay.o
      2800        956        570          4          0        532   m_lay_access.o
       504         56         26          4          0        380   m_lay_hb.o
      3452        530        178          4          0        624   m_lay_ltrans.o
      3674        528        287          4          0        900   m_lay_net.o
      3028        416        309          4          0        824   m_lay_proxy.o
      2220        586        258          4          0        540   m_lay_utrans.o
      6700       2198       1121          8          0       1440   m_prov.o
      2436        272        380          1          0        356   m_prov_adv_trans.o
       896        264        175          0          0        432   m_prov_bearer.o
       144          0          0          0          0        104   m_tb.o
      6236       1040        251          4          0       1672   m_tb_key.o
      2660        160         74          4          0       1224   m_tb_mio.o
      1636        256        326          4          0        992   m_tb_state.o
      3108        264        185          8          0        896   m_tb_store_nvds.o
       368         12         16          4          0        396   mal.o
       672         88         12          4          0        480   mal_adv.o
      2596        122        141          0          0        592   mal_con.o
       128         10          0          0          0        180   mal_djob.o
       444         14          0          0          0        476   mal_sec.o
       364         38        146          0          0        276   mal_task.o
       356         16          0          0          0        332   mal_timer.o
       160          6          0          0          0        128   mesh.o
       112          0          0          0          0        104   mesh_tb.o
      1648        358        272          4          0        624   mesh_tb_buf.o
       844        140         20          4          0        456   mesh_tb_sec.o
       424          8          0          4          0        384   mesh_tb_timer.o
       576        128         99          4          0        396   mm_route.o
       276         24          0          0          0        188   mm_tb.o
      2096        266        214          4          0        672   mm_tb_bind.o
       388          8          0          4          0        276   mm_tb_replay.o
       424         74         40          4          0        348   mm_tb_state.o
       764        190          0         38          0        344   rf_pn9_test.o
        92          0          0          0          0          0   __dczerorl2.o
         8          0          0          0          0         68   __main.o
       392          6         17          0          0         76   __printf_flags_ss_wp.o
        14          0          0          0          0         60   __printf_wp.o
         0          0          0          0          0          0   __rtentry.o
        44          4          0          0          0          0   __rtentry2.o
         8          0          0          0          0          0   __rtentry4.o
        60          8          0          0          0          0   __scatter.o
        44          0          0          0          0          0   __scatter_zi.o
         8          0          0          0          0          0   _printf_a.o
         8          0          0          0          0          0   _printf_c.o
        54          0          0          0          0        100   _printf_char.o
        48          6          0          0          0         88   _printf_char_common.o
        46          0          0          0          0         60   _printf_charcount.o
         8          0          0          0          0          0   _printf_d.o
       116         18          0          0          0         76   _printf_dec.o
         8          0          0          0          0          0   _printf_e.o
         8          0          0          0          0          0   _printf_f.o
      1044         12          0          0          0        176   _printf_fp_dec.o
       736         10         38          0          0         84   _printf_fp_hex.o
       136         16          0          0          0         76   _printf_fp_infnan.o
         8          0          0          0          0          0   _printf_g.o
       160          4         40          0          0        148   _printf_hex_int_ll_ptr.o
         8          0          0          0          0          0   _printf_i.o
       176          0          0          0          0         84   _printf_intcommon.o
        12          0          0          0          0          0   _printf_l.o
         8          0          0          0          0          0   _printf_lc.o
        12          0          0          0          0          0   _printf_ll.o
         8          0          0          0          0          0   _printf_lld.o
         8          0          0          0          0          0   _printf_lli.o
         8          0          0          0          0          0   _printf_llo.o
         8          0          0          0          0          0   _printf_llu.o
         8          0          0          0          0          0   _printf_llx.o
       120         18          0          0          0         76   _printf_longlong_dec.o
         8          0          0          0          0          0   _printf_ls.o
         8          0          0          0          0          0   _printf_n.o
         8          0          0          0          0          0   _printf_o.o
       120         10          0          0          0        112   _printf_oct_int_ll.o
         8          0          0          0          0          0   _printf_p.o
        78          0          0          0          0        100   _printf_pad.o
         0          0          0          0          0          0   _printf_percent.o
         8          0          0          0          0          0   _printf_percent_end.o
         8          0          0          0          0          0   _printf_s.o
        82          0          0          0          0         72   _printf_str.o
        44          0          0          0          0         76   _printf_truncate.o
         8          0          0          0          0          0   _printf_u.o
        54          0          0          0          0        100   _printf_wchar.o
       188          6          8          0          0         80   _printf_wctomb.o
         8          0          0          0          0          0   _printf_x.o
        16          0          0          0          0         60   _snputc.o
        10          0          0          0          0         60   _sputc.o
        64          0          0          0          0         72   _wcrtomb.o
       216          6        148          0          0         80   bigflt0.o
      2044        128          0          0          0        672   btod.o
        16          0          0          0          0         68   exit.o
         0          0          0          0          0          0   indicate_semi.o
        72          8        272          0          0         76   lc_ctype_c.o
        72          8         28          0          0         76   lc_numeric_c.o
         2          0          0          0          0          0   libinit.o
        30          0          0          0          0          0   libinit2.o
         2          0          0          0          0          0   libshutdown.o
         2          0          0          0          0          0   libshutdown2.o
        12          4          0          0         96         68   libspace.o
       152          0          0          0          0         80   lludiv10.o
        20          4          0          0          0         76   rt_ctype_table.o
        12          4          0          0          0         68   rt_locale_intlibspace.o
         4          0          0          0          0          0   rtexit.o
        12          0          0          0          0          0   rtexit2.o
        44          0          0          0          0         68   rtudiv10.o
       244          4          0          0          0         80   strcmp.o
        12          4          0          0          0         60   sys_exit.o
        96          0          0          0          0         80   sys_stackheap_outer.o
         4          0          0          0          0         68   use_no_semi.o
        56          6          0          0          0         72   vsnprintf.o
       108          4          0          0          0         92   d2f.o
       876         16          0          0          0        352   daddsub_clz.o
        16          4          0          0          0         68   dcheck1.o
        28          0          0          0          0         68   dcmpi.o
       720        140          0          0          0        208   ddiv.o
       112          4          0          0          0         92   dfixu.o
        96          0          0          0          0        136   dflt_clz.o
       148          4          0          0          0         92   dleqf.o
       376         16          0          0          0        104   dmul.o
       184          0          0          0          0         92   dnaninf.o
        16          0          0          0          0         68   dretinf.o
       140          0          0          0          0         80   drleqf.o
       192          4          0          0          0         80   drnd.o
       100          4          0          0          0         84   f2d.o
       472          8          0          0          0        236   faddsub_clz.o
        12          4          0          0          0         68   fcheck1.o
       400         76          0          0          0         96   fdiv.o
        40          0          0          0          0         68   fflt_clz.o
       256          4          0          0          0         84   fmul.o
       160          0          0          0          0         84   fnaninf.o
        16          0          0          0          0         68   fretinf.o
         8          0          0          0          0         68   istatus.o
         4          0          0          0          0         68   printf1.o
         4          0          0          0          0         68   printf2.o
       116          0          0          0          0         68   retnan.o
       104          0          0          0          0         68   scalbn.o
        92          0          0          0          0         68   scalbnf.o
        60          0          0          0          0         68   trapv.o
         0          0          0          0          0          0   usenofp.o
       300         20          0          0          0         84   ceil.o
        48          4          0          0          0         68   fpclassify.o
       220          4          0          0          0         88   round.o

    ----------------------------------------------------------------------
     87200      14258       7940        152        572      30092   Library Totals
        16          0         45          6          0          0   (incl. Padding)

    ----------------------------------------------------------------------

      Code (inc. data)   RO Data    RW Data    ZI Data      Debug   Library Name

     73726      13458       7344        108        476      23116   bk3435_ble_mesh_log_warning.lib
       764        190          0         38          0        344   bk3435_pn9_mode.lib
      7270        294        551          0         96       3596   c_5.l
      4856        288          0          0          0       2796   fz_5s.l
       568         28          0          0          0        240   m_5s.l

    ----------------------------------------------------------------------
     87200      14258       7940        152        572      30092   Library Totals

    ----------------------------------------------------------------------

==============================================================================


      Code (inc. data)   RO Data    RW Data    ZI Data      Debug   

    130676      27170      12720        348      44804     845233   Grand Totals
    130676      27170      12720         84      44804     845233   ELF Image Totals (compressed)
    130676      27170      12720         84          0          0   ROM Totals

==============================================================================

    Total RO  Size (Code + RO Data)               143396 ( 140.04kB)
    Total RW  Size (RW Data + ZI Data)             45152 (  44.09kB)
    Total ROM Size (Code + RO Data + RW Data)     143480 ( 140.12kB)

==============================================================================

