<html>
<body>
<pre>
<h1>µVision Build Log</h1>
<h2>Tool Versions:</h2>
IDE-Version: ¦ÌVision V5.26.2.0
Copyright (C) 2018 ARM Ltd and ARM Germany GmbH. All rights reserved.
License Information: Huang Yulong, Beken, LIC=8VRDY-IWGV8-2YKV0-BXUW4-Y0SQA-VKNDC
 
Tool Versions:
Toolchain:       MDK-ARM Plus  Version: 5.26.2.0
Toolchain Path:  D:\Software\Keil_v5\ARM\ARMCC\Bin
C Compiler:      Armcc.exe V5.06 update 6 (build 750)
Assembler:       Armasm.exe V5.06 update 6 (build 750)
Linker/Locator:  ArmLink.exe V5.06 update 6 (build 750)
Library Manager: ArmAr.exe V5.06 update 6 (build 750)
Hex Converter:   FromElf.exe V5.06 update 6 (build 750)
CPU DLL:         SARM.DLL V5.26.2.0
Dialog DLL:      DARMP3.DLL
Target DLL:      Segger\JLTAgdi.dll V1.61.0.0
Dialog DLL:      TARMP3.DLL V1.4.0.0
 
<h2>Project:</h2>
D:\code\bk3435_BLEMesh_DesignKit_v1.0.0\bk3435_BLEMesh_DesignKit\projects\ble_app_mesh_provisioner\bk3435.uvproj
Project File Date:  01/02/2020

<h2>Output:</h2>
*** Using Compiler 'V5.06 update 6 (build 750)', folder: 'D:\Software\Keil_v5\ARM\ARMCC\Bin'
Build target 'BK3435_app'
compiling mesh_log.c...
compiling icu.c...
compiling intc.c...
compiling arch_main.c...
compiling flash.c...
compiling rwble.c...
compiling rwip.c...
compiling gpio.c...
compiling fff0s.c...
compiling uart.c...
compiling fff0s_task.c...
compiling pwm.c...
compiling ali_config.c...
compiling prf.c...
compiling oads_task.c...
compiling app_fff0.c...
compiling oads.c...
compiling app.c...
compiling app_light_ali_server.c...
compiling oad_common.c...
compiling led.c...
compiling app_oads.c...
compiling mesh_api.c...
compiling mesh_api_msg.c...
compiling m_api_msg.c...
compiling app_mm_msg.c...
compiling app_task.c...
compiling app_mesh.c...
compiling mesh_general_api.c...
compiling mm_api.c...
compiling mm_api_msg.c...
compiling mesh_param_int.c...
compiling m_api.c...
compiling mm_gens_bat.c...
compiling mm_gens.c...
compiling m_fnd_Scenes.c...
compiling mm_vendors.c...
compiling m_fnd_Fw_Update.c...
compiling m_fnd_BLOB_Transfer.c...
compiling mm_gens_dtt.c...
compiling mm_gens_loc.c...
compiling mm_gens_lvl.c...
compiling mm_gens_plvl.c...
compiling mm_gens_poo.c...
compiling mm_gens_prop.c...
compiling mm_gens_oo.c...
compiling mm_lights.c...
compiling mm_lightc_xyl.c...
compiling mm_genc_prop.c...
compiling mm_lightc_ln.c...
compiling mm_lights_ctl.c...
compiling mm_lights_ln.c...
compiling mm_lightc_hsl.c...
compiling mm_lights_hsl.c...
compiling mm_lightc.c...
compiling mm_genc_poo.c...
compiling mm_lightc_ctl.c...
compiling mm_genc_plvl.c...
compiling mm_genc_oo.c...
compiling mm_genc_lvl.c...
compiling mm_genc_loc.c...
compiling mm_genc_bat.c...
compiling mm_genc_dtt.c...
compiling mm_genc.c...
compiling cli_krhino.c...
linking...
Program Size: Code=173548 RO-data=18176 RW-data=392 ZI-data=43768  
After Build - User command #1: fromelf --bin --output .\output\app\bk3435_ble_app.bin .\obj\bk3435_ble_app.axf
After Build - User command #2: .\output\encrypt_app.bat
D:\code\bk3435_BLEMesh_DesignKit_v1.0.0\bk3435_BLEMesh_DesignKit\projects\ble_app_mesh_provisioner>.\output\BinConvert_3435_OAD  -oad .\output\bim\bk3435_ble_bim.bin  .\output\stack\bk3435_ble_stack.bin  .\output\app\bk3435_ble_app.bin -m 0x2F00 -l 0x23E00 -v 0x1111 -rom_v 0x0007 -e 00000000 00000000 00000000 00000000 
cmd_bin_oad.stack_file_addr :0x2f00
binary version hex:0x1111; dec:4369
Arm Image Binary will be converted to OAD format binary file.....
cmd_bin_oad.stack_file_addr=2f00
boot_bin_len=2044
add stack bin start
        Encrypt Seccessfully!
        File Size: 0x57e9e
oad_stack_app_bin_len=54d00
oad_app_bin_len=31d10
8e cf b7 cf 11 11 44 c7 42 42 42 42 ff ff 07 00 /**< @CREATE_FILE_SUCCESS */
/**< @Download flash file:.\output\app\bk3435_ble_app_merge_crc.bin
/**< @OAD file :.\output\app\bk3435_ble_app_stack_oad.bin,CRC = 0xda0fa699
/**< @OAD file :.\output\app\bk3435_ble_app_oad.bin,CRC = 0xcfb7cf8e
/**< @author <gang.cheng@bekencorp.com> */
/**< @version v0.3 */
".\obj\bk3435_ble_app.axf" - 0 Error(s), 0 Warning(s).
Build Time Elapsed:  00:00:05
</pre>
</body>
</html>
